Archive member included to satisfy reference by file (symbol)

c:/intelfpga_lite/18.1/nios2eds/bin/gnu/h-x86_64-mingw32/bin/../lib/gcc/nios2-elf/5.3.0/mno-hw-mul\libgcc.a(lib2-divmod.o)
                              obj/default/main.o (__divsi3)
c:/intelfpga_lite/18.1/nios2eds/bin/gnu/h-x86_64-mingw32/bin/../lib/gcc/nios2-elf/5.3.0/mno-hw-mul\libgcc.a(muldf3.o)
                              obj/default/main.o (__muldf3)
c:/intelfpga_lite/18.1/nios2eds/bin/gnu/h-x86_64-mingw32/bin/../lib/gcc/nios2-elf/5.3.0/mno-hw-mul\libgcc.a(fixdfsi.o)
                              obj/default/main.o (__fixdfsi)
c:/intelfpga_lite/18.1/nios2eds/bin/gnu/h-x86_64-mingw32/bin/../lib/gcc/nios2-elf/5.3.0/mno-hw-mul\libgcc.a(floatsidf.o)
                              obj/default/main.o (__floatsidf)
c:/intelfpga_lite/18.1/nios2eds/bin/gnu/h-x86_64-mingw32/bin/../lib/gcc/nios2-elf/5.3.0/mno-hw-mul\libgcc.a(_clzsi2.o)
                              c:/intelfpga_lite/18.1/nios2eds/bin/gnu/h-x86_64-mingw32/bin/../lib/gcc/nios2-elf/5.3.0/mno-hw-mul\libgcc.a(muldf3.o) (__clzsi2)
c:/intelfpga_lite/18.1/nios2eds/bin/gnu/h-x86_64-mingw32/bin/../lib/gcc/nios2-elf/5.3.0/mno-hw-mul\libgcc.a(lib2-mul.o)
                              c:/intelfpga_lite/18.1/nios2eds/bin/gnu/h-x86_64-mingw32/bin/../lib/gcc/nios2-elf/5.3.0/mno-hw-mul\libgcc.a(muldf3.o) (__mulsi3)
c:/intelfpga_lite/18.1/nios2eds/bin/gnu/h-x86_64-mingw32/bin/../lib/gcc/nios2-elf/5.3.0/mno-hw-mul\libgcc.a(_clz.o)
                              c:/intelfpga_lite/18.1/nios2eds/bin/gnu/h-x86_64-mingw32/bin/../lib/gcc/nios2-elf/5.3.0/mno-hw-mul\libgcc.a(_clzsi2.o) (__clz_tab)
../bsp\libhal_bsp.a(alt_irq_register.o)
                              obj/default/main.o (alt_irq_register)
../bsp\libhal_bsp.a(alt_irq_vars.o)
                              ../bsp\libhal_bsp.a(alt_irq_register.o) (alt_irq_active)
../bsp\libhal_bsp.a(alt_load.o)
                              ../bsp/obj/HAL/src/crt0.o (alt_load)
../bsp\libhal_bsp.a(alt_main.o)
                              ../bsp/obj/HAL/src/crt0.o (alt_main)
../bsp\libhal_bsp.a(alt_sys_init.o)
                              ../bsp\libhal_bsp.a(alt_main.o) (alt_irq_init)
../bsp\libhal_bsp.a(altera_avalon_jtag_uart_fd.o)
                              ../bsp\libhal_bsp.a(alt_sys_init.o) (altera_avalon_jtag_uart_read_fd)
../bsp\libhal_bsp.a(altera_avalon_jtag_uart_init.o)
                              ../bsp\libhal_bsp.a(alt_sys_init.o) (altera_avalon_jtag_uart_init)
../bsp\libhal_bsp.a(altera_avalon_jtag_uart_ioctl.o)
                              ../bsp\libhal_bsp.a(altera_avalon_jtag_uart_fd.o) (altera_avalon_jtag_uart_ioctl)
../bsp\libhal_bsp.a(altera_avalon_jtag_uart_read.o)
                              ../bsp\libhal_bsp.a(altera_avalon_jtag_uart_fd.o) (altera_avalon_jtag_uart_read)
../bsp\libhal_bsp.a(altera_avalon_jtag_uart_write.o)
                              ../bsp\libhal_bsp.a(altera_avalon_jtag_uart_fd.o) (altera_avalon_jtag_uart_write)
../bsp\libhal_bsp.a(altera_avalon_timer_sc.o)
                              ../bsp\libhal_bsp.a(alt_sys_init.o) (alt_avalon_timer_sc_init)
../bsp\libhal_bsp.a(opencores_i2c.o)
                              obj/default/main.o (I2C_init)
../bsp\libhal_bsp.a(alt_alarm_start.o)
                              ../bsp\libhal_bsp.a(altera_avalon_jtag_uart_init.o) (alt_alarm_start)
../bsp\libhal_bsp.a(alt_close.o)
                              ../bsp\libhal_bsp.a(alt_main.o) (close)
../bsp\libhal_bsp.a(alt_dcache_flush_all.o)
                              ../bsp\libhal_bsp.a(alt_load.o) (alt_dcache_flush_all)
../bsp\libhal_bsp.a(alt_dev.o)
                              ../bsp\libhal_bsp.a(alt_sys_init.o) (alt_dev_list)
../bsp\libhal_bsp.a(alt_dev_llist_insert.o)
                              ../bsp\libhal_bsp.a(alt_sys_init.o) (alt_dev_llist_insert)
../bsp\libhal_bsp.a(alt_do_ctors.o)
                              ../bsp\libhal_bsp.a(alt_main.o) (_do_ctors)
../bsp\libhal_bsp.a(alt_do_dtors.o)
                              ../bsp\libhal_bsp.a(alt_main.o) (_do_dtors)
../bsp\libhal_bsp.a(alt_errno.o)
                              ../bsp\libhal_bsp.a(alt_close.o) (alt_errno)
../bsp\libhal_bsp.a(alt_icache_flush_all.o)
                              ../bsp\libhal_bsp.a(alt_load.o) (alt_icache_flush_all)
../bsp\libhal_bsp.a(alt_io_redirect.o)
                              ../bsp\libhal_bsp.a(alt_main.o) (alt_io_redirect)
../bsp\libhal_bsp.a(alt_irq_entry.o)
                              ../bsp\libhal_bsp.a(alt_irq_register.o) (alt_irq_entry)
../bsp\libhal_bsp.a(alt_irq_handler.o)
                              ../bsp\libhal_bsp.a(alt_irq_register.o) (alt_irq)
../bsp\libhal_bsp.a(alt_open.o)
                              ../bsp\libhal_bsp.a(alt_io_redirect.o) (open)
../bsp\libhal_bsp.a(alt_release_fd.o)
                              ../bsp\libhal_bsp.a(alt_close.o) (alt_release_fd)
../bsp\libhal_bsp.a(alt_tick.o)
                              ../bsp\libhal_bsp.a(altera_avalon_jtag_uart_init.o) (_alt_tick_rate)
[...]
Memory Configuration

Name             Origin             Length             Attributes
reset            0x0000000000010000 0x0000000000000020
onchip_memory2_0 0x0000000000010020 0x0000000000009c20
*default*        0x0000000000000000 0xffffffffffffffff

Linker script and memory map

LOAD ../bsp/obj/HAL/src/crt0.o
LOAD obj/default/main.o
LOAD c:/intelfpga_lite/18.1/nios2eds/bin/gnu/h-x86_64-mingw32/bin/../lib/gcc/nios2-elf/5.3.0/../../../../../H-x86_64-mingw32/nios2-elf/lib/mno-hw-mul\libstdc++.a
LOAD c:/intelfpga_lite/18.1/nios2eds/bin/gnu/h-x86_64-mingw32/bin/../lib/gcc/nios2-elf/5.3.0/../../../../../H-x86_64-mingw32/nios2-elf/lib/mno-hw-mul\libm.a
LOAD c:/intelfpga_lite/18.1/nios2eds/bin/gnu/h-x86_64-mingw32/bin/../lib/gcc/nios2-elf/5.3.0/mno-hw-mul\libgcc.a
START GROUP
LOAD c:/intelfpga_lite/18.1/nios2eds/bin/gnu/h-x86_64-mingw32/bin/../lib/gcc/nios2-elf/5.3.0/../../../../../H-x86_64-mingw32/nios2-elf/lib/mno-hw-mul\libc.a
LOAD c:/intelfpga_lite/18.1/nios2eds/bin/gnu/h-x86_64-mingw32/bin/../lib/gcc/nios2-elf/5.3.0/mno-hw-mul\libgcc.a
LOAD ../bsp\libhal_bsp.a
LOAD c:/intelfpga_lite/18.1/nios2eds/bin/gnu/h-x86_64-mingw32/bin/../lib/gcc/nios2-elf/5.3.0/../../../../../H-x86_64-mingw32/nios2-elf/lib/mno-hw-mul\libm.a
END GROUP
LOAD c:/intelfpga_lite/18.1/nios2eds/bin/gnu/h-x86_64-mingw32/bin/../lib/gcc/nios2-elf/5.3.0/mno-hw-mul\libgcc.a
                0x0000000000010000                __alt_mem_onchip_memory2_0 = 0x10000

.entry          0x0000000000010000       0x20
 *(.entry)
 .entry         0x0000000000010000       0x20 ../bsp/obj/HAL/src/crt0.o
                0x0000000000010000                __reset

.exceptions     0x0000000000010020      0x214
                0x0000000000010020                PROVIDE (__ram_exceptions_start, ABSOLUTE (.))
                0x0000000000010020                . = ALIGN (0x20)
 *(.irq)
 *(.exceptions.entry.label)
 .exceptions.entry.label
                0x0000000000010020        0x0 ../bsp\libhal_bsp.a(alt_irq_entry.o)
                0x0000000000010020                alt_irq_entry
 .exceptions.entry.label
                0x0000000000010020        0x0 ../bsp\libhal_bsp.a(alt_exception_entry.o)
                0x0000000000010020                alt_exception
 *(.exceptions.entry.user)
 *(.exceptions.entry.ecc_fatal)
 *(.exceptions.entry)
 .exceptions.entry
                0x0000000000010020       0x54 ../bsp\libhal_bsp.a(alt_exception_entry.o)
 *(.exceptions.irqtest.user)
 *(.exceptions.irqtest)
 .exceptions.irqtest
                0x0000000000010074       0x10 ../bsp\libhal_bsp.a(alt_irq_entry.o)
 *(.exceptions.irqhandler.user)
 *(.exceptions.irqhandler)
 .exceptions.irqhandler
                0x0000000000010084        0x4 ../bsp\libhal_bsp.a(alt_irq_entry.o)
 *(.exceptions.irqreturn.user)
 *(.exceptions.irqreturn)
 .exceptions.irqreturn
                0x0000000000010088        0x4 ../bsp\libhal_bsp.a(alt_irq_entry.o)
 *(.exceptions.notirq.label)
 .exceptions.notirq.label
                0x000000000001008c        0x0 ../bsp\libhal_bsp.a(alt_irq_entry.o)
 *(.exceptions.notirq.user)
 *(.exceptions.notirq)
 .exceptions.notirq
                0x000000000001008c        0x8 ../bsp\libhal_bsp.a(alt_exception_entry.o)
 *(.exceptions.soft.user)
 *(.exceptions.soft)
 *(.exceptions.unknown.user)
 *(.exceptions.unknown)
 .exceptions.unknown
                0x0000000000010094       0x14 ../bsp\libhal_bsp.a(alt_exception_entry.o)
 *(.exceptions.exit.label)
 .exceptions.exit.label
                0x00000000000100a8        0x0 ../bsp\libhal_bsp.a(alt_irq_entry.o)
 .exceptions.exit.label
                0x00000000000100a8        0x0 ../bsp\libhal_bsp.a(alt_exception_entry.o)
 *(.exceptions.exit.user)
 *(.exceptions.exit)
 .exceptions.exit
                0x00000000000100a8       0x54 ../bsp\libhal_bsp.a(alt_exception_entry.o)
 *(.exceptions)
 .exceptions    0x00000000000100fc       0xd8 ../bsp\libhal_bsp.a(alt_irq_handler.o)
                0x00000000000100fc                alt_irq_handler
 .exceptions    0x00000000000101d4       0x60 ../bsp\libhal_bsp.a(alt_instruction_exception_entry.o)
                0x00000000000101d4                alt_instruction_exception_entry
                0x0000000000010234                PROVIDE (__ram_exceptions_end, ABSOLUTE (.))
                0x0000000000010020                PROVIDE (__flash_exceptions_start, LOADADDR (.exceptions))

.text           0x0000000000010234     0x373c
                [!provide]                        PROVIDE (stext, ABSOLUTE (.))
 *(.interp)
 *(.hash)
 *(.dynsym)
 *(.dynstr)
 *(.gnu.version)
 *(.gnu.version_d)
 *(.gnu.version_r)
 *(.rel.init)
 *(.rela.init)
 *(.rel.text .rel.text.* .rel.gnu.linkonce.t.*)
 *(.rela.text .rela.text.* .rela.gnu.linkonce.t.*)
 *(.rel.fini)
 *(.rela.fini)
 *(.rel.rodata .rel.rodata.* .rel.gnu.linkonce.r.*)
 *(.rela.rodata .rela.rodata.* .rela.gnu.linkonce.r.*)
 *(.rel.data .rel.data.* .rel.gnu.linkonce.d.*)
 *(.rela.data .rela.data.* .rela.gnu.linkonce.d.*)
 *(.rel.tdata .rel.tdata.* .rel.gnu.linkonce.td.*)
 *(.rela.tdata .rela.tdata.* .rela.gnu.linkonce.td.*)
 *(.rel.tbss .rel.tbss.* .rel.gnu.linkonce.tb.*)
 *(.rela.tbss .rela.tbss.* .rela.gnu.linkonce.tb.*)
 *(.rel.ctors)
 *(.rela.ctors)
 *(.rel.dtors)
 *(.rela.dtors)
 *(.rel.got)
 *(.rela.got)
 *(.rel.sdata .rel.sdata.* .rel.gnu.linkonce.s.*)
 *(.rela.sdata .rela.sdata.* .rela.gnu.linkonce.s.*)
 *(.rel.sbss .rel.sbss.* .rel.gnu.linkonce.sb.*)
 *(.rela.sbss .rela.sbss.* .rela.gnu.linkonce.sb.*)
 *(.rel.sdata2 .rel.sdata2.* .rel.gnu.linkonce.s2.*)
 *(.rela.sdata2 .rela.sdata2.* .rela.gnu.linkonce.s2.*)
 *(.rel.sbss2 .rel.sbss2.* .rel.gnu.linkonce.sb2.*)
 *(.rela.sbss2 .rela.sbss2.* .rela.gnu.linkonce.sb2.*)
 *(.rel.bss .rel.bss.* .rel.gnu.linkonce.b.*)
 *(.rela.bss .rela.bss.* .rela.gnu.linkonce.b.*)
 *(.rel.plt)
 *(.rela.plt)
 *(.rel.dyn)
 *(.init)
 *(.plt)
 *(.text .stub .text.* .gnu.linkonce.t.*)
 .text          0x0000000000010234       0x3c ../bsp/obj/HAL/src/crt0.o
                0x0000000000010234                _start
 .text          0x0000000000010270      0x690 obj/default/main.o
                0x0000000000010270                acc_write
                0x00000000000102f0                acc_read
                0x000000000001036c                segment
                0x0000000000010838                main
 .text          0x0000000000010900      0x1b4 c:/intelfpga_lite/18.1/nios2eds/bin/gnu/h-x86_64-mingw32/bin/../lib/gcc/nios2-elf/5.3.0/mno-hw-mul\libgcc.a(lib2-divmod.o)
                0x0000000000010900                __divsi3
                0x0000000000010984                __modsi3
                0x00000000000109f8                __udivsi3
                0x0000000000010a5c                __umodsi3
 .text          0x0000000000010ab4      0x86c c:/intelfpga_lite/18.1/nios2eds/bin/gnu/h-x86_64-mingw32/bin/../lib/gcc/nios2-elf/5.3.0/mno-hw-mul\libgcc.a(muldf3.o)
                0x0000000000010ab4                __muldf3
 .text          0x0000000000011320       0x80 c:/intelfpga_lite/18.1/nios2eds/bin/gnu/h-x86_64-mingw32/bin/../lib/gcc/nios2-elf/5.3.0/mno-hw-mul\libgcc.a(fixdfsi.o)
                0x0000000000011320                __fixdfsi
 .text          0x00000000000113a0       0xdc c:/intelfpga_lite/18.1/nios2eds/bin/gnu/h-x86_64-mingw32/bin/../lib/gcc/nios2-elf/5.3.0/mno-hw-mul\libgcc.a(floatsidf.o)
                0x00000000000113a0                __floatsidf
 .text          0x000000000001147c       0x64 c:/intelfpga_lite/18.1/nios2eds/bin/gnu/h-x86_64-mingw32/bin/../lib/gcc/nios2-elf/5.3.0/mno-hw-mul\libgcc.a(_clzsi2.o)
                0x000000000001147c                __clzsi2
 .text          0x00000000000114e0       0x28 c:/intelfpga_lite/18.1/nios2eds/bin/gnu/h-x86_64-mingw32/bin/../lib/gcc/nios2-elf/5.3.0/mno-hw-mul\libgcc.a(lib2-mul.o)
                0x00000000000114e0                __mulsi3
 .text          0x0000000000011508        0x0 c:/intelfpga_lite/18.1/nios2eds/bin/gnu/h-x86_64-mingw32/bin/../lib/gcc/nios2-elf/5.3.0/mno-hw-mul\libgcc.a(_clz.o)
 .text          0x0000000000011508      0x180 ../bsp\libhal_bsp.a(alt_irq_register.o)
                0x0000000000011508                alt_irq_register
 .text          0x0000000000011688        0x0 ../bsp\libhal_bsp.a(alt_irq_vars.o)
 .text          0x0000000000011688       0xec ../bsp\libhal_bsp.a(alt_load.o)
                0x00000000000116f0                alt_load
 .text          0x0000000000011774       0x7c ../bsp\libhal_bsp.a(alt_main.o)
                0x0000000000011774                alt_main
 .text          0x00000000000117f0       0xcc ../bsp\libhal_bsp.a(alt_sys_init.o)
                0x0000000000011824                alt_irq_init
                0x000000000001185c                alt_sys_init
 .text          0x00000000000118bc      0x164 ../bsp\libhal_bsp.a(altera_avalon_jtag_uart_fd.o)
                0x00000000000118bc                altera_avalon_jtag_uart_read_fd
                0x000000000001191c                altera_avalon_jtag_uart_write_fd
                0x000000000001197c                altera_avalon_jtag_uart_close_fd
                0x00000000000119cc                altera_avalon_jtag_uart_ioctl_fd
 .text          0x0000000000011a20      0x3cc ../bsp\libhal_bsp.a(altera_avalon_jtag_uart_init.o)
                0x0000000000011a20                altera_avalon_jtag_uart_init
                0x0000000000011d84                altera_avalon_jtag_uart_close
 .text          0x0000000000011dec       0xf0 ../bsp\libhal_bsp.a(altera_avalon_jtag_uart_ioctl.o)
                0x0000000000011dec                altera_avalon_jtag_uart_ioctl
 .text          0x0000000000011edc      0x21c ../bsp\libhal_bsp.a(altera_avalon_jtag_uart_read.o)
                0x0000000000011edc                altera_avalon_jtag_uart_read
 .text          0x00000000000120f8      0x224 ../bsp\libhal_bsp.a(altera_avalon_jtag_uart_write.o)
                0x00000000000120f8                altera_avalon_jtag_uart_write
 .text          0x000000000001231c       0xf0 ../bsp\libhal_bsp.a(altera_avalon_timer_sc.o)
                0x0000000000012398                alt_avalon_timer_sc_init
 .text          0x000000000001240c      0x27c ../bsp\libhal_bsp.a(opencores_i2c.o)
                0x000000000001240c                I2C_init
                0x00000000000124c4                I2C_start
                0x0000000000012560                I2C_read
                0x00000000000125dc                I2C_write
 .text          0x0000000000012688      0x12c ../bsp\libhal_bsp.a(alt_alarm_start.o)
                0x0000000000012688                alt_alarm_start
 .text          0x00000000000127b4      0x114 ../bsp\libhal_bsp.a(alt_close.o)
                0x00000000000127f0                close
 .text          0x00000000000128c8       0x20 ../bsp\libhal_bsp.a(alt_dcache_flush_all.o)
                0x00000000000128c8                alt_dcache_flush_all
 .text          0x00000000000128e8       0x2c ../bsp\libhal_bsp.a(alt_dev.o)
 .text          0x0000000000012914       0xe0 ../bsp\libhal_bsp.a(alt_dev_llist_insert.o)
                0x0000000000012950                alt_dev_llist_insert
 .text          0x00000000000129f4       0x60 ../bsp\libhal_bsp.a(alt_do_ctors.o)
                0x00000000000129f4                _do_ctors
 .text          0x0000000000012a54       0x60 ../bsp\libhal_bsp.a(alt_do_dtors.o)
                0x0000000000012a54                _do_dtors
 .text          0x0000000000012ab4        0x0 ../bsp\libhal_bsp.a(alt_errno.o)
 .text          0x0000000000012ab4       0x20 ../bsp\libhal_bsp.a(alt_icache_flush_all.o)
                0x0000000000012ab4                alt_icache_flush_all
 .text          0x0000000000012ad4      0x160 ../bsp\libhal_bsp.a(alt_io_redirect.o)
                0x0000000000012bb8                alt_io_redirect
 .text          0x0000000000012c34        0x0 ../bsp\libhal_bsp.a(alt_irq_entry.o)
 .text          0x0000000000012c34        0x0 ../bsp\libhal_bsp.a(alt_irq_handler.o)
 .text          0x0000000000012c34      0x284 ../bsp\libhal_bsp.a(alt_open.o)
                0x0000000000012d5c                open
 .text          0x0000000000012eb8       0x84 ../bsp\libhal_bsp.a(alt_release_fd.o)
                0x0000000000012eb8                alt_release_fd
 .text          0x0000000000012f3c      0x1a4 ../bsp\libhal_bsp.a(alt_tick.o)
                0x0000000000012f3c                alt_alarm_stop
                0x0000000000012fd8                alt_tick
 .text          0x00000000000130e0       0x24 ../bsp\libhal_bsp.a(altera_nios2_gen2_irq.o)
                0x00000000000130e0                altera_nios2_gen2_irq_init
 .text          0x0000000000013104        0x0 ../bsp\libhal_bsp.a(alt_exception_entry.o)
 .text          0x0000000000013104       0x90 ../bsp\libhal_bsp.a(alt_find_dev.o)
                0x0000000000013104                alt_find_dev
 .text          0x0000000000013194      0x108 ../bsp\libhal_bsp.a(alt_find_file.o)
                0x0000000000013194                alt_find_file
 .text          0x000000000001329c       0xc4 ../bsp\libhal_bsp.a(alt_get_fd.o)
                0x000000000001329c                alt_get_fd
 .text          0x0000000000013360       0x9c ../bsp\libhal_bsp.a(alt_instruction_exception_entry.o)
                0x0000000000013360                alt_exception_cause_generated_bad_addr
 .text          0x00000000000133fc        0x0 c:/intelfpga_lite/18.1/nios2eds/bin/gnu/h-x86_64-mingw32/bin/../lib/gcc/nios2-elf/5.3.0/../../../../../H-x86_64-mingw32/nios2-elf/lib/mno-hw-mul\libc.a(lib_a-atexit.o)
 .text.atexit   0x00000000000133fc       0x14 c:/intelfpga_lite/18.1/nios2eds/bin/gnu/h-x86_64-mingw32/bin/../lib/gcc/nios2-elf/5.3.0/../../../../../H-x86_64-mingw32/nios2-elf/lib/mno-hw-mul\libc.a(lib_a-atexit.o)
                0x00000000000133fc                atexit
 .text          0x0000000000013410        0x0 c:/intelfpga_lite/18.1/nios2eds/bin/gnu/h-x86_64-mingw32/bin/../lib/gcc/nios2-elf/5.3.0/../../../../../H-x86_64-mingw32/nios2-elf/lib/mno-hw-mul\libc.a(lib_a-exit.o)
 .text.exit     0x0000000000013410       0x38 c:/intelfpga_lite/18.1/nios2eds/bin/gnu/h-x86_64-mingw32/bin/../lib/gcc/nios2-elf/5.3.0/../../../../../H-x86_64-mingw32/nios2-elf/lib/mno-hw-mul\libc.a(lib_a-exit.o)
                0x0000000000013410                exit
 .text          0x0000000000013448        0x0 c:/intelfpga_lite/18.1/nios2eds/bin/gnu/h-x86_64-mingw32/bin/../lib/gcc/nios2-elf/5.3.0/../../../../../H-x86_64-mingw32/nios2-elf/lib/mno-hw-mul\libc.a(lib_a-impure.o)
 .text          0x0000000000013448        0x0 c:/intelfpga_lite/18.1/nios2eds/bin/gnu/h-x86_64-mingw32/bin/../lib/gcc/nios2-elf/5.3.0/../../../../../H-x86_64-mingw32/nios2-elf/lib/mno-hw-mul\libc.a(lib_a-int_errno.o)
 .text          0x0000000000013448        0x0 c:/intelfpga_lite/18.1/nios2eds/bin/gnu/h-x86_64-mingw32/bin/../lib/gcc/nios2-elf/5.3.0/../../../../../H-x86_64-mingw32/nios2-elf/lib/mno-hw-mul\libc.a(lib_a-memcmp.o)
 .text.memcmp   0x0000000000013448       0x7c c:/intelfpga_lite/18.1/nios2eds/bin/gnu/h-x86_64-mingw32/bin/../lib/gcc/nios2-elf/5.3.0/../../../../../H-x86_64-mingw32/nios2-elf/lib/mno-hw-mul\libc.a(lib_a-memcmp.o)
                0x0000000000013448                memcmp
 .text          0x00000000000134c4        0x0 c:/intelfpga_lite/18.1/nios2eds/bin/gnu/h-x86_64-mingw32/bin/../lib/gcc/nios2-elf/5.3.0/../../../../../H-x86_64-mingw32/nios2-elf/lib/mno-hw-mul\libc.a(lib_a-memcpy.o)
 .text.memcpy   0x00000000000134c4      0x148 c:/intelfpga_lite/18.1/nios2eds/bin/gnu/h-x86_64-mingw32/bin/../lib/gcc/nios2-elf/5.3.0/../../../../../H-x86_64-mingw32/nios2-elf/lib/mno-hw-mul\libc.a(lib_a-memcpy.o)
                0x00000000000134c4                memcpy
 .text          0x000000000001360c        0x0 c:/intelfpga_lite/18.1/nios2eds/bin/gnu/h-x86_64-mingw32/bin/../lib/gcc/nios2-elf/5.3.0/../../../../../H-x86_64-mingw32/nios2-elf/lib/mno-hw-mul\libc.a(lib_a-strlen.o)
 .text.strlen   0x000000000001360c       0x98 c:/intelfpga_lite/18.1/nios2eds/bin/gnu/h-x86_64-mingw32/bin/../lib/gcc/nios2-elf/5.3.0/../../../../../H-x86_64-mingw32/nios2-elf/lib/mno-hw-mul\libc.a(lib_a-strlen.o)
                0x000000000001360c                strlen
 .text          0x00000000000136a4        0x0 c:/intelfpga_lite/18.1/nios2eds/bin/gnu/h-x86_64-mingw32/bin/../lib/gcc/nios2-elf/5.3.0/../../../../../H-x86_64-mingw32/nios2-elf/lib/mno-hw-mul\libc.a(lib_a-__atexit.o)
 .text.__register_exitproc
                0x00000000000136a4      0x118 c:/intelfpga_lite/18.1/nios2eds/bin/gnu/h-x86_64-mingw32/bin/../lib/gcc/nios2-elf/5.3.0/../../../../../H-x86_64-mingw32/nios2-elf/lib/mno-hw-mul\libc.a(lib_a-__atexit.o)
                0x00000000000136a4                __register_exitproc
 .text          0x00000000000137bc        0x0 c:/intelfpga_lite/18.1/nios2eds/bin/gnu/h-x86_64-mingw32/bin/../lib/gcc/nios2-elf/5.3.0/../../../../../H-x86_64-mingw32/nios2-elf/lib/mno-hw-mul\libc.a(lib_a-__call_atexit.o)
 .text.__call_exitprocs
                0x00000000000137bc      0x180 c:/intelfpga_lite/18.1/nios2eds/bin/gnu/h-x86_64-mingw32/bin/../lib/gcc/nios2-elf/5.3.0/../../../../../H-x86_64-mingw32/nios2-elf/lib/mno-hw-mul\libc.a(lib_a-__call_atexit.o)
                0x00000000000137bc                __call_exitprocs
 .text          0x000000000001393c       0x34 ../bsp\libhal_bsp.a(alt_exit.o)
                0x000000000001393c                _exit
 *(.gnu.warning.*)
 *(.fini)
                [!provide]                        PROVIDE (__etext, ABSOLUTE (.))
                [!provide]                        PROVIDE (_etext, ABSOLUTE (.))
                [!provide]                        PROVIDE (etext, ABSOLUTE (.))
 *(.eh_frame_hdr)
                0x0000000000013970                . = ALIGN (0x4)
                [!provide]                        PROVIDE (__preinit_array_start, ABSOLUTE (.))
 *(.preinit_array)
                [!provide]                        PROVIDE (__preinit_array_end, ABSOLUTE (.))
                [!provide]                        PROVIDE (__init_array_start, ABSOLUTE (.))
 *(.init_array)
                [!provide]                        PROVIDE (__init_array_end, ABSOLUTE (.))
                [!provide]                        PROVIDE (__fini_array_start, ABSOLUTE (.))
 *(.fini_array)
                [!provide]                        PROVIDE (__fini_array_end, ABSOLUTE (.))
 *(.eh_frame)
 *(.gcc_except_table .gcc_except_table.*)
 *(.dynamic)
                0x0000000000013970                PROVIDE (__CTOR_LIST__, ABSOLUTE (.))
 *(.ctors)
 *(SORT(.ctors.*))
                0x0000000000013970                PROVIDE (__CTOR_END__, ABSOLUTE (.))
                0x0000000000013970                PROVIDE (__DTOR_LIST__, ABSOLUTE (.))
 *(.dtors)
 *(SORT(.dtors.*))
                0x0000000000013970                PROVIDE (__DTOR_END__, ABSOLUTE (.))
 *(.jcr)
                0x0000000000013970                . = ALIGN (0x4)

.rodata         0x0000000000013970      0x138
                0x0000000000013970                PROVIDE (__ram_rodata_start, ABSOLUTE (.))
                0x0000000000013970                . = ALIGN (0x4)
 *(.rodata .rodata.* .gnu.linkonce.r.*)
 .rodata        0x0000000000013970      0x100 c:/intelfpga_lite/18.1/nios2eds/bin/gnu/h-x86_64-mingw32/bin/../lib/gcc/nios2-elf/5.3.0/mno-hw-mul\libgcc.a(_clz.o)
                0x0000000000013970                __clz_tab
 .rodata        0x0000000000013a70       0x11 ../bsp\libhal_bsp.a(alt_main.o)
 *fill*         0x0000000000013a81        0x3 
 .rodata        0x0000000000013a84       0x11 ../bsp\libhal_bsp.a(alt_sys_init.o)
 *fill*         0x0000000000013a95        0x3 
 .rodata        0x0000000000013a98        0xa ../bsp\libhal_bsp.a(alt_dev.o)
 *fill*         0x0000000000013aa2        0x2 
 .rodata.str1.4
                0x0000000000013aa4        0x4 c:/intelfpga_lite/18.1/nios2eds/bin/gnu/h-x86_64-mingw32/bin/../lib/gcc/nios2-elf/5.3.0/../../../../../H-x86_64-mingw32/nios2-elf/lib/mno-hw-mul\libc.a(lib_a-impure.o)
                                          0x2 (size before relaxing)
 *(.rodata1)
                0x0000000000013aa8                . = ALIGN (0x4)
                0x0000000000013aa8                PROVIDE (__ram_rodata_end, ABSOLUTE (.))
                0x0000000000013970                PROVIDE (__flash_rodata_start, LOADADDR (.rodata))

.rwdata         0x0000000000013aa8     0x1658 load address 0x0000000000015100
                0x0000000000013aa8                PROVIDE (__ram_rwdata_start, ABSOLUTE (.))
                0x0000000000013aa8                . = ALIGN (0x4)
 *(.got.plt)
 *(.got)
 *(.data1)
 *(.data .data.* .gnu.linkonce.d.*)
 .data          0x0000000000013aa8        0x0 ../bsp/obj/HAL/src/crt0.o
 .data          0x0000000000013aa8        0x0 obj/default/main.o
 .data          0x0000000000013aa8        0x0 c:/intelfpga_lite/18.1/nios2eds/bin/gnu/h-x86_64-mingw32/bin/../lib/gcc/nios2-elf/5.3.0/mno-hw-mul\libgcc.a(lib2-divmod.o)
 .data          0x0000000000013aa8        0x0 c:/intelfpga_lite/18.1/nios2eds/bin/gnu/h-x86_64-mingw32/bin/../lib/gcc/nios2-elf/5.3.0/mno-hw-mul\libgcc.a(muldf3.o)
 .data          0x0000000000013aa8        0x0 c:/intelfpga_lite/18.1/nios2eds/bin/gnu/h-x86_64-mingw32/bin/../lib/gcc/nios2-elf/5.3.0/mno-hw-mul\libgcc.a(fixdfsi.o)
 .data          0x0000000000013aa8        0x0 c:/intelfpga_lite/18.1/nios2eds/bin/gnu/h-x86_64-mingw32/bin/../lib/gcc/nios2-elf/5.3.0/mno-hw-mul\libgcc.a(floatsidf.o)
 .data          0x0000000000013aa8        0x0 c:/intelfpga_lite/18.1/nios2eds/bin/gnu/h-x86_64-mingw32/bin/../lib/gcc/nios2-elf/5.3.0/mno-hw-mul\libgcc.a(_clzsi2.o)
 .data          0x0000000000013aa8        0x0 c:/intelfpga_lite/18.1/nios2eds/bin/gnu/h-x86_64-mingw32/bin/../lib/gcc/nios2-elf/5.3.0/mno-hw-mul\libgcc.a(lib2-mul.o)
 .data          0x0000000000013aa8        0x0 c:/intelfpga_lite/18.1/nios2eds/bin/gnu/h-x86_64-mingw32/bin/../lib/gcc/nios2-elf/5.3.0/mno-hw-mul\libgcc.a(_clz.o)
 .data          0x0000000000013aa8        0x0 ../bsp\libhal_bsp.a(alt_irq_register.o)
 .data          0x0000000000013aa8        0x0 ../bsp\libhal_bsp.a(alt_irq_vars.o)
 .data          0x0000000000013aa8        0x0 ../bsp\libhal_bsp.a(alt_load.o)
 .data          0x0000000000013aa8        0x0 ../bsp\libhal_bsp.a(alt_main.o)
 .data          0x0000000000013aa8     0x1060 ../bsp\libhal_bsp.a(alt_sys_init.o)
 .data          0x0000000000014b08        0x0 ../bsp\libhal_bsp.a(altera_avalon_jtag_uart_fd.o)
 .data          0x0000000000014b08        0x0 ../bsp\libhal_bsp.a(altera_avalon_jtag_uart_init.o)
 .data          0x0000000000014b08        0x0 ../bsp\libhal_bsp.a(altera_avalon_jtag_uart_ioctl.o)
 .data          0x0000000000014b08        0x0 ../bsp\libhal_bsp.a(altera_avalon_jtag_uart_read.o)
 .data          0x0000000000014b08        0x0 ../bsp\libhal_bsp.a(altera_avalon_jtag_uart_write.o)
 .data          0x0000000000014b08        0x0 ../bsp\libhal_bsp.a(altera_avalon_timer_sc.o)
 .data          0x0000000000014b08        0x0 ../bsp\libhal_bsp.a(opencores_i2c.o)
 .data          0x0000000000014b08        0x0 ../bsp\libhal_bsp.a(alt_alarm_start.o)
 .data          0x0000000000014b08        0x0 ../bsp\libhal_bsp.a(alt_close.o)
 .data          0x0000000000014b08        0x0 ../bsp\libhal_bsp.a(alt_dcache_flush_all.o)
 .data          0x0000000000014b08      0x1a8 ../bsp\libhal_bsp.a(alt_dev.o)
                0x0000000000014b08                alt_dev_null
                0x0000000000014b30                alt_fd_list
 .data          0x0000000000014cb0        0x0 ../bsp\libhal_bsp.a(alt_dev_llist_insert.o)
 .data          0x0000000000014cb0        0x0 ../bsp\libhal_bsp.a(alt_do_ctors.o)
 .data          0x0000000000014cb0        0x0 ../bsp\libhal_bsp.a(alt_do_dtors.o)
 .data          0x0000000000014cb0        0x0 ../bsp\libhal_bsp.a(alt_errno.o)
 .data          0x0000000000014cb0        0x0 ../bsp\libhal_bsp.a(alt_icache_flush_all.o)
 .data          0x0000000000014cb0        0x0 ../bsp\libhal_bsp.a(alt_io_redirect.o)
 .data          0x0000000000014cb0        0x0 ../bsp\libhal_bsp.a(alt_irq_entry.o)
 .data          0x0000000000014cb0        0x0 ../bsp\libhal_bsp.a(alt_irq_handler.o)
 .data          0x0000000000014cb0        0x0 ../bsp\libhal_bsp.a(alt_open.o)
 .data          0x0000000000014cb0        0x0 ../bsp\libhal_bsp.a(alt_release_fd.o)
 .data          0x0000000000014cb0        0x0 ../bsp\libhal_bsp.a(alt_tick.o)
 .data          0x0000000000014cb0        0x0 ../bsp\libhal_bsp.a(altera_nios2_gen2_irq.o)
 .data          0x0000000000014cb0        0x0 ../bsp\libhal_bsp.a(alt_exception_entry.o)
 .data          0x0000000000014cb0        0x0 ../bsp\libhal_bsp.a(alt_find_dev.o)
 .data          0x0000000000014cb0        0x0 ../bsp\libhal_bsp.a(alt_find_file.o)
 .data          0x0000000000014cb0        0x0 ../bsp\libhal_bsp.a(alt_get_fd.o)
 .data          0x0000000000014cb0        0x0 ../bsp\libhal_bsp.a(alt_instruction_exception_entry.o)
 .data          0x0000000000014cb0        0x0 c:/intelfpga_lite/18.1/nios2eds/bin/gnu/h-x86_64-mingw32/bin/../lib/gcc/nios2-elf/5.3.0/../../../../../H-x86_64-mingw32/nios2-elf/lib/mno-hw-mul\libc.a(lib_a-atexit.o)
 .data          0x0000000000014cb0        0x0 c:/intelfpga_lite/18.1/nios2eds/bin/gnu/h-x86_64-mingw32/bin/../lib/gcc/nios2-elf/5.3.0/../../../../../H-x86_64-mingw32/nios2-elf/lib/mno-hw-mul\libc.a(lib_a-exit.o)
 .data          0x0000000000014cb0        0x0 c:/intelfpga_lite/18.1/nios2eds/bin/gnu/h-x86_64-mingw32/bin/../lib/gcc/nios2-elf/5.3.0/../../../../../H-x86_64-mingw32/nios2-elf/lib/mno-hw-mul\libc.a(lib_a-impure.o)
 .data.impure_data
                0x0000000000014cb0      0x424 c:/intelfpga_lite/18.1/nios2eds/bin/gnu/h-x86_64-mingw32/bin/../lib/gcc/nios2-elf/5.3.0/../../../../../H-x86_64-mingw32/nios2-elf/lib/mno-hw-mul\libc.a(lib_a-impure.o)
 .data          0x00000000000150d4        0x0 c:/intelfpga_lite/18.1/nios2eds/bin/gnu/h-x86_64-mingw32/bin/../lib/gcc/nios2-elf/5.3.0/../../../../../H-x86_64-mingw32/nios2-elf/lib/mno-hw-mul\libc.a(lib_a-int_errno.o)
 .data          0x00000000000150d4        0x0 c:/intelfpga_lite/18.1/nios2eds/bin/gnu/h-x86_64-mingw32/bin/../lib/gcc/nios2-elf/5.3.0/../../../../../H-x86_64-mingw32/nios2-elf/lib/mno-hw-mul\libc.a(lib_a-memcmp.o)
 .data          0x00000000000150d4        0x0 c:/intelfpga_lite/18.1/nios2eds/bin/gnu/h-x86_64-mingw32/bin/../lib/gcc/nios2-elf/5.3.0/../../../../../H-x86_64-mingw32/nios2-elf/lib/mno-hw-mul\libc.a(lib_a-memcpy.o)
 .data          0x00000000000150d4        0x0 c:/intelfpga_lite/18.1/nios2eds/bin/gnu/h-x86_64-mingw32/bin/../lib/gcc/nios2-elf/5.3.0/../../../../../H-x86_64-mingw32/nios2-elf/lib/mno-hw-mul\libc.a(lib_a-strlen.o)
 .data          0x00000000000150d4        0x0 c:/intelfpga_lite/18.1/nios2eds/bin/gnu/h-x86_64-mingw32/bin/../lib/gcc/nios2-elf/5.3.0/../../../../../H-x86_64-mingw32/nios2-elf/lib/mno-hw-mul\libc.a(lib_a-__atexit.o)
 .data          0x00000000000150d4        0x0 c:/intelfpga_lite/18.1/nios2eds/bin/gnu/h-x86_64-mingw32/bin/../lib/gcc/nios2-elf/5.3.0/../../../../../H-x86_64-mingw32/nios2-elf/lib/mno-hw-mul\libc.a(lib_a-__call_atexit.o)
 .data          0x00000000000150d4        0x0 ../bsp\libhal_bsp.a(alt_exit.o)
                0x000000000001d0d4                _gp = ABSOLUTE ((. + 0x8000))
                [!provide]                        PROVIDE (gp, _gp)
 *(.rwdata .rwdata.*)
 *(.sdata .sdata.* .gnu.linkonce.s.*)
 .sdata         0x00000000000150d4        0x4 ../bsp\libhal_bsp.a(alt_irq_vars.o)
                0x00000000000150d4                alt_priority_mask
 .sdata         0x00000000000150d8       0x14 ../bsp\libhal_bsp.a(alt_dev.o)
                0x00000000000150d8                alt_fs_list
                0x00000000000150e0                alt_dev_list
                0x00000000000150e8                alt_max_fd
 .sdata         0x00000000000150ec        0x4 ../bsp\libhal_bsp.a(alt_errno.o)
                0x00000000000150ec                alt_errno
 .sdata         0x00000000000150f0        0x8 ../bsp\libhal_bsp.a(alt_tick.o)
                0x00000000000150f0                alt_alarm_list
 .sdata._global_impure_ptr
                0x00000000000150f8        0x4 c:/intelfpga_lite/18.1/nios2eds/bin/gnu/h-x86_64-mingw32/bin/../lib/gcc/nios2-elf/5.3.0/../../../../../H-x86_64-mingw32/nios2-elf/lib/mno-hw-mul\libc.a(lib_a-impure.o)
                0x00000000000150f8                _global_impure_ptr
 .sdata._impure_ptr
                0x00000000000150fc        0x4 c:/intelfpga_lite/18.1/nios2eds/bin/gnu/h-x86_64-mingw32/bin/../lib/gcc/nios2-elf/5.3.0/../../../../../H-x86_64-mingw32/nios2-elf/lib/mno-hw-mul\libc.a(lib_a-impure.o)
                0x00000000000150fc                _impure_ptr
 *(.sdata2 .sdata2.* .gnu.linkonce.s2.*)
                0x0000000000015100                . = ALIGN (0x4)
                0x0000000000015100                _edata = ABSOLUTE (.)
                [!provide]                        PROVIDE (edata, ABSOLUTE (.))
                0x0000000000015100                PROVIDE (__ram_rwdata_end, ABSOLUTE (.))
                0x0000000000015100                PROVIDE (__flash_rwdata_start, LOADADDR (.rwdata))

.bss            0x0000000000016758      0x134
                0x0000000000016758                __bss_start = ABSOLUTE (.)
                [!provide]                        PROVIDE (__sbss_start, ABSOLUTE (.))
                [!provide]                        PROVIDE (___sbss_start, ABSOLUTE (.))
 *(.dynsbss)
 *(.sbss .sbss.* .gnu.linkonce.sb.*)
 .sbss          0x0000000000016758        0xe obj/default/main.o
                0x0000000000016758                DATAX
                0x000000000001675a                DATAY
                0x000000000001675c                DATAZ
                0x000000000001675e                data
                0x0000000000016764                cpt
                0x0000000000016765                signe
 .sbss          0x0000000000016766        0x5 obj/default/main.o
                0x0000000000016766                seg2
                0x0000000000016767                seg1
                0x0000000000016768                seg4
                0x0000000000016769                seg0
                0x000000000001676a                seg3
 *fill*         0x000000000001676b        0x1 
 .sbss          0x000000000001676c        0x4 ../bsp\libhal_bsp.a(alt_irq_vars.o)
                0x000000000001676c                alt_irq_active
 .sbss          0x0000000000016770        0xc ../bsp\libhal_bsp.a(alt_main.o)
                0x0000000000016770                alt_argc
                0x0000000000016774                alt_argv
                0x0000000000016778                alt_envp
 .sbss          0x000000000001677c        0x8 ../bsp\libhal_bsp.a(alt_tick.o)
                0x000000000001677c                _alt_tick_rate
                0x0000000000016780                _alt_nticks
 .sbss          0x0000000000016784        0x4 ../bsp\libhal_bsp.a(alt_instruction_exception_entry.o)
                0x0000000000016784                alt_instruction_exception_handler
 .sbss          0x0000000000016788        0x4 c:/intelfpga_lite/18.1/nios2eds/bin/gnu/h-x86_64-mingw32/bin/../lib/gcc/nios2-elf/5.3.0/../../../../../H-x86_64-mingw32/nios2-elf/lib/mno-hw-mul\libc.a(lib_a-int_errno.o)
                0x0000000000016788                errno
 *(.sbss2 .sbss2.* .gnu.linkonce.sb2.*)
 *(.scommon)
                [!provide]                        PROVIDE (__sbss_end, ABSOLUTE (.))
                [!provide]                        PROVIDE (___sbss_end, ABSOLUTE (.))
 *(.dynbss)
 *(.bss .bss.* .gnu.linkonce.b.*)
 .bss           0x000000000001678c        0x0 ../bsp/obj/HAL/src/crt0.o
 .bss           0x000000000001678c        0x0 obj/default/main.o
 .bss           0x000000000001678c        0x0 c:/intelfpga_lite/18.1/nios2eds/bin/gnu/h-x86_64-mingw32/bin/../lib/gcc/nios2-elf/5.3.0/mno-hw-mul\libgcc.a(lib2-divmod.o)
 .bss           0x000000000001678c        0x0 c:/intelfpga_lite/18.1/nios2eds/bin/gnu/h-x86_64-mingw32/bin/../lib/gcc/nios2-elf/5.3.0/mno-hw-mul\libgcc.a(muldf3.o)
 .bss           0x000000000001678c        0x0 c:/intelfpga_lite/18.1/nios2eds/bin/gnu/h-x86_64-mingw32/bin/../lib/gcc/nios2-elf/5.3.0/mno-hw-mul\libgcc.a(fixdfsi.o)
 .bss           0x000000000001678c        0x0 c:/intelfpga_lite/18.1/nios2eds/bin/gnu/h-x86_64-mingw32/bin/../lib/gcc/nios2-elf/5.3.0/mno-hw-mul\libgcc.a(floatsidf.o)
 .bss           0x000000000001678c        0x0 c:/intelfpga_lite/18.1/nios2eds/bin/gnu/h-x86_64-mingw32/bin/../lib/gcc/nios2-elf/5.3.0/mno-hw-mul\libgcc.a(_clzsi2.o)
 .bss           0x000000000001678c        0x0 c:/intelfpga_lite/18.1/nios2eds/bin/gnu/h-x86_64-mingw32/bin/../lib/gcc/nios2-elf/5.3.0/mno-hw-mul\libgcc.a(lib2-mul.o)
 .bss           0x000000000001678c        0x0 c:/intelfpga_lite/18.1/nios2eds/bin/gnu/h-x86_64-mingw32/bin/../lib/gcc/nios2-elf/5.3.0/mno-hw-mul\libgcc.a(_clz.o)
 .bss           0x000000000001678c        0x0 ../bsp\libhal_bsp.a(alt_irq_register.o)
 .bss           0x000000000001678c        0x0 ../bsp\libhal_bsp.a(alt_irq_vars.o)
 .bss           0x000000000001678c        0x0 ../bsp\libhal_bsp.a(alt_load.o)
 .bss           0x000000000001678c        0x0 ../bsp\libhal_bsp.a(alt_main.o)
 .bss           0x000000000001678c        0x0 ../bsp\libhal_bsp.a(alt_sys_init.o)
 .bss           0x000000000001678c        0x0 ../bsp\libhal_bsp.a(altera_avalon_jtag_uart_fd.o)
 .bss           0x000000000001678c        0x0 ../bsp\libhal_bsp.a(altera_avalon_jtag_uart_init.o)
 .bss           0x000000000001678c        0x0 ../bsp\libhal_bsp.a(altera_avalon_jtag_uart_ioctl.o)
 .bss           0x000000000001678c        0x0 ../bsp\libhal_bsp.a(altera_avalon_jtag_uart_read.o)
 .bss           0x000000000001678c        0x0 ../bsp\libhal_bsp.a(altera_avalon_jtag_uart_write.o)
 .bss           0x000000000001678c        0x0 ../bsp\libhal_bsp.a(altera_avalon_timer_sc.o)
 .bss           0x000000000001678c        0x0 ../bsp\libhal_bsp.a(opencores_i2c.o)
 .bss           0x000000000001678c        0x0 ../bsp\libhal_bsp.a(alt_alarm_start.o)
 .bss           0x000000000001678c        0x0 ../bsp\libhal_bsp.a(alt_close.o)
 .bss           0x000000000001678c        0x0 ../bsp\libhal_bsp.a(alt_dcache_flush_all.o)
 .bss           0x000000000001678c        0x0 ../bsp\libhal_bsp.a(alt_dev.o)
 .bss           0x000000000001678c        0x0 ../bsp\libhal_bsp.a(alt_dev_llist_insert.o)
 .bss           0x000000000001678c        0x0 ../bsp\libhal_bsp.a(alt_do_ctors.o)
 .bss           0x000000000001678c        0x0 ../bsp\libhal_bsp.a(alt_do_dtors.o)
 .bss           0x000000000001678c        0x0 ../bsp\libhal_bsp.a(alt_errno.o)
 .bss           0x000000000001678c        0x0 ../bsp\libhal_bsp.a(alt_icache_flush_all.o)
 .bss           0x000000000001678c        0x0 ../bsp\libhal_bsp.a(alt_io_redirect.o)
 .bss           0x000000000001678c        0x0 ../bsp\libhal_bsp.a(alt_irq_entry.o)
 .bss           0x000000000001678c        0x0 ../bsp\libhal_bsp.a(alt_irq_handler.o)
 .bss           0x000000000001678c        0x0 ../bsp\libhal_bsp.a(alt_open.o)
 .bss           0x000000000001678c        0x0 ../bsp\libhal_bsp.a(alt_release_fd.o)
 .bss           0x000000000001678c        0x0 ../bsp\libhal_bsp.a(alt_tick.o)
 .bss           0x000000000001678c        0x0 ../bsp\libhal_bsp.a(altera_nios2_gen2_irq.o)
 .bss           0x000000000001678c        0x0 ../bsp\libhal_bsp.a(alt_exception_entry.o)
 .bss           0x000000000001678c        0x0 ../bsp\libhal_bsp.a(alt_find_dev.o)
 .bss           0x000000000001678c        0x0 ../bsp\libhal_bsp.a(alt_find_file.o)
 .bss           0x000000000001678c        0x0 ../bsp\libhal_bsp.a(alt_get_fd.o)
 .bss           0x000000000001678c        0x0 ../bsp\libhal_bsp.a(alt_instruction_exception_entry.o)
 .bss           0x000000000001678c        0x0 c:/intelfpga_lite/18.1/nios2eds/bin/gnu/h-x86_64-mingw32/bin/../lib/gcc/nios2-elf/5.3.0/../../../../../H-x86_64-mingw32/nios2-elf/lib/mno-hw-mul\libc.a(lib_a-atexit.o)
 .bss           0x000000000001678c        0x0 c:/intelfpga_lite/18.1/nios2eds/bin/gnu/h-x86_64-mingw32/bin/../lib/gcc/nios2-elf/5.3.0/../../../../../H-x86_64-mingw32/nios2-elf/lib/mno-hw-mul\libc.a(lib_a-exit.o)
 .bss           0x000000000001678c        0x0 c:/intelfpga_lite/18.1/nios2eds/bin/gnu/h-x86_64-mingw32/bin/../lib/gcc/nios2-elf/5.3.0/../../../../../H-x86_64-mingw32/nios2-elf/lib/mno-hw-mul\libc.a(lib_a-impure.o)
 .bss           0x000000000001678c        0x0 c:/intelfpga_lite/18.1/nios2eds/bin/gnu/h-x86_64-mingw32/bin/../lib/gcc/nios2-elf/5.3.0/../../../../../H-x86_64-mingw32/nios2-elf/lib/mno-hw-mul\libc.a(lib_a-int_errno.o)
 .bss           0x000000000001678c        0x0 c:/intelfpga_lite/18.1/nios2eds/bin/gnu/h-x86_64-mingw32/bin/../lib/gcc/nios2-elf/5.3.0/../../../../../H-x86_64-mingw32/nios2-elf/lib/mno-hw-mul\libc.a(lib_a-memcmp.o)
 .bss           0x000000000001678c        0x0 c:/intelfpga_lite/18.1/nios2eds/bin/gnu/h-x86_64-mingw32/bin/../lib/gcc/nios2-elf/5.3.0/../../../../../H-x86_64-mingw32/nios2-elf/lib/mno-hw-mul\libc.a(lib_a-memcpy.o)
 .bss           0x000000000001678c        0x0 c:/intelfpga_lite/18.1/nios2eds/bin/gnu/h-x86_64-mingw32/bin/../lib/gcc/nios2-elf/5.3.0/../../../../../H-x86_64-mingw32/nios2-elf/lib/mno-hw-mul\libc.a(lib_a-strlen.o)
 .bss           0x000000000001678c        0x0 c:/intelfpga_lite/18.1/nios2eds/bin/gnu/h-x86_64-mingw32/bin/../lib/gcc/nios2-elf/5.3.0/../../../../../H-x86_64-mingw32/nios2-elf/lib/mno-hw-mul\libc.a(lib_a-__atexit.o)
 .bss           0x000000000001678c        0x0 c:/intelfpga_lite/18.1/nios2eds/bin/gnu/h-x86_64-mingw32/bin/../lib/gcc/nios2-elf/5.3.0/../../../../../H-x86_64-mingw32/nios2-elf/lib/mno-hw-mul\libc.a(lib_a-__call_atexit.o)
 .bss           0x000000000001678c        0x0 ../bsp\libhal_bsp.a(alt_exit.o)
 *(COMMON)
 COMMON         0x000000000001678c      0x100 ../bsp\libhal_bsp.a(alt_irq_handler.o)
                0x000000000001678c                alt_irq
                0x000000000001688c                . = ALIGN (0x4)
                0x000000000001688c                __bss_end = ABSOLUTE (.)

.onchip_memory2_0
                0x000000000001688c        0x0
                [!provide]                        PROVIDE (_alt_partition_onchip_memory2_0_start, ABSOLUTE (.))
 *(.onchip_memory2_0 .onchip_memory2_0. onchip_memory2_0.*)
                0x000000000001688c                . = ALIGN (0x4)
                [!provide]                        PROVIDE (_alt_partition_onchip_memory2_0_end, ABSOLUTE (.))
                0x000000000001688c                _end = ABSOLUTE (.)
                0x000000000001688c                end = ABSOLUTE (.)
                0x000000000001688c                __alt_stack_base = ABSOLUTE (.)
                [!provide]                        PROVIDE (_alt_partition_onchip_memory2_0_load_addr, LOADADDR (.onchip_memory2_0))

.stab
 *(.stab)

.stabstr
 *(.stabstr)

.stab.excl
 *(.stab.excl)

.stab.exclstr
 *(.stab.exclstr)

.stab.index
 *(.stab.index)

.stab.indexstr
 *(.stab.indexstr)

.comment        0x0000000000000000       0x23
 *(.comment)
 .comment       0x0000000000000000       0x23 obj/default/main.o
                                         0x24 (size before relaxing)
 .comment       0x0000000000000023       0x24 c:/intelfpga_lite/18.1/nios2eds/bin/gnu/h-x86_64-mingw32/bin/../lib/gcc/nios2-elf/5.3.0/mno-hw-mul\libgcc.a(lib2-divmod.o)
 .comment       0x0000000000000023       0x24 c:/intelfpga_lite/18.1/nios2eds/bin/gnu/h-x86_64-mingw32/bin/../lib/gcc/nios2-elf/5.3.0/mno-hw-mul\libgcc.a(muldf3.o)
 .comment       0x0000000000000023       0x24 c:/intelfpga_lite/18.1/nios2eds/bin/gnu/h-x86_64-mingw32/bin/../lib/gcc/nios2-elf/5.3.0/mno-hw-mul\libgcc.a(fixdfsi.o)
 .comment       0x0000000000000023       0x24 c:/intelfpga_lite/18.1/nios2eds/bin/gnu/h-x86_64-mingw32/bin/../lib/gcc/nios2-elf/5.3.0/mno-hw-mul\libgcc.a(floatsidf.o)
 .comment       0x0000000000000023       0x24 c:/intelfpga_lite/18.1/nios2eds/bin/gnu/h-x86_64-mingw32/bin/../lib/gcc/nios2-elf/5.3.0/mno-hw-mul\libgcc.a(_clzsi2.o)
 .comment       0x0000000000000023       0x24 c:/intelfpga_lite/18.1/nios2eds/bin/gnu/h-x86_64-mingw32/bin/../lib/gcc/nios2-elf/5.3.0/mno-hw-mul\libgcc.a(lib2-mul.o)
 .comment       0x0000000000000023       0x24 c:/intelfpga_lite/18.1/nios2eds/bin/gnu/h-x86_64-mingw32/bin/../lib/gcc/nios2-elf/5.3.0/mno-hw-mul\libgcc.a(_clz.o)
 .comment       0x0000000000000023       0x24 ../bsp\libhal_bsp.a(alt_irq_register.o)
 .comment       0x0000000000000023       0x24 ../bsp\libhal_bsp.a(alt_irq_vars.o)
 .comment       0x0000000000000023       0x24 ../bsp\libhal_bsp.a(alt_load.o)
 .comment       0x0000000000000023       0x24 ../bsp\libhal_bsp.a(alt_main.o)
 .comment       0x0000000000000023       0x24 ../bsp\libhal_bsp.a(alt_sys_init.o)
 .comment       0x0000000000000023       0x24 ../bsp\libhal_bsp.a(altera_avalon_jtag_uart_fd.o)
 .comment       0x0000000000000023       0x24 ../bsp\libhal_bsp.a(altera_avalon_jtag_uart_init.o)
 .comment       0x0000000000000023       0x24 ../bsp\libhal_bsp.a(altera_avalon_jtag_uart_ioctl.o)
 .comment       0x0000000000000023       0x24 ../bsp\libhal_bsp.a(altera_avalon_jtag_uart_read.o)
 .comment       0x0000000000000023       0x24 ../bsp\libhal_bsp.a(altera_avalon_jtag_uart_write.o)
 .comment       0x0000000000000023       0x24 ../bsp\libhal_bsp.a(altera_avalon_timer_sc.o)
 .comment       0x0000000000000023       0x24 ../bsp\libhal_bsp.a(opencores_i2c.o)
 .comment       0x0000000000000023       0x24 ../bsp\libhal_bsp.a(alt_alarm_start.o)
 .comment       0x0000000000000023       0x24 ../bsp\libhal_bsp.a(alt_close.o)
 .comment       0x0000000000000023       0x24 ../bsp\libhal_bsp.a(alt_dcache_flush_all.o)
 .comment       0x0000000000000023       0x24 ../bsp\libhal_bsp.a(alt_dev.o)
 .comment       0x0000000000000023       0x24 ../bsp\libhal_bsp.a(alt_dev_llist_insert.o)
 .comment       0x0000000000000023       0x24 ../bsp\libhal_bsp.a(alt_do_ctors.o)
 .comment       0x0000000000000023       0x24 ../bsp\libhal_bsp.a(alt_do_dtors.o)
 .comment       0x0000000000000023       0x24 ../bsp\libhal_bsp.a(alt_errno.o)
 .comment       0x0000000000000023       0x24 ../bsp\libhal_bsp.a(alt_icache_flush_all.o)
 .comment       0x0000000000000023       0x24 ../bsp\libhal_bsp.a(alt_io_redirect.o)
 .comment       0x0000000000000023       0x24 ../bsp\libhal_bsp.a(alt_irq_handler.o)
 .comment       0x0000000000000023       0x24 ../bsp\libhal_bsp.a(alt_open.o)
 .comment       0x0000000000000023       0x24 ../bsp\libhal_bsp.a(alt_release_fd.o)
 .comment       0x0000000000000023       0x24 ../bsp\libhal_bsp.a(alt_tick.o)
 .comment       0x0000000000000023       0x24 ../bsp\libhal_bsp.a(altera_nios2_gen2_irq.o)
 .comment       0x0000000000000023       0x24 ../bsp\libhal_bsp.a(alt_find_dev.o)
 .comment       0x0000000000000023       0x24 ../bsp\libhal_bsp.a(alt_find_file.o)
 .comment       0x0000000000000023       0x24 ../bsp\libhal_bsp.a(alt_get_fd.o)
 .comment       0x0000000000000023       0x24 ../bsp\libhal_bsp.a(alt_instruction_exception_entry.o)
 .comment       0x0000000000000023       0x24 c:/intelfpga_lite/18.1/nios2eds/bin/gnu/h-x86_64-mingw32/bin/../lib/gcc/nios2-elf/5.3.0/../../../../../H-x86_64-mingw32/nios2-elf/lib/mno-hw-mul\libc.a(lib_a-atexit.o)
 .comment       0x0000000000000023       0x24 c:/intelfpga_lite/18.1/nios2eds/bin/gnu/h-x86_64-mingw32/bin/../lib/gcc/nios2-elf/5.3.0/../../../../../H-x86_64-mingw32/nios2-elf/lib/mno-hw-mul\libc.a(lib_a-exit.o)
 .comment       0x0000000000000023       0x24 c:/intelfpga_lite/18.1/nios2eds/bin/gnu/h-x86_64-mingw32/bin/../lib/gcc/nios2-elf/5.3.0/../../../../../H-x86_64-mingw32/nios2-elf/lib/mno-hw-mul\libc.a(lib_a-impure.o)
 .comment       0x0000000000000023       0x24 c:/intelfpga_lite/18.1/nios2eds/bin/gnu/h-x86_64-mingw32/bin/../lib/gcc/nios2-elf/5.3.0/../../../../../H-x86_64-mingw32/nios2-elf/lib/mno-hw-mul\libc.a(lib_a-int_errno.o)
 .comment       0x0000000000000023       0x24 c:/intelfpga_lite/18.1/nios2eds/bin/gnu/h-x86_64-mingw32/bin/../lib/gcc/nios2-elf/5.3.0/../../../../../H-x86_64-mingw32/nios2-elf/lib/mno-hw-mul\libc.a(lib_a-memcmp.o)
 .comment       0x0000000000000023       0x24 c:/intelfpga_lite/18.1/nios2eds/bin/gnu/h-x86_64-mingw32/bin/../lib/gcc/nios2-elf/5.3.0/../../../../../H-x86_64-mingw32/nios2-elf/lib/mno-hw-mul\libc.a(lib_a-memcpy.o)
 .comment       0x0000000000000023       0x24 c:/intelfpga_lite/18.1/nios2eds/bin/gnu/h-x86_64-mingw32/bin/../lib/gcc/nios2-elf/5.3.0/../../../../../H-x86_64-mingw32/nios2-elf/lib/mno-hw-mul\libc.a(lib_a-strlen.o)
 .comment       0x0000000000000023       0x24 c:/intelfpga_lite/18.1/nios2eds/bin/gnu/h-x86_64-mingw32/bin/../lib/gcc/nios2-elf/5.3.0/../../../../../H-x86_64-mingw32/nios2-elf/lib/mno-hw-mul\libc.a(lib_a-__atexit.o)
 .comment       0x0000000000000023       0x24 c:/intelfpga_lite/18.1/nios2eds/bin/gnu/h-x86_64-mingw32/bin/../lib/gcc/nios2-elf/5.3.0/../../../../../H-x86_64-mingw32/nios2-elf/lib/mno-hw-mul\libc.a(lib_a-__call_atexit.o)
 .comment       0x0000000000000023       0x24 ../bsp\libhal_bsp.a(alt_exit.o)

.debug
 *(.debug)

.line
 *(.line)

.debug_srcinfo
 *(.debug_srcinfo)

.debug_sfnames
 *(.debug_sfnames)

.debug_aranges  0x0000000000000000      0x690
 *(.debug_aranges)
 .debug_aranges
                0x0000000000000000       0x28 ../bsp/obj/HAL/src/crt0.o
 .debug_aranges
                0x0000000000000028       0x20 obj/default/main.o
 .debug_aranges
                0x0000000000000048       0x20 c:/intelfpga_lite/18.1/nios2eds/bin/gnu/h-x86_64-mingw32/bin/../lib/gcc/nios2-elf/5.3.0/mno-hw-mul\libgcc.a(lib2-divmod.o)
 .debug_aranges
                0x0000000000000068       0x20 c:/intelfpga_lite/18.1/nios2eds/bin/gnu/h-x86_64-mingw32/bin/../lib/gcc/nios2-elf/5.3.0/mno-hw-mul\libgcc.a(muldf3.o)
 .debug_aranges
                0x0000000000000088       0x20 c:/intelfpga_lite/18.1/nios2eds/bin/gnu/h-x86_64-mingw32/bin/../lib/gcc/nios2-elf/5.3.0/mno-hw-mul\libgcc.a(fixdfsi.o)
 .debug_aranges
                0x00000000000000a8       0x20 c:/intelfpga_lite/18.1/nios2eds/bin/gnu/h-x86_64-mingw32/bin/../lib/gcc/nios2-elf/5.3.0/mno-hw-mul\libgcc.a(floatsidf.o)
 .debug_aranges
                0x00000000000000c8       0x20 c:/intelfpga_lite/18.1/nios2eds/bin/gnu/h-x86_64-mingw32/bin/../lib/gcc/nios2-elf/5.3.0/mno-hw-mul\libgcc.a(_clzsi2.o)
 .debug_aranges
                0x00000000000000e8       0x20 c:/intelfpga_lite/18.1/nios2eds/bin/gnu/h-x86_64-mingw32/bin/../lib/gcc/nios2-elf/5.3.0/mno-hw-mul\libgcc.a(lib2-mul.o)
 .debug_aranges
                0x0000000000000108       0x18 c:/intelfpga_lite/18.1/nios2eds/bin/gnu/h-x86_64-mingw32/bin/../lib/gcc/nios2-elf/5.3.0/mno-hw-mul\libgcc.a(_clz.o)
 .debug_aranges
                0x0000000000000120       0x20 ../bsp\libhal_bsp.a(alt_irq_register.o)
 .debug_aranges
                0x0000000000000140       0x18 ../bsp\libhal_bsp.a(alt_irq_vars.o)
 .debug_aranges
                0x0000000000000158       0x20 ../bsp\libhal_bsp.a(alt_load.o)
 .debug_aranges
                0x0000000000000178       0x20 ../bsp\libhal_bsp.a(alt_main.o)
 .debug_aranges
                0x0000000000000198       0x20 ../bsp\libhal_bsp.a(alt_sys_init.o)
 .debug_aranges
                0x00000000000001b8       0x20 ../bsp\libhal_bsp.a(altera_avalon_jtag_uart_fd.o)
 .debug_aranges
                0x00000000000001d8       0x20 ../bsp\libhal_bsp.a(altera_avalon_jtag_uart_init.o)
 .debug_aranges
                0x00000000000001f8       0x20 ../bsp\libhal_bsp.a(altera_avalon_jtag_uart_ioctl.o)
 .debug_aranges
                0x0000000000000218       0x20 ../bsp\libhal_bsp.a(altera_avalon_jtag_uart_read.o)
 .debug_aranges
                0x0000000000000238       0x20 ../bsp\libhal_bsp.a(altera_avalon_jtag_uart_write.o)
 .debug_aranges
                0x0000000000000258       0x20 ../bsp\libhal_bsp.a(altera_avalon_timer_sc.o)
 .debug_aranges
                0x0000000000000278       0x20 ../bsp\libhal_bsp.a(opencores_i2c.o)
 .debug_aranges
                0x0000000000000298       0x20 ../bsp\libhal_bsp.a(alt_alarm_start.o)
 .debug_aranges
                0x00000000000002b8       0x20 ../bsp\libhal_bsp.a(alt_close.o)
 .debug_aranges
                0x00000000000002d8       0x20 ../bsp\libhal_bsp.a(alt_dcache_flush_all.o)
 .debug_aranges
                0x00000000000002f8       0x20 ../bsp\libhal_bsp.a(alt_dev.o)
 .debug_aranges
                0x0000000000000318       0x20 ../bsp\libhal_bsp.a(alt_dev_llist_insert.o)
 .debug_aranges
                0x0000000000000338       0x20 ../bsp\libhal_bsp.a(alt_do_ctors.o)
 .debug_aranges
                0x0000000000000358       0x20 ../bsp\libhal_bsp.a(alt_do_dtors.o)
 .debug_aranges
                0x0000000000000378       0x18 ../bsp\libhal_bsp.a(alt_errno.o)
 .debug_aranges
                0x0000000000000390       0x20 ../bsp\libhal_bsp.a(alt_icache_flush_all.o)
 .debug_aranges
                0x00000000000003b0       0x20 ../bsp\libhal_bsp.a(alt_io_redirect.o)
 .debug_aranges
                0x00000000000003d0       0x30 ../bsp\libhal_bsp.a(alt_irq_entry.o)
 .debug_aranges
                0x0000000000000400       0x20 ../bsp\libhal_bsp.a(alt_irq_handler.o)
 .debug_aranges
                0x0000000000000420       0x20 ../bsp\libhal_bsp.a(alt_open.o)
 .debug_aranges
                0x0000000000000440       0x20 ../bsp\libhal_bsp.a(alt_release_fd.o)
 .debug_aranges
                0x0000000000000460       0x20 ../bsp\libhal_bsp.a(alt_tick.o)
 .debug_aranges
                0x0000000000000480       0x20 ../bsp\libhal_bsp.a(altera_nios2_gen2_irq.o)
 .debug_aranges
                0x00000000000004a0       0x38 ../bsp\libhal_bsp.a(alt_exception_entry.o)
 .debug_aranges
                0x00000000000004d8       0x20 ../bsp\libhal_bsp.a(alt_find_dev.o)
 .debug_aranges
                0x00000000000004f8       0x20 ../bsp\libhal_bsp.a(alt_find_file.o)
 .debug_aranges
                0x0000000000000518       0x20 ../bsp\libhal_bsp.a(alt_get_fd.o)
 .debug_aranges
                0x0000000000000538       0x28 ../bsp\libhal_bsp.a(alt_instruction_exception_entry.o)
 .debug_aranges
                0x0000000000000560       0x20 c:/intelfpga_lite/18.1/nios2eds/bin/gnu/h-x86_64-mingw32/bin/../lib/gcc/nios2-elf/5.3.0/../../../../../H-x86_64-mingw32/nios2-elf/lib/mno-hw-mul\libc.a(lib_a-atexit.o)
 .debug_aranges
                0x0000000000000580       0x20 c:/intelfpga_lite/18.1/nios2eds/bin/gnu/h-x86_64-mingw32/bin/../lib/gcc/nios2-elf/5.3.0/../../../../../H-x86_64-mingw32/nios2-elf/lib/mno-hw-mul\libc.a(lib_a-exit.o)
 .debug_aranges
                0x00000000000005a0       0x18 c:/intelfpga_lite/18.1/nios2eds/bin/gnu/h-x86_64-mingw32/bin/../lib/gcc/nios2-elf/5.3.0/../../../../../H-x86_64-mingw32/nios2-elf/lib/mno-hw-mul\libc.a(lib_a-impure.o)
 .debug_aranges
                0x00000000000005b8       0x18 c:/intelfpga_lite/18.1/nios2eds/bin/gnu/h-x86_64-mingw32/bin/../lib/gcc/nios2-elf/5.3.0/../../../../../H-x86_64-mingw32/nios2-elf/lib/mno-hw-mul\libc.a(lib_a-int_errno.o)
 .debug_aranges
                0x00000000000005d0       0x20 c:/intelfpga_lite/18.1/nios2eds/bin/gnu/h-x86_64-mingw32/bin/../lib/gcc/nios2-elf/5.3.0/../../../../../H-x86_64-mingw32/nios2-elf/lib/mno-hw-mul\libc.a(lib_a-memcmp.o)
 .debug_aranges
                0x00000000000005f0       0x20 c:/intelfpga_lite/18.1/nios2eds/bin/gnu/h-x86_64-mingw32/bin/../lib/gcc/nios2-elf/5.3.0/../../../../../H-x86_64-mingw32/nios2-elf/lib/mno-hw-mul\libc.a(lib_a-memcpy.o)
 .debug_aranges
                0x0000000000000610       0x20 c:/intelfpga_lite/18.1/nios2eds/bin/gnu/h-x86_64-mingw32/bin/../lib/gcc/nios2-elf/5.3.0/../../../../../H-x86_64-mingw32/nios2-elf/lib/mno-hw-mul\libc.a(lib_a-strlen.o)
 .debug_aranges
                0x0000000000000630       0x20 c:/intelfpga_lite/18.1/nios2eds/bin/gnu/h-x86_64-mingw32/bin/../lib/gcc/nios2-elf/5.3.0/../../../../../H-x86_64-mingw32/nios2-elf/lib/mno-hw-mul\libc.a(lib_a-__atexit.o)
 .debug_aranges
                0x0000000000000650       0x20 c:/intelfpga_lite/18.1/nios2eds/bin/gnu/h-x86_64-mingw32/bin/../lib/gcc/nios2-elf/5.3.0/../../../../../H-x86_64-mingw32/nios2-elf/lib/mno-hw-mul\libc.a(lib_a-__call_atexit.o)
 .debug_aranges
                0x0000000000000670       0x20 ../bsp\libhal_bsp.a(alt_exit.o)

.debug_pubnames
 *(.debug_pubnames)

.debug_info     0x0000000000000000     0x8825
 *(.debug_info .gnu.linkonce.wi.*)
 .debug_info    0x0000000000000000       0x79 ../bsp/obj/HAL/src/crt0.o
 .debug_info    0x0000000000000079      0x2d5 obj/default/main.o
 .debug_info    0x000000000000034e      0x2c6 c:/intelfpga_lite/18.1/nios2eds/bin/gnu/h-x86_64-mingw32/bin/../lib/gcc/nios2-elf/5.3.0/mno-hw-mul\libgcc.a(lib2-divmod.o)
 .debug_info    0x0000000000000614      0x5f1 c:/intelfpga_lite/18.1/nios2eds/bin/gnu/h-x86_64-mingw32/bin/../lib/gcc/nios2-elf/5.3.0/mno-hw-mul\libgcc.a(muldf3.o)
 .debug_info    0x0000000000000c05      0x1ae c:/intelfpga_lite/18.1/nios2eds/bin/gnu/h-x86_64-mingw32/bin/../lib/gcc/nios2-elf/5.3.0/mno-hw-mul\libgcc.a(fixdfsi.o)
 .debug_info    0x0000000000000db3      0x1bc c:/intelfpga_lite/18.1/nios2eds/bin/gnu/h-x86_64-mingw32/bin/../lib/gcc/nios2-elf/5.3.0/mno-hw-mul\libgcc.a(floatsidf.o)
 .debug_info    0x0000000000000f6f      0x124 c:/intelfpga_lite/18.1/nios2eds/bin/gnu/h-x86_64-mingw32/bin/../lib/gcc/nios2-elf/5.3.0/mno-hw-mul\libgcc.a(_clzsi2.o)
 .debug_info    0x0000000000001093       0xb4 c:/intelfpga_lite/18.1/nios2eds/bin/gnu/h-x86_64-mingw32/bin/../lib/gcc/nios2-elf/5.3.0/mno-hw-mul\libgcc.a(lib2-mul.o)
 .debug_info    0x0000000000001147       0xb2 c:/intelfpga_lite/18.1/nios2eds/bin/gnu/h-x86_64-mingw32/bin/../lib/gcc/nios2-elf/5.3.0/mno-hw-mul\libgcc.a(_clz.o)
 .debug_info    0x00000000000011f9      0x329 ../bsp\libhal_bsp.a(alt_irq_register.o)
 .debug_info    0x0000000000001522       0x88 ../bsp\libhal_bsp.a(alt_irq_vars.o)
 .debug_info    0x00000000000015aa      0x145 ../bsp\libhal_bsp.a(alt_load.o)
 .debug_info    0x00000000000016ef      0x157 ../bsp\libhal_bsp.a(alt_main.o)
 .debug_info    0x0000000000001846      0x4ef ../bsp\libhal_bsp.a(alt_sys_init.o)
 .debug_info    0x0000000000001d35      0x52e ../bsp\libhal_bsp.a(altera_avalon_jtag_uart_fd.o)
 .debug_info    0x0000000000002263      0x3c3 ../bsp\libhal_bsp.a(altera_avalon_jtag_uart_init.o)
 .debug_info    0x0000000000002626      0x280 ../bsp\libhal_bsp.a(altera_avalon_jtag_uart_ioctl.o)
 .debug_info    0x00000000000028a6      0x35b ../bsp\libhal_bsp.a(altera_avalon_jtag_uart_read.o)
 .debug_info    0x0000000000002c01      0x356 ../bsp\libhal_bsp.a(altera_avalon_jtag_uart_write.o)
 .debug_info    0x0000000000002f57      0x249 ../bsp\libhal_bsp.a(altera_avalon_timer_sc.o)
 .debug_info    0x00000000000031a0      0x183 ../bsp\libhal_bsp.a(opencores_i2c.o)
 .debug_info    0x0000000000003323      0x2e2 ../bsp\libhal_bsp.a(alt_alarm_start.o)
 .debug_info    0x0000000000003605      0x321 ../bsp\libhal_bsp.a(alt_close.o)
 .debug_info    0x0000000000003926       0x92 ../bsp\libhal_bsp.a(alt_dcache_flush_all.o)
 .debug_info    0x00000000000039b8      0x49c ../bsp\libhal_bsp.a(alt_dev.o)
 .debug_info    0x0000000000003e54      0x1a9 ../bsp\libhal_bsp.a(alt_dev_llist_insert.o)
 .debug_info    0x0000000000003ffd       0x83 ../bsp\libhal_bsp.a(alt_do_ctors.o)
 .debug_info    0x0000000000004080       0x83 ../bsp\libhal_bsp.a(alt_do_dtors.o)
 .debug_info    0x0000000000004103       0xa6 ../bsp\libhal_bsp.a(alt_errno.o)
 .debug_info    0x00000000000041a9       0x92 ../bsp\libhal_bsp.a(alt_icache_flush_all.o)
 .debug_info    0x000000000000423b      0x4a5 ../bsp\libhal_bsp.a(alt_io_redirect.o)
 .debug_info    0x00000000000046e0       0x82 ../bsp\libhal_bsp.a(alt_irq_entry.o)
 .debug_info    0x0000000000004762      0x1a7 ../bsp\libhal_bsp.a(alt_irq_handler.o)
 .debug_info    0x0000000000004909      0x3bb ../bsp\libhal_bsp.a(alt_open.o)
 .debug_info    0x0000000000004cc4      0x2b0 ../bsp\libhal_bsp.a(alt_release_fd.o)
 .debug_info    0x0000000000004f74      0x2af ../bsp\libhal_bsp.a(alt_tick.o)
 .debug_info    0x0000000000005223       0xb8 ../bsp\libhal_bsp.a(altera_nios2_gen2_irq.o)
 .debug_info    0x00000000000052db       0x88 ../bsp\libhal_bsp.a(alt_exception_entry.o)
 .debug_info    0x0000000000005363      0x2e9 ../bsp\libhal_bsp.a(alt_find_dev.o)
 .debug_info    0x000000000000564c      0x2e6 ../bsp\libhal_bsp.a(alt_find_file.o)
 .debug_info    0x0000000000005932      0x310 ../bsp\libhal_bsp.a(alt_get_fd.o)
 .debug_info    0x0000000000005c42      0x1e7 ../bsp\libhal_bsp.a(alt_instruction_exception_entry.o)
 .debug_info    0x0000000000005e29       0xfe c:/intelfpga_lite/18.1/nios2eds/bin/gnu/h-x86_64-mingw32/bin/../lib/gcc/nios2-elf/5.3.0/../../../../../H-x86_64-mingw32/nios2-elf/lib/mno-hw-mul\libc.a(lib_a-atexit.o)
 .debug_info    0x0000000000005f27      0x8e4 c:/intelfpga_lite/18.1/nios2eds/bin/gnu/h-x86_64-mingw32/bin/../lib/gcc/nios2-elf/5.3.0/../../../../../H-x86_64-mingw32/nios2-elf/lib/mno-hw-mul\libc.a(lib_a-exit.o)
 .debug_info    0x000000000000680b      0x8a1 c:/intelfpga_lite/18.1/nios2eds/bin/gnu/h-x86_64-mingw32/bin/../lib/gcc/nios2-elf/5.3.0/../../../../../H-x86_64-mingw32/nios2-elf/lib/mno-hw-mul\libc.a(lib_a-impure.o)
 .debug_info    0x00000000000070ac       0x8a c:/intelfpga_lite/18.1/nios2eds/bin/gnu/h-x86_64-mingw32/bin/../lib/gcc/nios2-elf/5.3.0/../../../../../H-x86_64-mingw32/nios2-elf/lib/mno-hw-mul\libc.a(lib_a-int_errno.o)
 .debug_info    0x0000000000007136      0x11a c:/intelfpga_lite/18.1/nios2eds/bin/gnu/h-x86_64-mingw32/bin/../lib/gcc/nios2-elf/5.3.0/../../../../../H-x86_64-mingw32/nios2-elf/lib/mno-hw-mul\libc.a(lib_a-memcmp.o)
 .debug_info    0x0000000000007250      0x144 c:/intelfpga_lite/18.1/nios2eds/bin/gnu/h-x86_64-mingw32/bin/../lib/gcc/nios2-elf/5.3.0/../../../../../H-x86_64-mingw32/nios2-elf/lib/mno-hw-mul\libc.a(lib_a-memcpy.o)
 .debug_info    0x0000000000007394       0xe2 c:/intelfpga_lite/18.1/nios2eds/bin/gnu/h-x86_64-mingw32/bin/../lib/gcc/nios2-elf/5.3.0/../../../../../H-x86_64-mingw32/nios2-elf/lib/mno-hw-mul\libc.a(lib_a-strlen.o)
 .debug_info    0x0000000000007476      0x934 c:/intelfpga_lite/18.1/nios2eds/bin/gnu/h-x86_64-mingw32/bin/../lib/gcc/nios2-elf/5.3.0/../../../../../H-x86_64-mingw32/nios2-elf/lib/mno-hw-mul\libc.a(lib_a-__atexit.o)
 .debug_info    0x0000000000007daa      0x965 c:/intelfpga_lite/18.1/nios2eds/bin/gnu/h-x86_64-mingw32/bin/../lib/gcc/nios2-elf/5.3.0/../../../../../H-x86_64-mingw32/nios2-elf/lib/mno-hw-mul\libc.a(lib_a-__call_atexit.o)
 .debug_info    0x000000000000870f      0x116 ../bsp\libhal_bsp.a(alt_exit.o)

.debug_abbrev   0x0000000000000000     0x3119
 *(.debug_abbrev)
 .debug_abbrev  0x0000000000000000       0x12 ../bsp/obj/HAL/src/crt0.o
 .debug_abbrev  0x0000000000000012      0x165 obj/default/main.o
 .debug_abbrev  0x0000000000000177      0x10e c:/intelfpga_lite/18.1/nios2eds/bin/gnu/h-x86_64-mingw32/bin/../lib/gcc/nios2-elf/5.3.0/mno-hw-mul\libgcc.a(lib2-divmod.o)
 .debug_abbrev  0x0000000000000285      0x13f c:/intelfpga_lite/18.1/nios2eds/bin/gnu/h-x86_64-mingw32/bin/../lib/gcc/nios2-elf/5.3.0/mno-hw-mul\libgcc.a(muldf3.o)
 .debug_abbrev  0x00000000000003c4      0x135 c:/intelfpga_lite/18.1/nios2eds/bin/gnu/h-x86_64-mingw32/bin/../lib/gcc/nios2-elf/5.3.0/mno-hw-mul\libgcc.a(fixdfsi.o)
 .debug_abbrev  0x00000000000004f9      0x124 c:/intelfpga_lite/18.1/nios2eds/bin/gnu/h-x86_64-mingw32/bin/../lib/gcc/nios2-elf/5.3.0/mno-hw-mul\libgcc.a(floatsidf.o)
 .debug_abbrev  0x000000000000061d       0xbe c:/intelfpga_lite/18.1/nios2eds/bin/gnu/h-x86_64-mingw32/bin/../lib/gcc/nios2-elf/5.3.0/mno-hw-mul\libgcc.a(_clzsi2.o)
 .debug_abbrev  0x00000000000006db       0x6f c:/intelfpga_lite/18.1/nios2eds/bin/gnu/h-x86_64-mingw32/bin/../lib/gcc/nios2-elf/5.3.0/mno-hw-mul\libgcc.a(lib2-mul.o)
 .debug_abbrev  0x000000000000074a       0x5d c:/intelfpga_lite/18.1/nios2eds/bin/gnu/h-x86_64-mingw32/bin/../lib/gcc/nios2-elf/5.3.0/mno-hw-mul\libgcc.a(_clz.o)
 .debug_abbrev  0x00000000000007a7      0x186 ../bsp\libhal_bsp.a(alt_irq_register.o)
 .debug_abbrev  0x000000000000092d       0x40 ../bsp\libhal_bsp.a(alt_irq_vars.o)
 .debug_abbrev  0x000000000000096d       0x9f ../bsp\libhal_bsp.a(alt_load.o)
 .debug_abbrev  0x0000000000000a0c       0xc1 ../bsp\libhal_bsp.a(alt_main.o)
 .debug_abbrev  0x0000000000000acd      0x187 ../bsp\libhal_bsp.a(alt_sys_init.o)
 .debug_abbrev  0x0000000000000c54      0x127 ../bsp\libhal_bsp.a(altera_avalon_jtag_uart_fd.o)
 .debug_abbrev  0x0000000000000d7b      0x19e ../bsp\libhal_bsp.a(altera_avalon_jtag_uart_init.o)
 .debug_abbrev  0x0000000000000f19      0x111 ../bsp\libhal_bsp.a(altera_avalon_jtag_uart_ioctl.o)
 .debug_abbrev  0x000000000000102a      0x1aa ../bsp\libhal_bsp.a(altera_avalon_jtag_uart_read.o)
 .debug_abbrev  0x00000000000011d4      0x1a8 ../bsp\libhal_bsp.a(altera_avalon_jtag_uart_write.o)
 .debug_abbrev  0x000000000000137c      0x155 ../bsp\libhal_bsp.a(altera_avalon_timer_sc.o)
 .debug_abbrev  0x00000000000014d1       0xb4 ../bsp\libhal_bsp.a(opencores_i2c.o)
 .debug_abbrev  0x0000000000001585      0x162 ../bsp\libhal_bsp.a(alt_alarm_start.o)
 .debug_abbrev  0x00000000000016e7      0x11f ../bsp\libhal_bsp.a(alt_close.o)
 .debug_abbrev  0x0000000000001806       0x42 ../bsp\libhal_bsp.a(alt_dcache_flush_all.o)
 .debug_abbrev  0x0000000000001848       0xd9 ../bsp\libhal_bsp.a(alt_dev.o)
 .debug_abbrev  0x0000000000001921      0x114 ../bsp\libhal_bsp.a(alt_dev_llist_insert.o)
 .debug_abbrev  0x0000000000001a35       0x79 ../bsp\libhal_bsp.a(alt_do_ctors.o)
 .debug_abbrev  0x0000000000001aae       0x79 ../bsp\libhal_bsp.a(alt_do_dtors.o)
 .debug_abbrev  0x0000000000001b27       0x5a ../bsp\libhal_bsp.a(alt_errno.o)
 .debug_abbrev  0x0000000000001b81       0x42 ../bsp\libhal_bsp.a(alt_icache_flush_all.o)
 .debug_abbrev  0x0000000000001bc3      0x114 ../bsp\libhal_bsp.a(alt_io_redirect.o)
 .debug_abbrev  0x0000000000001cd7       0x12 ../bsp\libhal_bsp.a(alt_irq_entry.o)
 .debug_abbrev  0x0000000000001ce9      0x13a ../bsp\libhal_bsp.a(alt_irq_handler.o)
 .debug_abbrev  0x0000000000001e23      0x148 ../bsp\libhal_bsp.a(alt_open.o)
 .debug_abbrev  0x0000000000001f6b       0xde ../bsp\libhal_bsp.a(alt_release_fd.o)
 .debug_abbrev  0x0000000000002049      0x16b ../bsp\libhal_bsp.a(alt_tick.o)
 .debug_abbrev  0x00000000000021b4       0x67 ../bsp\libhal_bsp.a(altera_nios2_gen2_irq.o)
 .debug_abbrev  0x000000000000221b       0x12 ../bsp\libhal_bsp.a(alt_exception_entry.o)
 .debug_abbrev  0x000000000000222d       0xf0 ../bsp\libhal_bsp.a(alt_find_dev.o)
 .debug_abbrev  0x000000000000231d       0xf0 ../bsp\libhal_bsp.a(alt_find_file.o)
 .debug_abbrev  0x000000000000240d      0x10d ../bsp\libhal_bsp.a(alt_get_fd.o)
 .debug_abbrev  0x000000000000251a       0xdc ../bsp\libhal_bsp.a(alt_instruction_exception_entry.o)
 .debug_abbrev  0x00000000000025f6       0xaa c:/intelfpga_lite/18.1/nios2eds/bin/gnu/h-x86_64-mingw32/bin/../lib/gcc/nios2-elf/5.3.0/../../../../../H-x86_64-mingw32/nios2-elf/lib/mno-hw-mul\libc.a(lib_a-atexit.o)
 .debug_abbrev  0x00000000000026a0      0x1e5 c:/intelfpga_lite/18.1/nios2eds/bin/gnu/h-x86_64-mingw32/bin/../lib/gcc/nios2-elf/5.3.0/../../../../../H-x86_64-mingw32/nios2-elf/lib/mno-hw-mul\libc.a(lib_a-exit.o)
 .debug_abbrev  0x0000000000002885      0x18f c:/intelfpga_lite/18.1/nios2eds/bin/gnu/h-x86_64-mingw32/bin/../lib/gcc/nios2-elf/5.3.0/../../../../../H-x86_64-mingw32/nios2-elf/lib/mno-hw-mul\libc.a(lib_a-impure.o)
 .debug_abbrev  0x0000000000002a14       0x37 c:/intelfpga_lite/18.1/nios2eds/bin/gnu/h-x86_64-mingw32/bin/../lib/gcc/nios2-elf/5.3.0/../../../../../H-x86_64-mingw32/nios2-elf/lib/mno-hw-mul\libc.a(lib_a-int_errno.o)
 .debug_abbrev  0x0000000000002a4b       0x7f c:/intelfpga_lite/18.1/nios2eds/bin/gnu/h-x86_64-mingw32/bin/../lib/gcc/nios2-elf/5.3.0/../../../../../H-x86_64-mingw32/nios2-elf/lib/mno-hw-mul\libc.a(lib_a-memcmp.o)
 .debug_abbrev  0x0000000000002aca       0xa3 c:/intelfpga_lite/18.1/nios2eds/bin/gnu/h-x86_64-mingw32/bin/../lib/gcc/nios2-elf/5.3.0/../../../../../H-x86_64-mingw32/nios2-elf/lib/mno-hw-mul\libc.a(lib_a-memcpy.o)
 .debug_abbrev  0x0000000000002b6d       0x90 c:/intelfpga_lite/18.1/nios2eds/bin/gnu/h-x86_64-mingw32/bin/../lib/gcc/nios2-elf/5.3.0/../../../../../H-x86_64-mingw32/nios2-elf/lib/mno-hw-mul\libc.a(lib_a-strlen.o)
 .debug_abbrev  0x0000000000002bfd      0x21e c:/intelfpga_lite/18.1/nios2eds/bin/gnu/h-x86_64-mingw32/bin/../lib/gcc/nios2-elf/5.3.0/../../../../../H-x86_64-mingw32/nios2-elf/lib/mno-hw-mul\libc.a(lib_a-__atexit.o)
 .debug_abbrev  0x0000000000002e1b      0x22e c:/intelfpga_lite/18.1/nios2eds/bin/gnu/h-x86_64-mingw32/bin/../lib/gcc/nios2-elf/5.3.0/../../../../../H-x86_64-mingw32/nios2-elf/lib/mno-hw-mul\libc.a(lib_a-__call_atexit.o)
 .debug_abbrev  0x0000000000003049       0xd0 ../bsp\libhal_bsp.a(alt_exit.o)

.debug_line     0x0000000000000000     0x32a6
 *(.debug_line)
 .debug_line    0x0000000000000000       0x66 ../bsp/obj/HAL/src/crt0.o
 .debug_line    0x0000000000000066      0x1a2 obj/default/main.o
 .debug_line    0x0000000000000208      0x105 c:/intelfpga_lite/18.1/nios2eds/bin/gnu/h-x86_64-mingw32/bin/../lib/gcc/nios2-elf/5.3.0/mno-hw-mul\libgcc.a(lib2-divmod.o)
 .debug_line    0x000000000000030d      0x1ea c:/intelfpga_lite/18.1/nios2eds/bin/gnu/h-x86_64-mingw32/bin/../lib/gcc/nios2-elf/5.3.0/mno-hw-mul\libgcc.a(muldf3.o)
 .debug_line    0x00000000000004f7       0x9b c:/intelfpga_lite/18.1/nios2eds/bin/gnu/h-x86_64-mingw32/bin/../lib/gcc/nios2-elf/5.3.0/mno-hw-mul\libgcc.a(fixdfsi.o)
 .debug_line    0x0000000000000592       0xa2 c:/intelfpga_lite/18.1/nios2eds/bin/gnu/h-x86_64-mingw32/bin/../lib/gcc/nios2-elf/5.3.0/mno-hw-mul\libgcc.a(floatsidf.o)
 .debug_line    0x0000000000000634       0xbd c:/intelfpga_lite/18.1/nios2eds/bin/gnu/h-x86_64-mingw32/bin/../lib/gcc/nios2-elf/5.3.0/mno-hw-mul\libgcc.a(_clzsi2.o)
 .debug_line    0x00000000000006f1       0x80 c:/intelfpga_lite/18.1/nios2eds/bin/gnu/h-x86_64-mingw32/bin/../lib/gcc/nios2-elf/5.3.0/mno-hw-mul\libgcc.a(lib2-mul.o)
 .debug_line    0x0000000000000771       0x56 c:/intelfpga_lite/18.1/nios2eds/bin/gnu/h-x86_64-mingw32/bin/../lib/gcc/nios2-elf/5.3.0/mno-hw-mul\libgcc.a(_clz.o)
 .debug_line    0x00000000000007c7      0x155 ../bsp\libhal_bsp.a(alt_irq_register.o)
 .debug_line    0x000000000000091c       0x50 ../bsp\libhal_bsp.a(alt_irq_vars.o)
 .debug_line    0x000000000000096c       0x8e ../bsp\libhal_bsp.a(alt_load.o)
 .debug_line    0x00000000000009fa       0xd1 ../bsp\libhal_bsp.a(alt_main.o)
 .debug_line    0x0000000000000acb      0x165 ../bsp\libhal_bsp.a(alt_sys_init.o)
 .debug_line    0x0000000000000c30      0x12f ../bsp\libhal_bsp.a(altera_avalon_jtag_uart_fd.o)
 .debug_line    0x0000000000000d5f      0x19f ../bsp\libhal_bsp.a(altera_avalon_jtag_uart_init.o)
 .debug_line    0x0000000000000efe      0x131 ../bsp\libhal_bsp.a(altera_avalon_jtag_uart_ioctl.o)
 .debug_line    0x000000000000102f      0x185 ../bsp\libhal_bsp.a(altera_avalon_jtag_uart_read.o)
 .debug_line    0x00000000000011b4      0x184 ../bsp\libhal_bsp.a(altera_avalon_jtag_uart_write.o)
 .debug_line    0x0000000000001338      0x113 ../bsp\libhal_bsp.a(altera_avalon_timer_sc.o)
 .debug_line    0x000000000000144b       0xb5 ../bsp\libhal_bsp.a(opencores_i2c.o)
 .debug_line    0x0000000000001500      0x10d ../bsp\libhal_bsp.a(alt_alarm_start.o)
 .debug_line    0x000000000000160d      0x165 ../bsp\libhal_bsp.a(alt_close.o)
 .debug_line    0x0000000000001772       0x51 ../bsp\libhal_bsp.a(alt_dcache_flush_all.o)
 .debug_line    0x00000000000017c3       0xf8 ../bsp\libhal_bsp.a(alt_dev.o)
 .debug_line    0x00000000000018bb       0xcf ../bsp\libhal_bsp.a(alt_dev_llist_insert.o)
 .debug_line    0x000000000000198a       0x59 ../bsp\libhal_bsp.a(alt_do_ctors.o)
 .debug_line    0x00000000000019e3       0x59 ../bsp\libhal_bsp.a(alt_do_dtors.o)
 .debug_line    0x0000000000001a3c       0x51 ../bsp\libhal_bsp.a(alt_errno.o)
 .debug_line    0x0000000000001a8d       0x4f ../bsp\libhal_bsp.a(alt_icache_flush_all.o)
 .debug_line    0x0000000000001adc      0x135 ../bsp\libhal_bsp.a(alt_io_redirect.o)
 .debug_line    0x0000000000001c11       0x6b ../bsp\libhal_bsp.a(alt_irq_entry.o)
 .debug_line    0x0000000000001c7c       0xcd ../bsp\libhal_bsp.a(alt_irq_handler.o)
 .debug_line    0x0000000000001d49      0x12b ../bsp\libhal_bsp.a(alt_open.o)
 .debug_line    0x0000000000001e74       0xb0 ../bsp\libhal_bsp.a(alt_release_fd.o)
 .debug_line    0x0000000000001f24      0x113 ../bsp\libhal_bsp.a(alt_tick.o)
 .debug_line    0x0000000000002037       0x8d ../bsp\libhal_bsp.a(altera_nios2_gen2_irq.o)
 .debug_line    0x00000000000020c4       0xb3 ../bsp\libhal_bsp.a(alt_exception_entry.o)
 .debug_line    0x0000000000002177       0xb5 ../bsp\libhal_bsp.a(alt_find_dev.o)
 .debug_line    0x000000000000222c       0xd1 ../bsp\libhal_bsp.a(alt_find_file.o)
 .debug_line    0x00000000000022fd       0xd7 ../bsp\libhal_bsp.a(alt_get_fd.o)
 .debug_line    0x00000000000023d4       0xb9 ../bsp\libhal_bsp.a(alt_instruction_exception_entry.o)
 .debug_line    0x000000000000248d       0xe7 c:/intelfpga_lite/18.1/nios2eds/bin/gnu/h-x86_64-mingw32/bin/../lib/gcc/nios2-elf/5.3.0/../../../../../H-x86_64-mingw32/nios2-elf/lib/mno-hw-mul\libc.a(lib_a-atexit.o)
 .debug_line    0x0000000000002574      0x1fc c:/intelfpga_lite/18.1/nios2eds/bin/gnu/h-x86_64-mingw32/bin/../lib/gcc/nios2-elf/5.3.0/../../../../../H-x86_64-mingw32/nios2-elf/lib/mno-hw-mul\libc.a(lib_a-exit.o)
 .debug_line    0x0000000000002770      0x160 c:/intelfpga_lite/18.1/nios2eds/bin/gnu/h-x86_64-mingw32/bin/../lib/gcc/nios2-elf/5.3.0/../../../../../H-x86_64-mingw32/nios2-elf/lib/mno-hw-mul\libc.a(lib_a-impure.o)
 .debug_line    0x00000000000028d0       0x5f c:/intelfpga_lite/18.1/nios2eds/bin/gnu/h-x86_64-mingw32/bin/../lib/gcc/nios2-elf/5.3.0/../../../../../H-x86_64-mingw32/nios2-elf/lib/mno-hw-mul\libc.a(lib_a-int_errno.o)
 .debug_line    0x000000000000292f      0x176 c:/intelfpga_lite/18.1/nios2eds/bin/gnu/h-x86_64-mingw32/bin/../lib/gcc/nios2-elf/5.3.0/../../../../../H-x86_64-mingw32/nios2-elf/lib/mno-hw-mul\libc.a(lib_a-memcmp.o)
 .debug_line    0x0000000000002aa5      0x18c c:/intelfpga_lite/18.1/nios2eds/bin/gnu/h-x86_64-mingw32/bin/../lib/gcc/nios2-elf/5.3.0/../../../../../H-x86_64-mingw32/nios2-elf/lib/mno-hw-mul\libc.a(lib_a-memcpy.o)
 .debug_line    0x0000000000002c31      0x16f c:/intelfpga_lite/18.1/nios2eds/bin/gnu/h-x86_64-mingw32/bin/../lib/gcc/nios2-elf/5.3.0/../../../../../H-x86_64-mingw32/nios2-elf/lib/mno-hw-mul\libc.a(lib_a-strlen.o)
 .debug_line    0x0000000000002da0      0x21f c:/intelfpga_lite/18.1/nios2eds/bin/gnu/h-x86_64-mingw32/bin/../lib/gcc/nios2-elf/5.3.0/../../../../../H-x86_64-mingw32/nios2-elf/lib/mno-hw-mul\libc.a(lib_a-__atexit.o)
 .debug_line    0x0000000000002fbf      0x23a c:/intelfpga_lite/18.1/nios2eds/bin/gnu/h-x86_64-mingw32/bin/../lib/gcc/nios2-elf/5.3.0/../../../../../H-x86_64-mingw32/nios2-elf/lib/mno-hw-mul\libc.a(lib_a-__call_atexit.o)
 .debug_line    0x00000000000031f9       0xad ../bsp\libhal_bsp.a(alt_exit.o)

.debug_frame    0x0000000000000000      0xcf0
 *(.debug_frame)
 .debug_frame   0x0000000000000000       0xfc obj/default/main.o
 .debug_frame   0x00000000000000fc       0x50 c:/intelfpga_lite/18.1/nios2eds/bin/gnu/h-x86_64-mingw32/bin/../lib/gcc/nios2-elf/5.3.0/mno-hw-mul\libgcc.a(lib2-divmod.o)
 .debug_frame   0x000000000000014c       0x58 c:/intelfpga_lite/18.1/nios2eds/bin/gnu/h-x86_64-mingw32/bin/../lib/gcc/nios2-elf/5.3.0/mno-hw-mul\libgcc.a(muldf3.o)
 .debug_frame   0x00000000000001a4       0x20 c:/intelfpga_lite/18.1/nios2eds/bin/gnu/h-x86_64-mingw32/bin/../lib/gcc/nios2-elf/5.3.0/mno-hw-mul\libgcc.a(fixdfsi.o)
 .debug_frame   0x00000000000001c4       0x38 c:/intelfpga_lite/18.1/nios2eds/bin/gnu/h-x86_64-mingw32/bin/../lib/gcc/nios2-elf/5.3.0/mno-hw-mul\libgcc.a(floatsidf.o)
 .debug_frame   0x00000000000001fc       0x20 c:/intelfpga_lite/18.1/nios2eds/bin/gnu/h-x86_64-mingw32/bin/../lib/gcc/nios2-elf/5.3.0/mno-hw-mul\libgcc.a(_clzsi2.o)
 .debug_frame   0x000000000000021c       0x20 c:/intelfpga_lite/18.1/nios2eds/bin/gnu/h-x86_64-mingw32/bin/../lib/gcc/nios2-elf/5.3.0/mno-hw-mul\libgcc.a(lib2-mul.o)
 .debug_frame   0x000000000000023c       0x34 ../bsp\libhal_bsp.a(alt_irq_register.o)
 .debug_frame   0x0000000000000270       0x5c ../bsp\libhal_bsp.a(alt_load.o)
 .debug_frame   0x00000000000002cc       0x2c ../bsp\libhal_bsp.a(alt_main.o)
 .debug_frame   0x00000000000002f8       0x88 ../bsp\libhal_bsp.a(alt_sys_init.o)
 .debug_frame   0x0000000000000380       0xb0 ../bsp\libhal_bsp.a(altera_avalon_jtag_uart_fd.o)
 .debug_frame   0x0000000000000430       0xa4 ../bsp\libhal_bsp.a(altera_avalon_jtag_uart_init.o)
 .debug_frame   0x00000000000004d4       0x34 ../bsp\libhal_bsp.a(altera_avalon_jtag_uart_ioctl.o)
 .debug_frame   0x0000000000000508       0x38 ../bsp\libhal_bsp.a(altera_avalon_jtag_uart_read.o)
 .debug_frame   0x0000000000000540       0x38 ../bsp\libhal_bsp.a(altera_avalon_jtag_uart_write.o)
 .debug_frame   0x0000000000000578       0x60 ../bsp\libhal_bsp.a(altera_avalon_timer_sc.o)
 .debug_frame   0x00000000000005d8       0xa4 ../bsp\libhal_bsp.a(opencores_i2c.o)
 .debug_frame   0x000000000000067c       0x34 ../bsp\libhal_bsp.a(alt_alarm_start.o)
 .debug_frame   0x00000000000006b0       0x60 ../bsp\libhal_bsp.a(alt_close.o)
 .debug_frame   0x0000000000000710       0x34 ../bsp\libhal_bsp.a(alt_dcache_flush_all.o)
 .debug_frame   0x0000000000000744       0x34 ../bsp\libhal_bsp.a(alt_dev.o)
 .debug_frame   0x0000000000000778       0x60 ../bsp\libhal_bsp.a(alt_dev_llist_insert.o)
 .debug_frame   0x00000000000007d8       0x38 ../bsp\libhal_bsp.a(alt_do_ctors.o)
 .debug_frame   0x0000000000000810       0x38 ../bsp\libhal_bsp.a(alt_do_dtors.o)
 .debug_frame   0x0000000000000848       0x34 ../bsp\libhal_bsp.a(alt_icache_flush_all.o)
 .debug_frame   0x000000000000087c       0x64 ../bsp\libhal_bsp.a(alt_io_redirect.o)
 .debug_frame   0x00000000000008e0       0x38 ../bsp\libhal_bsp.a(alt_irq_handler.o)
 .debug_frame   0x0000000000000918       0x8c ../bsp\libhal_bsp.a(alt_open.o)
 .debug_frame   0x00000000000009a4       0x3c ../bsp\libhal_bsp.a(alt_release_fd.o)
 .debug_frame   0x00000000000009e0       0x5c ../bsp\libhal_bsp.a(alt_tick.o)
 .debug_frame   0x0000000000000a3c       0x34 ../bsp\libhal_bsp.a(altera_nios2_gen2_irq.o)
 .debug_frame   0x0000000000000a70       0x38 ../bsp\libhal_bsp.a(alt_find_dev.o)
 .debug_frame   0x0000000000000aa8       0x38 ../bsp\libhal_bsp.a(alt_find_file.o)
 .debug_frame   0x0000000000000ae0       0x3c ../bsp\libhal_bsp.a(alt_get_fd.o)
 .debug_frame   0x0000000000000b1c       0x5c ../bsp\libhal_bsp.a(alt_instruction_exception_entry.o)
 .debug_frame   0x0000000000000b78       0x20 c:/intelfpga_lite/18.1/nios2eds/bin/gnu/h-x86_64-mingw32/bin/../lib/gcc/nios2-elf/5.3.0/../../../../../H-x86_64-mingw32/nios2-elf/lib/mno-hw-mul\libc.a(lib_a-atexit.o)
 .debug_frame   0x0000000000000b98       0x28 c:/intelfpga_lite/18.1/nios2eds/bin/gnu/h-x86_64-mingw32/bin/../lib/gcc/nios2-elf/5.3.0/../../../../../H-x86_64-mingw32/nios2-elf/lib/mno-hw-mul\libc.a(lib_a-exit.o)
 .debug_frame   0x0000000000000bc0       0x20 c:/intelfpga_lite/18.1/nios2eds/bin/gnu/h-x86_64-mingw32/bin/../lib/gcc/nios2-elf/5.3.0/../../../../../H-x86_64-mingw32/nios2-elf/lib/mno-hw-mul\libc.a(lib_a-memcmp.o)
 .debug_frame   0x0000000000000be0       0x38 c:/intelfpga_lite/18.1/nios2eds/bin/gnu/h-x86_64-mingw32/bin/../lib/gcc/nios2-elf/5.3.0/../../../../../H-x86_64-mingw32/nios2-elf/lib/mno-hw-mul\libc.a(lib_a-memcpy.o)
 .debug_frame   0x0000000000000c18       0x20 c:/intelfpga_lite/18.1/nios2eds/bin/gnu/h-x86_64-mingw32/bin/../lib/gcc/nios2-elf/5.3.0/../../../../../H-x86_64-mingw32/nios2-elf/lib/mno-hw-mul\libc.a(lib_a-strlen.o)
 .debug_frame   0x0000000000000c38       0x38 c:/intelfpga_lite/18.1/nios2eds/bin/gnu/h-x86_64-mingw32/bin/../lib/gcc/nios2-elf/5.3.0/../../../../../H-x86_64-mingw32/nios2-elf/lib/mno-hw-mul\libc.a(lib_a-__atexit.o)
 .debug_frame   0x0000000000000c70       0x54 c:/intelfpga_lite/18.1/nios2eds/bin/gnu/h-x86_64-mingw32/bin/../lib/gcc/nios2-elf/5.3.0/../../../../../H-x86_64-mingw32/nios2-elf/lib/mno-hw-mul\libc.a(lib_a-__call_atexit.o)
 .debug_frame   0x0000000000000cc4       0x2c ../bsp\libhal_bsp.a(alt_exit.o)

.debug_str      0x0000000000000000     0x2072
 *(.debug_str)
 .debug_str     0x0000000000000000      0x1d7 obj/default/main.o
                                        0x22e (size before relaxing)
 .debug_str     0x00000000000001d7      0x187 c:/intelfpga_lite/18.1/nios2eds/bin/gnu/h-x86_64-mingw32/bin/../lib/gcc/nios2-elf/5.3.0/mno-hw-mul\libgcc.a(lib2-divmod.o)
                                        0x1d2 (size before relaxing)
 .debug_str     0x000000000000035e      0x233 c:/intelfpga_lite/18.1/nios2eds/bin/gnu/h-x86_64-mingw32/bin/../lib/gcc/nios2-elf/5.3.0/mno-hw-mul\libgcc.a(muldf3.o)
                                        0x3c2 (size before relaxing)
 .debug_str     0x0000000000000591       0x4e c:/intelfpga_lite/18.1/nios2eds/bin/gnu/h-x86_64-mingw32/bin/../lib/gcc/nios2-elf/5.3.0/mno-hw-mul\libgcc.a(fixdfsi.o)
                                        0x22b (size before relaxing)
 .debug_str     0x00000000000005df       0x6c c:/intelfpga_lite/18.1/nios2eds/bin/gnu/h-x86_64-mingw32/bin/../lib/gcc/nios2-elf/5.3.0/mno-hw-mul\libgcc.a(floatsidf.o)
                                        0x242 (size before relaxing)
 .debug_str     0x000000000000064b       0x66 c:/intelfpga_lite/18.1/nios2eds/bin/gnu/h-x86_64-mingw32/bin/../lib/gcc/nios2-elf/5.3.0/mno-hw-mul\libgcc.a(_clzsi2.o)
                                        0x200 (size before relaxing)
 .debug_str     0x00000000000006b1       0x40 c:/intelfpga_lite/18.1/nios2eds/bin/gnu/h-x86_64-mingw32/bin/../lib/gcc/nios2-elf/5.3.0/mno-hw-mul\libgcc.a(lib2-mul.o)
                                        0x193 (size before relaxing)
 .debug_str     0x00000000000006f1      0x1e3 c:/intelfpga_lite/18.1/nios2eds/bin/gnu/h-x86_64-mingw32/bin/../lib/gcc/nios2-elf/5.3.0/mno-hw-mul\libgcc.a(_clz.o)
 .debug_str     0x00000000000006f1       0xf3 ../bsp\libhal_bsp.a(alt_irq_register.o)
                                        0x213 (size before relaxing)
 .debug_str     0x00000000000007e4       0x17 ../bsp\libhal_bsp.a(alt_irq_vars.o)
                                        0x145 (size before relaxing)
 .debug_str     0x00000000000007fb      0x126 ../bsp\libhal_bsp.a(alt_load.o)
                                        0x215 (size before relaxing)
 .debug_str     0x0000000000000921       0x44 ../bsp\libhal_bsp.a(alt_main.o)
                                        0x1d1 (size before relaxing)
 .debug_str     0x0000000000000965      0x1d3 ../bsp\libhal_bsp.a(alt_sys_init.o)
                                        0x3bc (size before relaxing)
 .debug_str     0x0000000000000b38       0xb9 ../bsp\libhal_bsp.a(altera_avalon_jtag_uart_fd.o)
                                        0x3af (size before relaxing)
 .debug_str     0x0000000000000bf1       0xd1 ../bsp\libhal_bsp.a(altera_avalon_jtag_uart_init.o)
                                        0x364 (size before relaxing)
 .debug_str     0x0000000000000cc2       0x4a ../bsp\libhal_bsp.a(altera_avalon_jtag_uart_ioctl.o)
                                        0x29e (size before relaxing)
 .debug_str     0x0000000000000d0c       0x48 ../bsp\libhal_bsp.a(altera_avalon_jtag_uart_read.o)
                                        0x314 (size before relaxing)
 .debug_str     0x0000000000000d54       0x4a ../bsp\libhal_bsp.a(altera_avalon_jtag_uart_write.o)
                                        0x315 (size before relaxing)
 .debug_str     0x0000000000000d9e       0x6d ../bsp\libhal_bsp.a(altera_avalon_timer_sc.o)
                                        0x277 (size before relaxing)
 .debug_str     0x0000000000000e0b       0x51 ../bsp\libhal_bsp.a(opencores_i2c.o)
                                        0x171 (size before relaxing)
 .debug_str     0x0000000000000e5c       0x59 ../bsp\libhal_bsp.a(alt_alarm_start.o)
                                        0x2aa (size before relaxing)
 .debug_str     0x0000000000000eb5       0x44 ../bsp\libhal_bsp.a(alt_close.o)
                                        0x216 (size before relaxing)
 .debug_str     0x0000000000000ef9       0x34 ../bsp\libhal_bsp.a(alt_dcache_flush_all.o)
                                        0x160 (size before relaxing)
 .debug_str     0x0000000000000f2d      0x120 ../bsp\libhal_bsp.a(alt_dev.o)
                                        0x310 (size before relaxing)
 .debug_str     0x000000000000104d       0x34 ../bsp\libhal_bsp.a(alt_dev_llist_insert.o)
                                        0x1cf (size before relaxing)
 .debug_str     0x0000000000001081       0x48 ../bsp\libhal_bsp.a(alt_do_ctors.o)
                                         0xd3 (size before relaxing)
 .debug_str     0x00000000000010c9       0x4c ../bsp\libhal_bsp.a(alt_do_dtors.o)
                                         0xd2 (size before relaxing)
 .debug_str     0x0000000000001115       0x14 ../bsp\libhal_bsp.a(alt_errno.o)
                                        0x148 (size before relaxing)
 .debug_str     0x0000000000001129       0x34 ../bsp\libhal_bsp.a(alt_icache_flush_all.o)
                                        0x160 (size before relaxing)
 .debug_str     0x000000000000115d       0x56 ../bsp\libhal_bsp.a(alt_io_redirect.o)
                                        0x321 (size before relaxing)
 .debug_str     0x00000000000011b3       0x3a ../bsp\libhal_bsp.a(alt_irq_handler.o)
                                        0x1c3 (size before relaxing)
 .debug_str     0x00000000000011ed       0x2f ../bsp\libhal_bsp.a(alt_open.o)
                                        0x256 (size before relaxing)
 .debug_str     0x000000000000121c       0x28 ../bsp\libhal_bsp.a(alt_release_fd.o)
                                        0x1de (size before relaxing)
 .debug_str     0x0000000000001244       0x4a ../bsp\libhal_bsp.a(alt_tick.o)
                                        0x27e (size before relaxing)
 .debug_str     0x000000000000128e       0x3b ../bsp\libhal_bsp.a(altera_nios2_gen2_irq.o)
                                        0x190 (size before relaxing)
 .debug_str     0x00000000000012c9       0x24 ../bsp\libhal_bsp.a(alt_find_dev.o)
                                        0x1f7 (size before relaxing)
 .debug_str     0x00000000000012ed       0x26 ../bsp\libhal_bsp.a(alt_find_file.o)
                                        0x205 (size before relaxing)
 .debug_str     0x0000000000001313       0x30 ../bsp\libhal_bsp.a(alt_get_fd.o)
                                        0x227 (size before relaxing)
 .debug_str     0x0000000000001343      0x48b ../bsp\libhal_bsp.a(alt_instruction_exception_entry.o)
                                        0x5ab (size before relaxing)
 .debug_str     0x00000000000017ce      0x17c c:/intelfpga_lite/18.1/nios2eds/bin/gnu/h-x86_64-mingw32/bin/../lib/gcc/nios2-elf/5.3.0/../../../../../H-x86_64-mingw32/nios2-elf/lib/mno-hw-mul\libc.a(lib_a-atexit.o)
                                        0x221 (size before relaxing)
 .debug_str     0x000000000000194a      0x3af c:/intelfpga_lite/18.1/nios2eds/bin/gnu/h-x86_64-mingw32/bin/../lib/gcc/nios2-elf/5.3.0/../../../../../H-x86_64-mingw32/nios2-elf/lib/mno-hw-mul\libc.a(lib_a-exit.o)
                                        0x5be (size before relaxing)
 .debug_str     0x0000000000001cf9       0xd6 c:/intelfpga_lite/18.1/nios2eds/bin/gnu/h-x86_64-mingw32/bin/../lib/gcc/nios2-elf/5.3.0/../../../../../H-x86_64-mingw32/nios2-elf/lib/mno-hw-mul\libc.a(lib_a-impure.o)
                                        0x5b5 (size before relaxing)
 .debug_str     0x0000000000001dcf       0x3f c:/intelfpga_lite/18.1/nios2eds/bin/gnu/h-x86_64-mingw32/bin/../lib/gcc/nios2-elf/5.3.0/../../../../../H-x86_64-mingw32/nios2-elf/lib/mno-hw-mul\libc.a(lib_a-int_errno.o)
                                        0x1dd (size before relaxing)
 .debug_str     0x0000000000001e0e       0xda c:/intelfpga_lite/18.1/nios2eds/bin/gnu/h-x86_64-mingw32/bin/../lib/gcc/nios2-elf/5.3.0/../../../../../H-x86_64-mingw32/nios2-elf/lib/mno-hw-mul\libc.a(lib_a-memcmp.o)
                                        0x1e4 (size before relaxing)
 .debug_str     0x0000000000001ee8       0x6b c:/intelfpga_lite/18.1/nios2eds/bin/gnu/h-x86_64-mingw32/bin/../lib/gcc/nios2-elf/5.3.0/../../../../../H-x86_64-mingw32/nios2-elf/lib/mno-hw-mul\libc.a(lib_a-memcpy.o)
                                        0x20b (size before relaxing)
 .debug_str     0x0000000000001f53       0x51 c:/intelfpga_lite/18.1/nios2eds/bin/gnu/h-x86_64-mingw32/bin/../lib/gcc/nios2-elf/5.3.0/../../../../../H-x86_64-mingw32/nios2-elf/lib/mno-hw-mul\libc.a(lib_a-strlen.o)
                                        0x1f7 (size before relaxing)
 .debug_str     0x0000000000001fa4       0x3f c:/intelfpga_lite/18.1/nios2eds/bin/gnu/h-x86_64-mingw32/bin/../lib/gcc/nios2-elf/5.3.0/../../../../../H-x86_64-mingw32/nios2-elf/lib/mno-hw-mul\libc.a(lib_a-__atexit.o)
                                        0x5f6 (size before relaxing)
 .debug_str     0x0000000000001fe3       0x65 c:/intelfpga_lite/18.1/nios2eds/bin/gnu/h-x86_64-mingw32/bin/../lib/gcc/nios2-elf/5.3.0/../../../../../H-x86_64-mingw32/nios2-elf/lib/mno-hw-mul\libc.a(lib_a-__call_atexit.o)
                                        0x5e2 (size before relaxing)
 .debug_str     0x0000000000002048       0x2a ../bsp\libhal_bsp.a(alt_exit.o)
                                        0x185 (size before relaxing)

.debug_loc      0x0000000000000000     0x2057
 *(.debug_loc)
 .debug_loc     0x0000000000000000      0x4ce c:/intelfpga_lite/18.1/nios2eds/bin/gnu/h-x86_64-mingw32/bin/../lib/gcc/nios2-elf/5.3.0/mno-hw-mul\libgcc.a(lib2-divmod.o)
 .debug_loc     0x00000000000004ce     0x1085 c:/intelfpga_lite/18.1/nios2eds/bin/gnu/h-x86_64-mingw32/bin/../lib/gcc/nios2-elf/5.3.0/mno-hw-mul\libgcc.a(muldf3.o)
 .debug_loc     0x0000000000001553      0x121 c:/intelfpga_lite/18.1/nios2eds/bin/gnu/h-x86_64-mingw32/bin/../lib/gcc/nios2-elf/5.3.0/mno-hw-mul\libgcc.a(fixdfsi.o)
 .debug_loc     0x0000000000001674      0x175 c:/intelfpga_lite/18.1/nios2eds/bin/gnu/h-x86_64-mingw32/bin/../lib/gcc/nios2-elf/5.3.0/mno-hw-mul\libgcc.a(floatsidf.o)
 .debug_loc     0x00000000000017e9       0x6b c:/intelfpga_lite/18.1/nios2eds/bin/gnu/h-x86_64-mingw32/bin/../lib/gcc/nios2-elf/5.3.0/mno-hw-mul\libgcc.a(_clzsi2.o)
 .debug_loc     0x0000000000001854       0x93 c:/intelfpga_lite/18.1/nios2eds/bin/gnu/h-x86_64-mingw32/bin/../lib/gcc/nios2-elf/5.3.0/mno-hw-mul\libgcc.a(lib2-mul.o)
 .debug_loc     0x00000000000018e7       0x2c c:/intelfpga_lite/18.1/nios2eds/bin/gnu/h-x86_64-mingw32/bin/../lib/gcc/nios2-elf/5.3.0/../../../../../H-x86_64-mingw32/nios2-elf/lib/mno-hw-mul\libc.a(lib_a-atexit.o)
 .debug_loc     0x0000000000001913       0x1e c:/intelfpga_lite/18.1/nios2eds/bin/gnu/h-x86_64-mingw32/bin/../lib/gcc/nios2-elf/5.3.0/../../../../../H-x86_64-mingw32/nios2-elf/lib/mno-hw-mul\libc.a(lib_a-exit.o)
 .debug_loc     0x0000000000001931      0x126 c:/intelfpga_lite/18.1/nios2eds/bin/gnu/h-x86_64-mingw32/bin/../lib/gcc/nios2-elf/5.3.0/../../../../../H-x86_64-mingw32/nios2-elf/lib/mno-hw-mul\libc.a(lib_a-memcmp.o)
 .debug_loc     0x0000000000001a57      0x266 c:/intelfpga_lite/18.1/nios2eds/bin/gnu/h-x86_64-mingw32/bin/../lib/gcc/nios2-elf/5.3.0/../../../../../H-x86_64-mingw32/nios2-elf/lib/mno-hw-mul\libc.a(lib_a-memcpy.o)
 .debug_loc     0x0000000000001cbd       0x47 c:/intelfpga_lite/18.1/nios2eds/bin/gnu/h-x86_64-mingw32/bin/../lib/gcc/nios2-elf/5.3.0/../../../../../H-x86_64-mingw32/nios2-elf/lib/mno-hw-mul\libc.a(lib_a-strlen.o)
 .debug_loc     0x0000000000001d04      0x185 c:/intelfpga_lite/18.1/nios2eds/bin/gnu/h-x86_64-mingw32/bin/../lib/gcc/nios2-elf/5.3.0/../../../../../H-x86_64-mingw32/nios2-elf/lib/mno-hw-mul\libc.a(lib_a-__atexit.o)
 .debug_loc     0x0000000000001e89      0x1ce c:/intelfpga_lite/18.1/nios2eds/bin/gnu/h-x86_64-mingw32/bin/../lib/gcc/nios2-elf/5.3.0/../../../../../H-x86_64-mingw32/nios2-elf/lib/mno-hw-mul\libc.a(lib_a-__call_atexit.o)

.debug_macinfo
 *(.debug_macinfo)

.debug_weaknames
 *(.debug_weaknames)

.debug_funcnames
 *(.debug_funcnames)

.debug_typenames
 *(.debug_typenames)

.debug_varnames
 *(.debug_varnames)

.debug_alt_sim_info
                0x0000000000000000       0x10
 *(.debug_alt_sim_info)
 .debug_alt_sim_info
                0x0000000000000000       0x10 ../bsp/obj/HAL/src/crt0.o
                0x0000000000019c40                __alt_data_end = 0x19c40
                0x0000000000019c40                PROVIDE (__alt_stack_pointer, __alt_data_end)
                [!provide]                        PROVIDE (__alt_stack_limit, __alt_stack_base)
                [!provide]                        PROVIDE (__alt_heap_start, end)
                [!provide]                        PROVIDE (__alt_heap_limit, 0x19c40)
OUTPUT(lacheze_lab3_elf.elf elf32-littlenios2)

.debug_ranges   0x0000000000000000      0x410
 .debug_ranges  0x0000000000000000       0x20 ../bsp/obj/HAL/src/crt0.o
 .debug_ranges  0x0000000000000020       0x60 c:/intelfpga_lite/18.1/nios2eds/bin/gnu/h-x86_64-mingw32/bin/../lib/gcc/nios2-elf/5.3.0/mno-hw-mul\libgcc.a(lib2-divmod.o)
 .debug_ranges  0x0000000000000080      0x1d0 c:/intelfpga_lite/18.1/nios2eds/bin/gnu/h-x86_64-mingw32/bin/../lib/gcc/nios2-elf/5.3.0/mno-hw-mul\libgcc.a(muldf3.o)
 .debug_ranges  0x0000000000000250       0x30 c:/intelfpga_lite/18.1/nios2eds/bin/gnu/h-x86_64-mingw32/bin/../lib/gcc/nios2-elf/5.3.0/mno-hw-mul\libgcc.a(fixdfsi.o)
 .debug_ranges  0x0000000000000280       0x20 c:/intelfpga_lite/18.1/nios2eds/bin/gnu/h-x86_64-mingw32/bin/../lib/gcc/nios2-elf/5.3.0/mno-hw-mul\libgcc.a(floatsidf.o)
 .debug_ranges  0x00000000000002a0       0x18 c:/intelfpga_lite/18.1/nios2eds/bin/gnu/h-x86_64-mingw32/bin/../lib/gcc/nios2-elf/5.3.0/mno-hw-mul\libgcc.a(_clzsi2.o)
 .debug_ranges  0x00000000000002b8       0x30 ../bsp\libhal_bsp.a(altera_avalon_jtag_uart_init.o)
 .debug_ranges  0x00000000000002e8       0x18 ../bsp\libhal_bsp.a(altera_avalon_jtag_uart_read.o)
 .debug_ranges  0x0000000000000300       0x28 ../bsp\libhal_bsp.a(alt_irq_entry.o)
 .debug_ranges  0x0000000000000328       0x10 ../bsp\libhal_bsp.a(alt_irq_handler.o)
 .debug_ranges  0x0000000000000338       0x30 ../bsp\libhal_bsp.a(alt_exception_entry.o)
 .debug_ranges  0x0000000000000368       0x18 ../bsp\libhal_bsp.a(alt_instruction_exception_entry.o)
 .debug_ranges  0x0000000000000380       0x10 c:/intelfpga_lite/18.1/nios2eds/bin/gnu/h-x86_64-mingw32/bin/../lib/gcc/nios2-elf/5.3.0/../../../../../H-x86_64-mingw32/nios2-elf/lib/mno-hw-mul\libc.a(lib_a-atexit.o)
 .debug_ranges  0x0000000000000390       0x10 c:/intelfpga_lite/18.1/nios2eds/bin/gnu/h-x86_64-mingw32/bin/../lib/gcc/nios2-elf/5.3.0/../../../../../H-x86_64-mingw32/nios2-elf/lib/mno-hw-mul\libc.a(lib_a-exit.o)
 .debug_ranges  0x00000000000003a0       0x10 c:/intelfpga_lite/18.1/nios2eds/bin/gnu/h-x86_64-mingw32/bin/../lib/gcc/nios2-elf/5.3.0/../../../../../H-x86_64-mingw32/nios2-elf/lib/mno-hw-mul\libc.a(lib_a-memcmp.o)
 .debug_ranges  0x00000000000003b0       0x10 c:/intelfpga_lite/18.1/nios2eds/bin/gnu/h-x86_64-mingw32/bin/../lib/gcc/nios2-elf/5.3.0/../../../../../H-x86_64-mingw32/nios2-elf/lib/mno-hw-mul\libc.a(lib_a-memcpy.o)
 .debug_ranges  0x00000000000003c0       0x10 c:/intelfpga_lite/18.1/nios2eds/bin/gnu/h-x86_64-mingw32/bin/../lib/gcc/nios2-elf/5.3.0/../../../../../H-x86_64-mingw32/nios2-elf/lib/mno-hw-mul\libc.a(lib_a-strlen.o)
 .debug_ranges  0x00000000000003d0       0x10 c:/intelfpga_lite/18.1/nios2eds/bin/gnu/h-x86_64-mingw32/bin/../lib/gcc/nios2-elf/5.3.0/../../../../../H-x86_64-mingw32/nios2-elf/lib/mno-hw-mul\libc.a(lib_a-__atexit.o)
 .debug_ranges  0x00000000000003e0       0x30 c:/intelfpga_lite/18.1/nios2eds/bin/gnu/h-x86_64-mingw32/bin/../lib/gcc/nios2-elf/5.3.0/../../../../../H-x86_64-mingw32/nios2-elf/lib/mno-hw-mul\libc.a(lib_a-__call_atexit.o)
