Archive member included to satisfy reference by file (symbol)

c:/intelfpga_lite/18.1/nios2eds/bin/gnu/h-x86_64-mingw32/bin/../lib/gcc/nios2-elf/5.3.0/mno-hw-mul\libgcc.a(lib2-divmod.o)
                              obj/default/main.o (__divsi3)
c:/intelfpga_lite/18.1/nios2eds/bin/gnu/h-x86_64-mingw32/bin/../lib/gcc/nios2-elf/5.3.0/mno-hw-mul\libgcc.a(muldf3.o)
                              obj/default/main.o (__muldf3)
c:/intelfpga_lite/18.1/nios2eds/bin/gnu/h-x86_64-mingw32/bin/../lib/gcc/nios2-elf/5.3.0/mno-hw-mul\libgcc.a(fixdfsi.o)
                              obj/default/main.o (__fixdfsi)
c:/intelfpga_lite/18.1/nios2eds/bin/gnu/h-x86_64-mingw32/bin/../lib/gcc/nios2-elf/5.3.0/mno-hw-mul\libgcc.a(floatsidf.o)
                              obj/default/main.o (__floatsidf)
c:/intelfpga_lite/18.1/nios2eds/bin/gnu/h-x86_64-mingw32/bin/../lib/gcc/nios2-elf/5.3.0/mno-hw-mul\libgcc.a(_clzsi2.o)
                              c:/intelfpga_lite/18.1/nios2eds/bin/gnu/h-x86_64-mingw32/bin/../lib/gcc/nios2-elf/5.3.0/mno-hw-mul\libgcc.a(muldf3.o) (__clzsi2)
c:/intelfpga_lite/18.1/nios2eds/bin/gnu/h-x86_64-mingw32/bin/../lib/gcc/nios2-elf/5.3.0/mno-hw-mul\libgcc.a(lib2-mul.o)
                              c:/intelfpga_lite/18.1/nios2eds/bin/gnu/h-x86_64-mingw32/bin/../lib/gcc/nios2-elf/5.3.0/mno-hw-mul\libgcc.a(muldf3.o) (__mulsi3)
c:/intelfpga_lite/18.1/nios2eds/bin/gnu/h-x86_64-mingw32/bin/../lib/gcc/nios2-elf/5.3.0/mno-hw-mul\libgcc.a(_clz.o)
                              c:/intelfpga_lite/18.1/nios2eds/bin/gnu/h-x86_64-mingw32/bin/../lib/gcc/nios2-elf/5.3.0/mno-hw-mul\libgcc.a(_clzsi2.o) (__clz_tab)
../bsp\libhal_bsp.a(alt_irq_register.o)
                              obj/default/main.o (alt_irq_register)
../bsp\libhal_bsp.a(alt_irq_vars.o)
                              ../bsp\libhal_bsp.a(alt_irq_register.o) (alt_irq_active)
../bsp\libhal_bsp.a(alt_load.o)
                              ../bsp/obj/HAL/src/crt0.o (alt_load)
../bsp\libhal_bsp.a(alt_main.o)
                              ../bsp/obj/HAL/src/crt0.o (alt_main)
../bsp\libhal_bsp.a(alt_printf.o)
                              obj/default/main.o (alt_printf)
../bsp\libhal_bsp.a(alt_putchar.o)
                              ../bsp\libhal_bsp.a(alt_printf.o) (alt_putchar)
../bsp\libhal_bsp.a(alt_sys_init.o)
                              ../bsp\libhal_bsp.a(alt_main.o) (alt_irq_init)
../bsp\libhal_bsp.a(altera_avalon_jtag_uart_fd.o)
                              ../bsp\libhal_bsp.a(alt_sys_init.o) (altera_avalon_jtag_uart_read_fd)
../bsp\libhal_bsp.a(altera_avalon_jtag_uart_init.o)
                              ../bsp\libhal_bsp.a(alt_sys_init.o) (altera_avalon_jtag_uart_init)
../bsp\libhal_bsp.a(altera_avalon_jtag_uart_ioctl.o)
                              ../bsp\libhal_bsp.a(altera_avalon_jtag_uart_fd.o) (altera_avalon_jtag_uart_ioctl)
../bsp\libhal_bsp.a(altera_avalon_jtag_uart_read.o)
                              ../bsp\libhal_bsp.a(altera_avalon_jtag_uart_fd.o) (altera_avalon_jtag_uart_read)
../bsp\libhal_bsp.a(altera_avalon_jtag_uart_write.o)
                              ../bsp\libhal_bsp.a(altera_avalon_jtag_uart_fd.o) (altera_avalon_jtag_uart_write)
../bsp\libhal_bsp.a(altera_avalon_timer_sc.o)
                              ../bsp\libhal_bsp.a(alt_sys_init.o) (alt_avalon_timer_sc_init)
../bsp\libhal_bsp.a(opencores_i2c.o)
                              obj/default/main.o (I2C_init)
../bsp\libhal_bsp.a(alt_alarm_start.o)
                              ../bsp\libhal_bsp.a(altera_avalon_jtag_uart_init.o) (alt_alarm_start)
../bsp\libhal_bsp.a(alt_close.o)
                              ../bsp\libhal_bsp.a(alt_main.o) (close)
../bsp\libhal_bsp.a(alt_dcache_flush_all.o)
                              ../bsp\libhal_bsp.a(alt_load.o) (alt_dcache_flush_all)
../bsp\libhal_bsp.a(alt_dev.o)
                              ../bsp\libhal_bsp.a(alt_sys_init.o) (alt_dev_list)
../bsp\libhal_bsp.a(alt_dev_llist_insert.o)
                              ../bsp\libhal_bsp.a(alt_sys_init.o) (alt_dev_llist_insert)
../bsp\libhal_bsp.a(alt_do_ctors.o)
                              ../bsp\libhal_bsp.a(alt_main.o) (_do_ctors)
../bsp\libhal_bsp.a(alt_do_dtors.o)
                              ../bsp\libhal_bsp.a(alt_main.o) (_do_dtors)
../bsp\libhal_bsp.a(alt_errno.o)
                              ../bsp\libhal_bsp.a(alt_close.o) (alt_errno)
../bsp\libhal_bsp.a(alt_icache_flush_all.o)
                              ../bsp\libhal_bsp.a(alt_load.o) (alt_icache_flush_all)
../bsp\libhal_bsp.a(alt_io_redirect.o)
                              ../bsp\libhal_bsp.a(alt_main.o) (alt_io_redirect)
../bsp\libhal_bsp.a(alt_irq_entry.o)
                              ../bsp\libhal_bsp.a(alt_irq_register.o) (alt_irq_entry)
../bsp\libhal_bsp.a(alt_irq_handler.o)
                              ../bsp\libhal_bsp.a(alt_irq_register.o) (alt_irq)
../bsp\libhal_bsp.a(alt_open.o)
                              ../bsp\libhal_bsp.a(alt_io_redirect.o) (open)
../bsp\libhal_bsp.a(alt_release_fd.o)
[...]
Memory Configuration

Name             Origin             Length             Attributes
reset            0x0000000000010000 0x0000000000000020
onchip_memory2_0 0x0000000000010020 0x0000000000009c20
*default*        0x0000000000000000 0xffffffffffffffff

Linker script and memory map

LOAD ../bsp/obj/HAL/src/crt0.o
LOAD obj/default/main.o
LOAD c:/intelfpga_lite/18.1/nios2eds/bin/gnu/h-x86_64-mingw32/bin/../lib/gcc/nios2-elf/5.3.0/../../../../../H-x86_64-mingw32/nios2-elf/lib/mno-hw-mul\libstdc++.a
LOAD c:/intelfpga_lite/18.1/nios2eds/bin/gnu/h-x86_64-mingw32/bin/../lib/gcc/nios2-elf/5.3.0/../../../../../H-x86_64-mingw32/nios2-elf/lib/mno-hw-mul\libm.a
LOAD c:/intelfpga_lite/18.1/nios2eds/bin/gnu/h-x86_64-mingw32/bin/../lib/gcc/nios2-elf/5.3.0/mno-hw-mul\libgcc.a
START GROUP
LOAD c:/intelfpga_lite/18.1/nios2eds/bin/gnu/h-x86_64-mingw32/bin/../lib/gcc/nios2-elf/5.3.0/../../../../../H-x86_64-mingw32/nios2-elf/lib/mno-hw-mul\libc.a
LOAD c:/intelfpga_lite/18.1/nios2eds/bin/gnu/h-x86_64-mingw32/bin/../lib/gcc/nios2-elf/5.3.0/mno-hw-mul\libgcc.a
LOAD ../bsp\libhal_bsp.a
LOAD c:/intelfpga_lite/18.1/nios2eds/bin/gnu/h-x86_64-mingw32/bin/../lib/gcc/nios2-elf/5.3.0/../../../../../H-x86_64-mingw32/nios2-elf/lib/mno-hw-mul\libm.a
END GROUP
LOAD c:/intelfpga_lite/18.1/nios2eds/bin/gnu/h-x86_64-mingw32/bin/../lib/gcc/nios2-elf/5.3.0/mno-hw-mul\libgcc.a
                0x0000000000010000                __alt_mem_onchip_memory2_0 = 0x10000

.entry          0x0000000000010000       0x20
 *(.entry)
 .entry         0x0000000000010000       0x20 ../bsp/obj/HAL/src/crt0.o
                0x0000000000010000                __reset

.exceptions     0x0000000000010020      0x214
                0x0000000000010020                PROVIDE (__ram_exceptions_start, ABSOLUTE (.))
                0x0000000000010020                . = ALIGN (0x20)
 *(.irq)
 *(.exceptions.entry.label)
 .exceptions.entry.label
                0x0000000000010020        0x0 ../bsp\libhal_bsp.a(alt_irq_entry.o)
                0x0000000000010020                alt_irq_entry
 .exceptions.entry.label
                0x0000000000010020        0x0 ../bsp\libhal_bsp.a(alt_exception_entry.o)
                0x0000000000010020                alt_exception
 *(.exceptions.entry.user)
 *(.exceptions.entry.ecc_fatal)
 *(.exceptions.entry)
 .exceptions.entry
                0x0000000000010020       0x54 ../bsp\libhal_bsp.a(alt_exception_entry.o)
 *(.exceptions.irqtest.user)
 *(.exceptions.irqtest)
 .exceptions.irqtest
                0x0000000000010074       0x10 ../bsp\libhal_bsp.a(alt_irq_entry.o)
 *(.exceptions.irqhandler.user)
 *(.exceptions.irqhandler)
 .exceptions.irqhandler
                0x0000000000010084        0x4 ../bsp\libhal_bsp.a(alt_irq_entry.o)
 *(.exceptions.irqreturn.user)
 *(.exceptions.irqreturn)
 .exceptions.irqreturn
                0x0000000000010088        0x4 ../bsp\libhal_bsp.a(alt_irq_entry.o)
 *(.exceptions.notirq.label)
 .exceptions.notirq.label
                0x000000000001008c        0x0 ../bsp\libhal_bsp.a(alt_irq_entry.o)
 *(.exceptions.notirq.user)
 *(.exceptions.notirq)
 .exceptions.notirq
                0x000000000001008c        0x8 ../bsp\libhal_bsp.a(alt_exception_entry.o)
 *(.exceptions.soft.user)
 *(.exceptions.soft)
 *(.exceptions.unknown.user)
 *(.exceptions.unknown)
 .exceptions.unknown
                0x0000000000010094       0x14 ../bsp\libhal_bsp.a(alt_exception_entry.o)
 *(.exceptions.exit.label)
 .exceptions.exit.label
                0x00000000000100a8        0x0 ../bsp\libhal_bsp.a(alt_irq_entry.o)
 .exceptions.exit.label
                0x00000000000100a8        0x0 ../bsp\libhal_bsp.a(alt_exception_entry.o)
 *(.exceptions.exit.user)
 *(.exceptions.exit)
 .exceptions.exit
                0x00000000000100a8       0x54 ../bsp\libhal_bsp.a(alt_exception_entry.o)
 *(.exceptions)
 .exceptions    0x00000000000100fc       0xd8 ../bsp\libhal_bsp.a(alt_irq_handler.o)
                0x00000000000100fc                alt_irq_handler
 .exceptions    0x00000000000101d4       0x60 ../bsp\libhal_bsp.a(alt_instruction_exception_entry.o)
                0x00000000000101d4                alt_instruction_exception_entry
                0x0000000000010234                PROVIDE (__ram_exceptions_end, ABSOLUTE (.))
                0x0000000000010020                PROVIDE (__flash_exceptions_start, LOADADDR (.exceptions))

.text           0x0000000000010234     0x6030
                [!provide]                        PROVIDE (stext, ABSOLUTE (.))
 *(.interp)
 *(.hash)
 *(.dynsym)
 *(.dynstr)
 *(.gnu.version)
 *(.gnu.version_d)
 *(.gnu.version_r)
 *(.rel.init)
 *(.rela.init)
 *(.rel.text .rel.text.* .rel.gnu.linkonce.t.*)
 *(.rela.text .rela.text.* .rela.gnu.linkonce.t.*)
 *(.rel.fini)
 *(.rela.fini)
 *(.rel.rodata .rel.rodata.* .rel.gnu.linkonce.r.*)
 *(.rela.rodata .rela.rodata.* .rela.gnu.linkonce.r.*)
 *(.rel.data .rel.data.* .rel.gnu.linkonce.d.*)
 *(.rela.data .rela.data.* .rela.gnu.linkonce.d.*)
 *(.rel.tdata .rel.tdata.* .rel.gnu.linkonce.td.*)
 *(.rela.tdata .rela.tdata.* .rela.gnu.linkonce.td.*)
 *(.rel.tbss .rel.tbss.* .rel.gnu.linkonce.tb.*)
 *(.rela.tbss .rela.tbss.* .rela.gnu.linkonce.tb.*)
 *(.rel.ctors)
 *(.rela.ctors)
 *(.rel.dtors)
 *(.rela.dtors)
 *(.rel.got)
 *(.rela.got)
 *(.rel.sdata .rel.sdata.* .rel.gnu.linkonce.s.*)
 *(.rela.sdata .rela.sdata.* .rela.gnu.linkonce.s.*)
 *(.rel.sbss .rel.sbss.* .rel.gnu.linkonce.sb.*)
 *(.rela.sbss .rela.sbss.* .rela.gnu.linkonce.sb.*)
 *(.rel.sdata2 .rel.sdata2.* .rel.gnu.linkonce.s2.*)
 *(.rela.sdata2 .rela.sdata2.* .rela.gnu.linkonce.s2.*)
 *(.rel.sbss2 .rel.sbss2.* .rel.gnu.linkonce.sb2.*)
 *(.rela.sbss2 .rela.sbss2.* .rela.gnu.linkonce.sb2.*)
 *(.rel.bss .rel.bss.* .rel.gnu.linkonce.b.*)
 *(.rela.bss .rela.bss.* .rela.gnu.linkonce.b.*)
 *(.rel.plt)
 *(.rela.plt)
 *(.rel.dyn)
 *(.init)
 *(.plt)
 *(.text .stub .text.* .gnu.linkonce.t.*)
 .text          0x0000000000010234       0x3c ../bsp/obj/HAL/src/crt0.o
                0x0000000000010234                _start
 .text          0x0000000000010270      0x6e4 obj/default/main.o
                0x0000000000010270                acc_write
                0x00000000000102f0                acc_read
                0x000000000001036c                segment
                0x0000000000010894                main
 .text          0x0000000000010954      0x1b4 c:/intelfpga_lite/18.1/nios2eds/bin/gnu/h-x86_64-mingw32/bin/../lib/gcc/nios2-elf/5.3.0/mno-hw-mul\libgcc.a(lib2-divmod.o)
                0x0000000000010954                __divsi3
                0x00000000000109d8                __modsi3
                0x0000000000010a4c                __udivsi3
                0x0000000000010ab0                __umodsi3
 .text          0x0000000000010b08      0x86c c:/intelfpga_lite/18.1/nios2eds/bin/gnu/h-x86_64-mingw32/bin/../lib/gcc/nios2-elf/5.3.0/mno-hw-mul\libgcc.a(muldf3.o)
                0x0000000000010b08                __muldf3
 .text          0x0000000000011374       0x80 c:/intelfpga_lite/18.1/nios2eds/bin/gnu/h-x86_64-mingw32/bin/../lib/gcc/nios2-elf/5.3.0/mno-hw-mul\libgcc.a(fixdfsi.o)
                0x0000000000011374                __fixdfsi
 .text          0x00000000000113f4       0xdc c:/intelfpga_lite/18.1/nios2eds/bin/gnu/h-x86_64-mingw32/bin/../lib/gcc/nios2-elf/5.3.0/mno-hw-mul\libgcc.a(floatsidf.o)
                0x00000000000113f4                __floatsidf
 .text          0x00000000000114d0       0x64 c:/intelfpga_lite/18.1/nios2eds/bin/gnu/h-x86_64-mingw32/bin/../lib/gcc/nios2-elf/5.3.0/mno-hw-mul\libgcc.a(_clzsi2.o)
                0x00000000000114d0                __clzsi2
 .text          0x0000000000011534       0x28 c:/intelfpga_lite/18.1/nios2eds/bin/gnu/h-x86_64-mingw32/bin/../lib/gcc/nios2-elf/5.3.0/mno-hw-mul\libgcc.a(lib2-mul.o)
                0x0000000000011534                __mulsi3
 .text          0x000000000001155c        0x0 c:/intelfpga_lite/18.1/nios2eds/bin/gnu/h-x86_64-mingw32/bin/../lib/gcc/nios2-elf/5.3.0/mno-hw-mul\libgcc.a(_clz.o)
 .text          0x000000000001155c      0x180 ../bsp\libhal_bsp.a(alt_irq_register.o)
                0x000000000001155c                alt_irq_register
 .text          0x00000000000116dc        0x0 ../bsp\libhal_bsp.a(alt_irq_vars.o)
 .text          0x00000000000116dc       0xec ../bsp\libhal_bsp.a(alt_load.o)
                0x0000000000011744                alt_load
 .text          0x00000000000117c8       0x7c ../bsp\libhal_bsp.a(alt_main.o)
                0x00000000000117c8                alt_main
 .text          0x0000000000011844      0x22c ../bsp\libhal_bsp.a(alt_printf.o)
                0x0000000000011844                alt_printf
 .text          0x0000000000011a70       0x3c ../bsp\libhal_bsp.a(alt_putchar.o)
                0x0000000000011a70                alt_putchar
 .text          0x0000000000011aac       0xcc ../bsp\libhal_bsp.a(alt_sys_init.o)
                0x0000000000011ae0                alt_irq_init
                0x0000000000011b18                alt_sys_init
 .text          0x0000000000011b78      0x164 ../bsp\libhal_bsp.a(altera_avalon_jtag_uart_fd.o)
                0x0000000000011b78                altera_avalon_jtag_uart_read_fd
                0x0000000000011bd8                altera_avalon_jtag_uart_write_fd
                0x0000000000011c38                altera_avalon_jtag_uart_close_fd
                0x0000000000011c88                altera_avalon_jtag_uart_ioctl_fd
 .text          0x0000000000011cdc      0x3cc ../bsp\libhal_bsp.a(altera_avalon_jtag_uart_init.o)
                0x0000000000011cdc                altera_avalon_jtag_uart_init
                0x0000000000012040                altera_avalon_jtag_uart_close
 .text          0x00000000000120a8       0xf0 ../bsp\libhal_bsp.a(altera_avalon_jtag_uart_ioctl.o)
                0x00000000000120a8                altera_avalon_jtag_uart_ioctl
 .text          0x0000000000012198      0x21c ../bsp\libhal_bsp.a(altera_avalon_jtag_uart_read.o)
                0x0000000000012198                altera_avalon_jtag_uart_read
 .text          0x00000000000123b4      0x224 ../bsp\libhal_bsp.a(altera_avalon_jtag_uart_write.o)
                0x00000000000123b4                altera_avalon_jtag_uart_write
 .text          0x00000000000125d8       0xf0 ../bsp\libhal_bsp.a(altera_avalon_timer_sc.o)
                0x0000000000012654                alt_avalon_timer_sc_init
 .text          0x00000000000126c8      0x27c ../bsp\libhal_bsp.a(opencores_i2c.o)
                0x00000000000126c8                I2C_init
                0x0000000000012780                I2C_start
                0x000000000001281c                I2C_read
                0x0000000000012898                I2C_write
 .text          0x0000000000012944      0x12c ../bsp\libhal_bsp.a(alt_alarm_start.o)
                0x0000000000012944                alt_alarm_start
 .text          0x0000000000012a70      0x114 ../bsp\libhal_bsp.a(alt_close.o)
                0x0000000000012aac                close
 .text          0x0000000000012b84       0x20 ../bsp\libhal_bsp.a(alt_dcache_flush_all.o)
                0x0000000000012b84                alt_dcache_flush_all
 .text          0x0000000000012ba4       0x2c ../bsp\libhal_bsp.a(alt_dev.o)
 .text          0x0000000000012bd0       0xe0 ../bsp\libhal_bsp.a(alt_dev_llist_insert.o)
                0x0000000000012c0c                alt_dev_llist_insert
 .text          0x0000000000012cb0       0x60 ../bsp\libhal_bsp.a(alt_do_ctors.o)
                0x0000000000012cb0                _do_ctors
 .text          0x0000000000012d10       0x60 ../bsp\libhal_bsp.a(alt_do_dtors.o)
                0x0000000000012d10                _do_dtors
 .text          0x0000000000012d70        0x0 ../bsp\libhal_bsp.a(alt_errno.o)
 .text          0x0000000000012d70       0x20 ../bsp\libhal_bsp.a(alt_icache_flush_all.o)
                0x0000000000012d70                alt_icache_flush_all
 .text          0x0000000000012d90      0x160 ../bsp\libhal_bsp.a(alt_io_redirect.o)
                0x0000000000012e74                alt_io_redirect
 .text          0x0000000000012ef0        0x0 ../bsp\libhal_bsp.a(alt_irq_entry.o)
 .text          0x0000000000012ef0        0x0 ../bsp\libhal_bsp.a(alt_irq_handler.o)
 .text          0x0000000000012ef0      0x284 ../bsp\libhal_bsp.a(alt_open.o)
                0x0000000000013018                open
 .text          0x0000000000013174       0x84 ../bsp\libhal_bsp.a(alt_release_fd.o)
                0x0000000000013174                alt_release_fd
 .text          0x00000000000131f8      0x1a4 ../bsp\libhal_bsp.a(alt_tick.o)
                0x00000000000131f8                alt_alarm_stop
                0x0000000000013294                alt_tick
 .text          0x000000000001339c       0x24 ../bsp\libhal_bsp.a(altera_nios2_gen2_irq.o)
                0x000000000001339c                altera_nios2_gen2_irq_init
 .text          0x00000000000133c0        0x0 ../bsp\libhal_bsp.a(alt_exception_entry.o)
 .text          0x00000000000133c0       0x90 ../bsp\libhal_bsp.a(alt_find_dev.o)
                0x00000000000133c0                alt_find_dev
 .text          0x0000000000013450      0x108 ../bsp\libhal_bsp.a(alt_find_file.o)
                0x0000000000013450                alt_find_file
 .text          0x0000000000013558       0xc4 ../bsp\libhal_bsp.a(alt_get_fd.o)
                0x0000000000013558                alt_get_fd
 .text          0x000000000001361c       0x9c ../bsp\libhal_bsp.a(alt_instruction_exception_entry.o)
                0x000000000001361c                alt_exception_cause_generated_bad_addr
 .text          0x00000000000136b8        0x0 c:/intelfpga_lite/18.1/nios2eds/bin/gnu/h-x86_64-mingw32/bin/../lib/gcc/nios2-elf/5.3.0/../../../../../H-x86_64-mingw32/nios2-elf/lib/mno-hw-mul\libc.a(lib_a-atexit.o)
 .text.atexit   0x00000000000136b8       0x14 c:/intelfpga_lite/18.1/nios2eds/bin/gnu/h-x86_64-mingw32/bin/../lib/gcc/nios2-elf/5.3.0/../../../../../H-x86_64-mingw32/nios2-elf/lib/mno-hw-mul\libc.a(lib_a-atexit.o)
                0x00000000000136b8                atexit
 .text          0x00000000000136cc        0x0 c:/intelfpga_lite/18.1/nios2eds/bin/gnu/h-x86_64-mingw32/bin/../lib/gcc/nios2-elf/5.3.0/../../../../../H-x86_64-mingw32/nios2-elf/lib/mno-hw-mul\libc.a(lib_a-exit.o)
 .text.exit     0x00000000000136cc       0x38 c:/intelfpga_lite/18.1/nios2eds/bin/gnu/h-x86_64-mingw32/bin/../lib/gcc/nios2-elf/5.3.0/../../../../../H-x86_64-mingw32/nios2-elf/lib/mno-hw-mul\libc.a(lib_a-exit.o)
                0x00000000000136cc                exit
 .text          0x0000000000013704        0x0 c:/intelfpga_lite/18.1/nios2eds/bin/gnu/h-x86_64-mingw32/bin/../lib/gcc/nios2-elf/5.3.0/../../../../../H-x86_64-mingw32/nios2-elf/lib/mno-hw-mul\libc.a(lib_a-impure.o)
 .text          0x0000000000013704        0x0 c:/intelfpga_lite/18.1/nios2eds/bin/gnu/h-x86_64-mingw32/bin/../lib/gcc/nios2-elf/5.3.0/../../../../../H-x86_64-mingw32/nios2-elf/lib/mno-hw-mul\libc.a(lib_a-int_errno.o)
 .text          0x0000000000013704        0x0 c:/intelfpga_lite/18.1/nios2eds/bin/gnu/h-x86_64-mingw32/bin/../lib/gcc/nios2-elf/5.3.0/../../../../../H-x86_64-mingw32/nios2-elf/lib/mno-hw-mul\libc.a(lib_a-memcmp.o)
 .text.memcmp   0x0000000000013704       0x7c c:/intelfpga_lite/18.1/nios2eds/bin/gnu/h-x86_64-mingw32/bin/../lib/gcc/nios2-elf/5.3.0/../../../../../H-x86_64-mingw32/nios2-elf/lib/mno-hw-mul\libc.a(lib_a-memcmp.o)
                0x0000000000013704                memcmp
 .text          0x0000000000013780        0x0 c:/intelfpga_lite/18.1/nios2eds/bin/gnu/h-x86_64-mingw32/bin/../lib/gcc/nios2-elf/5.3.0/../../../../../H-x86_64-mingw32/nios2-elf/lib/mno-hw-mul\libc.a(lib_a-memcpy.o)
 .text.memcpy   0x0000000000013780      0x148 c:/intelfpga_lite/18.1/nios2eds/bin/gnu/h-x86_64-mingw32/bin/../lib/gcc/nios2-elf/5.3.0/../../../../../H-x86_64-mingw32/nios2-elf/lib/mno-hw-mul\libc.a(lib_a-memcpy.o)
                0x0000000000013780                memcpy
 .text          0x00000000000138c8        0x0 c:/intelfpga_lite/18.1/nios2eds/bin/gnu/h-x86_64-mingw32/bin/../lib/gcc/nios2-elf/5.3.0/../../../../../H-x86_64-mingw32/nios2-elf/lib/mno-hw-mul\libc.a(lib_a-putc.o)
 .text._putc_r  0x00000000000138c8       0xa0 c:/intelfpga_lite/18.1/nios2eds/bin/gnu/h-x86_64-mingw32/bin/../lib/gcc/nios2-elf/5.3.0/../../../../../H-x86_64-mingw32/nios2-elf/lib/mno-hw-mul\libc.a(lib_a-putc.o)
                0x00000000000138c8                _putc_r
 .text.putc     0x0000000000013968       0xc8 c:/intelfpga_lite/18.1/nios2eds/bin/gnu/h-x86_64-mingw32/bin/../lib/gcc/nios2-elf/5.3.0/../../../../../H-x86_64-mingw32/nios2-elf/lib/mno-hw-mul\libc.a(lib_a-putc.o)
                0x0000000000013968                putc
 .text          0x0000000000013a30        0x0 c:/intelfpga_lite/18.1/nios2eds/bin/gnu/h-x86_64-mingw32/bin/../lib/gcc/nios2-elf/5.3.0/../../../../../H-x86_64-mingw32/nios2-elf/lib/mno-hw-mul\libc.a(lib_a-strlen.o)
 .text.strlen   0x0000000000013a30       0x98 c:/intelfpga_lite/18.1/nios2eds/bin/gnu/h-x86_64-mingw32/bin/../lib/gcc/nios2-elf/5.3.0/../../../../../H-x86_64-mingw32/nios2-elf/lib/mno-hw-mul\libc.a(lib_a-strlen.o)
                0x0000000000013a30                strlen
 .text          0x0000000000013ac8        0x0 c:/intelfpga_lite/18.1/nios2eds/bin/gnu/h-x86_64-mingw32/bin/../lib/gcc/nios2-elf/5.3.0/../../../../../H-x86_64-mingw32/nios2-elf/lib/mno-hw-mul\libc.a(lib_a-wbuf.o)
 .text.__swbuf_r
                0x0000000000013ac8      0x140 c:/intelfpga_lite/18.1/nios2eds/bin/gnu/h-x86_64-mingw32/bin/../lib/gcc/nios2-elf/5.3.0/../../../../../H-x86_64-mingw32/nios2-elf/lib/mno-hw-mul\libc.a(lib_a-wbuf.o)
                0x0000000000013ac8                __swbuf_r
 .text.__swbuf  0x0000000000013c08       0x18 c:/intelfpga_lite/18.1/nios2eds/bin/gnu/h-x86_64-mingw32/bin/../lib/gcc/nios2-elf/5.3.0/../../../../../H-x86_64-mingw32/nios2-elf/lib/mno-hw-mul\libc.a(lib_a-wbuf.o)
                0x0000000000013c08                __swbuf
 .text          0x0000000000013c20        0x0 c:/intelfpga_lite/18.1/nios2eds/bin/gnu/h-x86_64-mingw32/bin/../lib/gcc/nios2-elf/5.3.0/../../../../../H-x86_64-mingw32/nios2-elf/lib/mno-hw-mul\libc.a(lib_a-wsetup.o)
 .text.__swsetup_r
                0x0000000000013c20      0x154 c:/intelfpga_lite/18.1/nios2eds/bin/gnu/h-x86_64-mingw32/bin/../lib/gcc/nios2-elf/5.3.0/../../../../../H-x86_64-mingw32/nios2-elf/lib/mno-hw-mul\libc.a(lib_a-wsetup.o)
                0x0000000000013c20                __swsetup_r
 .text          0x0000000000013d74        0x0 c:/intelfpga_lite/18.1/nios2eds/bin/gnu/h-x86_64-mingw32/bin/../lib/gcc/nios2-elf/5.3.0/../../../../../H-x86_64-mingw32/nios2-elf/lib/mno-hw-mul\libc.a(lib_a-__atexit.o)
 .text.__register_exitproc
                0x0000000000013d74      0x118 c:/intelfpga_lite/18.1/nios2eds/bin/gnu/h-x86_64-mingw32/bin/../lib/gcc/nios2-elf/5.3.0/../../../../../H-x86_64-mingw32/nios2-elf/lib/mno-hw-mul\libc.a(lib_a-__atexit.o)
                0x0000000000013d74                __register_exitproc
 .text          0x0000000000013e8c        0x0 c:/intelfpga_lite/18.1/nios2eds/bin/gnu/h-x86_64-mingw32/bin/../lib/gcc/nios2-elf/5.3.0/../../../../../H-x86_64-mingw32/nios2-elf/lib/mno-hw-mul\libc.a(lib_a-__call_atexit.o)
 .text.__call_exitprocs
                0x0000000000013e8c      0x180 c:/intelfpga_lite/18.1/nios2eds/bin/gnu/h-x86_64-mingw32/bin/../lib/gcc/nios2-elf/5.3.0/../../../../../H-x86_64-mingw32/nios2-elf/lib/mno-hw-mul\libc.a(lib_a-__call_atexit.o)
                0x0000000000013e8c                __call_exitprocs
 .text          0x000000000001400c        0x0 c:/intelfpga_lite/18.1/nios2eds/bin/gnu/h-x86_64-mingw32/bin/../lib/gcc/nios2-elf/5.3.0/../../../../../H-x86_64-mingw32/nios2-elf/lib/mno-hw-mul\libc.a(lib_a-fflush.o)
 .text.__sflush_r
                0x000000000001400c      0x21c c:/intelfpga_lite/18.1/nios2eds/bin/gnu/h-x86_64-mingw32/bin/../lib/gcc/nios2-elf/5.3.0/../../../../../H-x86_64-mingw32/nios2-elf/lib/mno-hw-mul\libc.a(lib_a-fflush.o)
                0x000000000001400c                __sflush_r
 .text._fflush_r
                0x0000000000014228       0x5c c:/intelfpga_lite/18.1/nios2eds/bin/gnu/h-x86_64-mingw32/bin/../lib/gcc/nios2-elf/5.3.0/../../../../../H-x86_64-mingw32/nios2-elf/lib/mno-hw-mul\libc.a(lib_a-fflush.o)
                0x0000000000014228                _fflush_r
 .text.fflush   0x0000000000014284       0x30 c:/intelfpga_lite/18.1/nios2eds/bin/gnu/h-x86_64-mingw32/bin/../lib/gcc/nios2-elf/5.3.0/../../../../../H-x86_64-mingw32/nios2-elf/lib/mno-hw-mul\libc.a(lib_a-fflush.o)
                0x0000000000014284                fflush
 .text          0x00000000000142b4        0x0 c:/intelfpga_lite/18.1/nios2eds/bin/gnu/h-x86_64-mingw32/bin/../lib/gcc/nios2-elf/5.3.0/../../../../../H-x86_64-mingw32/nios2-elf/lib/mno-hw-mul\libc.a(lib_a-findfp.o)
 .text.__fp_unlock
                0x00000000000142b4        0x8 c:/intelfpga_lite/18.1/nios2eds/bin/gnu/h-x86_64-mingw32/bin/../lib/gcc/nios2-elf/5.3.0/../../../../../H-x86_64-mingw32/nios2-elf/lib/mno-hw-mul\libc.a(lib_a-findfp.o)
 .text._cleanup_r
                0x00000000000142bc        0xc c:/intelfpga_lite/18.1/nios2eds/bin/gnu/h-x86_64-mingw32/bin/../lib/gcc/nios2-elf/5.3.0/../../../../../H-x86_64-mingw32/nios2-elf/lib/mno-hw-mul\libc.a(lib_a-findfp.o)
                0x00000000000142bc                _cleanup_r
 .text.__sinit.part.1
                0x00000000000142c8      0x19c c:/intelfpga_lite/18.1/nios2eds/bin/gnu/h-x86_64-mingw32/bin/../lib/gcc/nios2-elf/5.3.0/../../../../../H-x86_64-mingw32/nios2-elf/lib/mno-hw-mul\libc.a(lib_a-findfp.o)
 .text.__fp_lock
                0x0000000000014464        0x8 c:/intelfpga_lite/18.1/nios2eds/bin/gnu/h-x86_64-mingw32/bin/../lib/gcc/nios2-elf/5.3.0/../../../../../H-x86_64-mingw32/nios2-elf/lib/mno-hw-mul\libc.a(lib_a-findfp.o)
 .text.__sfmoreglue
                0x000000000001446c       0x78 c:/intelfpga_lite/18.1/nios2eds/bin/gnu/h-x86_64-mingw32/bin/../lib/gcc/nios2-elf/5.3.0/../../../../../H-x86_64-mingw32/nios2-elf/lib/mno-hw-mul\libc.a(lib_a-findfp.o)
                0x000000000001446c                __sfmoreglue
 .text.__sfp    0x00000000000144e4      0x118 c:/intelfpga_lite/18.1/nios2eds/bin/gnu/h-x86_64-mingw32/bin/../lib/gcc/nios2-elf/5.3.0/../../../../../H-x86_64-mingw32/nios2-elf/lib/mno-hw-mul\libc.a(lib_a-findfp.o)
                0x00000000000144e4                __sfp
 .text._cleanup
                0x00000000000145fc       0x18 c:/intelfpga_lite/18.1/nios2eds/bin/gnu/h-x86_64-mingw32/bin/../lib/gcc/nios2-elf/5.3.0/../../../../../H-x86_64-mingw32/nios2-elf/lib/mno-hw-mul\libc.a(lib_a-findfp.o)
                0x00000000000145fc                _cleanup
 .text.__sinit  0x0000000000014614       0x10 c:/intelfpga_lite/18.1/nios2eds/bin/gnu/h-x86_64-mingw32/bin/../lib/gcc/nios2-elf/5.3.0/../../../../../H-x86_64-mingw32/nios2-elf/lib/mno-hw-mul\libc.a(lib_a-findfp.o)
                0x0000000000014614                __sinit
 .text.__sfp_lock_acquire
                0x0000000000014624        0x4 c:/intelfpga_lite/18.1/nios2eds/bin/gnu/h-x86_64-mingw32/bin/../lib/gcc/nios2-elf/5.3.0/../../../../../H-x86_64-mingw32/nios2-elf/lib/mno-hw-mul\libc.a(lib_a-findfp.o)
                0x0000000000014624                __sfp_lock_acquire
 .text.__sfp_lock_release
                0x0000000000014628        0x4 c:/intelfpga_lite/18.1/nios2eds/bin/gnu/h-x86_64-mingw32/bin/../lib/gcc/nios2-elf/5.3.0/../../../../../H-x86_64-mingw32/nios2-elf/lib/mno-hw-mul\libc.a(lib_a-findfp.o)
                0x0000000000014628                __sfp_lock_release
 .text.__sinit_lock_acquire
                0x000000000001462c        0x4 c:/intelfpga_lite/18.1/nios2eds/bin/gnu/h-x86_64-mingw32/bin/../lib/gcc/nios2-elf/5.3.0/../../../../../H-x86_64-mingw32/nios2-elf/lib/mno-hw-mul\libc.a(lib_a-findfp.o)
                0x000000000001462c                __sinit_lock_acquire
 .text.__sinit_lock_release
                0x0000000000014630        0x4 c:/intelfpga_lite/18.1/nios2eds/bin/gnu/h-x86_64-mingw32/bin/../lib/gcc/nios2-elf/5.3.0/../../../../../H-x86_64-mingw32/nios2-elf/lib/mno-hw-mul\libc.a(lib_a-findfp.o)
                0x0000000000014630                __sinit_lock_release
 .text.__fp_lock_all
                0x0000000000014634       0x18 c:/intelfpga_lite/18.1/nios2eds/bin/gnu/h-x86_64-mingw32/bin/../lib/gcc/nios2-elf/5.3.0/../../../../../H-x86_64-mingw32/nios2-elf/lib/mno-hw-mul\libc.a(lib_a-findfp.o)
                0x0000000000014634                __fp_lock_all
 .text.__fp_unlock_all
                0x000000000001464c       0x18 c:/intelfpga_lite/18.1/nios2eds/bin/gnu/h-x86_64-mingw32/bin/../lib/gcc/nios2-elf/5.3.0/../../../../../H-x86_64-mingw32/nios2-elf/lib/mno-hw-mul\libc.a(lib_a-findfp.o)
                0x000000000001464c                __fp_unlock_all
 .text          0x0000000000014664        0x0 c:/intelfpga_lite/18.1/nios2eds/bin/gnu/h-x86_64-mingw32/bin/../lib/gcc/nios2-elf/5.3.0/../../../../../H-x86_64-mingw32/nios2-elf/lib/mno-hw-mul\libc.a(lib_a-freer.o)
 .text._malloc_trim_r
                0x0000000000014664      0x124 c:/intelfpga_lite/18.1/nios2eds/bin/gnu/h-x86_64-mingw32/bin/../lib/gcc/nios2-elf/5.3.0/../../../../../H-x86_64-mingw32/nios2-elf/lib/mno-hw-mul\libc.a(lib_a-freer.o)
                0x0000000000014664                _malloc_trim_r
 .text._free_r  0x0000000000014788      0x310 c:/intelfpga_lite/18.1/nios2eds/bin/gnu/h-x86_64-mingw32/bin/../lib/gcc/nios2-elf/5.3.0/../../../../../H-x86_64-mingw32/nios2-elf/lib/mno-hw-mul\libc.a(lib_a-freer.o)
                0x0000000000014788                _free_r
 .text          0x0000000000014a98        0x0 c:/intelfpga_lite/18.1/nios2eds/bin/gnu/h-x86_64-mingw32/bin/../lib/gcc/nios2-elf/5.3.0/../../../../../H-x86_64-mingw32/nios2-elf/lib/mno-hw-mul\libc.a(lib_a-fwalk.o)
 .text._fwalk   0x0000000000014a98       0xc4 c:/intelfpga_lite/18.1/nios2eds/bin/gnu/h-x86_64-mingw32/bin/../lib/gcc/nios2-elf/5.3.0/../../../../../H-x86_64-mingw32/nios2-elf/lib/mno-hw-mul\libc.a(lib_a-fwalk.o)
                0x0000000000014a98                _fwalk
 .text._fwalk_reent
                0x0000000000014b5c       0xc4 c:/intelfpga_lite/18.1/nios2eds/bin/gnu/h-x86_64-mingw32/bin/../lib/gcc/nios2-elf/5.3.0/../../../../../H-x86_64-mingw32/nios2-elf/lib/mno-hw-mul\libc.a(lib_a-fwalk.o)
                0x0000000000014b5c                _fwalk_reent
 .text          0x0000000000014c20        0x0 c:/intelfpga_lite/18.1/nios2eds/bin/gnu/h-x86_64-mingw32/bin/../lib/gcc/nios2-elf/5.3.0/../../../../../H-x86_64-mingw32/nios2-elf/lib/mno-hw-mul\libc.a(lib_a-makebuf.o)
 .text.__smakebuf_r
                0x0000000000014c20      0x1bc c:/intelfpga_lite/18.1/nios2eds/bin/gnu/h-x86_64-mingw32/bin/../lib/gcc/nios2-elf/5.3.0/../../../../../H-x86_64-mingw32/nios2-elf/lib/mno-hw-mul\libc.a(lib_a-makebuf.o)
                0x0000000000014c20                __smakebuf_r
 .text          0x0000000000014ddc        0x0 c:/intelfpga_lite/18.1/nios2eds/bin/gnu/h-x86_64-mingw32/bin/../lib/gcc/nios2-elf/5.3.0/../../../../../H-x86_64-mingw32/nios2-elf/lib/mno-hw-mul\libc.a(lib_a-mallocr.o)
 .text._malloc_r
                0x0000000000014ddc      0x80c c:/intelfpga_lite/18.1/nios2eds/bin/gnu/h-x86_64-mingw32/bin/../lib/gcc/nios2-elf/5.3.0/../../../../../H-x86_64-mingw32/nios2-elf/lib/mno-hw-mul\libc.a(lib_a-mallocr.o)
                0x0000000000014ddc                _malloc_r
 .text          0x00000000000155e8        0x0 c:/intelfpga_lite/18.1/nios2eds/bin/gnu/h-x86_64-mingw32/bin/../lib/gcc/nios2-elf/5.3.0/../../../../../H-x86_64-mingw32/nios2-elf/lib/mno-hw-mul\libc.a(lib_a-memset.o)
 .text.memset   0x00000000000155e8      0x128 c:/intelfpga_lite/18.1/nios2eds/bin/gnu/h-x86_64-mingw32/bin/../lib/gcc/nios2-elf/5.3.0/../../../../../H-x86_64-mingw32/nios2-elf/lib/mno-hw-mul\libc.a(lib_a-memset.o)
                0x00000000000155e8                memset
 .text          0x0000000000015710        0x0 c:/intelfpga_lite/18.1/nios2eds/bin/gnu/h-x86_64-mingw32/bin/../lib/gcc/nios2-elf/5.3.0/../../../../../H-x86_64-mingw32/nios2-elf/lib/mno-hw-mul\libc.a(lib_a-sbrkr.o)
 .text._sbrk_r  0x0000000000015710       0x54 c:/intelfpga_lite/18.1/nios2eds/bin/gnu/h-x86_64-mingw32/bin/../lib/gcc/nios2-elf/5.3.0/../../../../../H-x86_64-mingw32/nios2-elf/lib/mno-hw-mul\libc.a(lib_a-sbrkr.o)
                0x0000000000015710                _sbrk_r
 .text          0x0000000000015764        0x0 c:/intelfpga_lite/18.1/nios2eds/bin/gnu/h-x86_64-mingw32/bin/../lib/gcc/nios2-elf/5.3.0/../../../../../H-x86_64-mingw32/nios2-elf/lib/mno-hw-mul\libc.a(lib_a-stdio.o)
 .text.__sread  0x0000000000015764       0x54 c:/intelfpga_lite/18.1/nios2eds/bin/gnu/h-x86_64-mingw32/bin/../lib/gcc/nios2-elf/5.3.0/../../../../../H-x86_64-mingw32/nios2-elf/lib/mno-hw-mul\libc.a(lib_a-stdio.o)
                0x0000000000015764                __sread
 .text.__seofread
                0x00000000000157b8        0x8 c:/intelfpga_lite/18.1/nios2eds/bin/gnu/h-x86_64-mingw32/bin/../lib/gcc/nios2-elf/5.3.0/../../../../../H-x86_64-mingw32/nios2-elf/lib/mno-hw-mul\libc.a(lib_a-stdio.o)
                0x00000000000157b8                __seofread
 .text.__swrite
                0x00000000000157c0       0x7c c:/intelfpga_lite/18.1/nios2eds/bin/gnu/h-x86_64-mingw32/bin/../lib/gcc/nios2-elf/5.3.0/../../../../../H-x86_64-mingw32/nios2-elf/lib/mno-hw-mul\libc.a(lib_a-stdio.o)
                0x00000000000157c0                __swrite
 .text.__sseek  0x000000000001583c       0x5c c:/intelfpga_lite/18.1/nios2eds/bin/gnu/h-x86_64-mingw32/bin/../lib/gcc/nios2-elf/5.3.0/../../../../../H-x86_64-mingw32/nios2-elf/lib/mno-hw-mul\libc.a(lib_a-stdio.o)
                0x000000000001583c                __sseek
 .text.__sclose
                0x0000000000015898        0x8 c:/intelfpga_lite/18.1/nios2eds/bin/gnu/h-x86_64-mingw32/bin/../lib/gcc/nios2-elf/5.3.0/../../../../../H-x86_64-mingw32/nios2-elf/lib/mno-hw-mul\libc.a(lib_a-stdio.o)
                0x0000000000015898                __sclose
 .text          0x00000000000158a0        0x0 c:/intelfpga_lite/18.1/nios2eds/bin/gnu/h-x86_64-mingw32/bin/../lib/gcc/nios2-elf/5.3.0/../../../../../H-x86_64-mingw32/nios2-elf/lib/mno-hw-mul\libc.a(lib_a-writer.o)
 .text._write_r
                0x00000000000158a0       0x60 c:/intelfpga_lite/18.1/nios2eds/bin/gnu/h-x86_64-mingw32/bin/../lib/gcc/nios2-elf/5.3.0/../../../../../H-x86_64-mingw32/nios2-elf/lib/mno-hw-mul\libc.a(lib_a-writer.o)
                0x00000000000158a0                _write_r
 .text          0x0000000000015900        0x0 c:/intelfpga_lite/18.1/nios2eds/bin/gnu/h-x86_64-mingw32/bin/../lib/gcc/nios2-elf/5.3.0/../../../../../H-x86_64-mingw32/nios2-elf/lib/mno-hw-mul\libc.a(closer.o)
 .text._close_r
                0x0000000000015900       0x54 c:/intelfpga_lite/18.1/nios2eds/bin/gnu/h-x86_64-mingw32/bin/../lib/gcc/nios2-elf/5.3.0/../../../../../H-x86_64-mingw32/nios2-elf/lib/mno-hw-mul\libc.a(closer.o)
                0x0000000000015900                _close_r
 .text          0x0000000000015954        0x0 c:/intelfpga_lite/18.1/nios2eds/bin/gnu/h-x86_64-mingw32/bin/../lib/gcc/nios2-elf/5.3.0/../../../../../H-x86_64-mingw32/nios2-elf/lib/mno-hw-mul\libc.a(lib_a-fclose.o)
 .text._fclose_r
                0x0000000000015954       0xf0 c:/intelfpga_lite/18.1/nios2eds/bin/gnu/h-x86_64-mingw32/bin/../lib/gcc/nios2-elf/5.3.0/../../../../../H-x86_64-mingw32/nios2-elf/lib/mno-hw-mul\libc.a(lib_a-fclose.o)
                0x0000000000015954                _fclose_r
 .text.fclose   0x0000000000015a44       0x14 c:/intelfpga_lite/18.1/nios2eds/bin/gnu/h-x86_64-mingw32/bin/../lib/gcc/nios2-elf/5.3.0/../../../../../H-x86_64-mingw32/nios2-elf/lib/mno-hw-mul\libc.a(lib_a-fclose.o)
                0x0000000000015a44                fclose
 .text          0x0000000000015a58        0x0 c:/intelfpga_lite/18.1/nios2eds/bin/gnu/h-x86_64-mingw32/bin/../lib/gcc/nios2-elf/5.3.0/../../../../../H-x86_64-mingw32/nios2-elf/lib/mno-hw-mul\libc.a(lib_a-fstatr.o)
 .text._fstat_r
                0x0000000000015a58       0x5c c:/intelfpga_lite/18.1/nios2eds/bin/gnu/h-x86_64-mingw32/bin/../lib/gcc/nios2-elf/5.3.0/../../../../../H-x86_64-mingw32/nios2-elf/lib/mno-hw-mul\libc.a(lib_a-fstatr.o)
                0x0000000000015a58                _fstat_r
 .text          0x0000000000015ab4        0x0 c:/intelfpga_lite/18.1/nios2eds/bin/gnu/h-x86_64-mingw32/bin/../lib/gcc/nios2-elf/5.3.0/../../../../../H-x86_64-mingw32/nios2-elf/lib/mno-hw-mul\libc.a(lib_a-isattyr.o)
 .text._isatty_r
                0x0000000000015ab4       0x54 c:/intelfpga_lite/18.1/nios2eds/bin/gnu/h-x86_64-mingw32/bin/../lib/gcc/nios2-elf/5.3.0/../../../../../H-x86_64-mingw32/nios2-elf/lib/mno-hw-mul\libc.a(lib_a-isattyr.o)
                0x0000000000015ab4                _isatty_r
 .text          0x0000000000015b08        0x0 c:/intelfpga_lite/18.1/nios2eds/bin/gnu/h-x86_64-mingw32/bin/../lib/gcc/nios2-elf/5.3.0/../../../../../H-x86_64-mingw32/nios2-elf/lib/mno-hw-mul\libc.a(lib_a-lseekr.o)
 .text._lseek_r
                0x0000000000015b08       0x60 c:/intelfpga_lite/18.1/nios2eds/bin/gnu/h-x86_64-mingw32/bin/../lib/gcc/nios2-elf/5.3.0/../../../../../H-x86_64-mingw32/nios2-elf/lib/mno-hw-mul\libc.a(lib_a-lseekr.o)
                0x0000000000015b08                _lseek_r
 .text          0x0000000000015b68        0x0 c:/intelfpga_lite/18.1/nios2eds/bin/gnu/h-x86_64-mingw32/bin/../lib/gcc/nios2-elf/5.3.0/../../../../../H-x86_64-mingw32/nios2-elf/lib/mno-hw-mul\libc.a(lib_a-readr.o)
 .text._read_r  0x0000000000015b68       0x60 c:/intelfpga_lite/18.1/nios2eds/bin/gnu/h-x86_64-mingw32/bin/../lib/gcc/nios2-elf/5.3.0/../../../../../H-x86_64-mingw32/nios2-elf/lib/mno-hw-mul\libc.a(lib_a-readr.o)
                0x0000000000015b68                _read_r
 .text          0x0000000000015bc8       0x34 ../bsp\libhal_bsp.a(alt_exit.o)
                0x0000000000015bc8                _exit
 .text          0x0000000000015bfc       0xf4 ../bsp\libhal_bsp.a(alt_fstat.o)
                0x0000000000015c38                fstat
 .text          0x0000000000015cf0       0xe8 ../bsp\libhal_bsp.a(alt_isatty.o)
                0x0000000000015d2c                isatty
 .text          0x0000000000015dd8      0x118 ../bsp\libhal_bsp.a(alt_lseek.o)
                0x0000000000015e14                lseek
 .text          0x0000000000015ef0       0x48 ../bsp\libhal_bsp.a(alt_malloc_lock.o)
                0x0000000000015ef0                __malloc_lock
                0x0000000000015f14                __malloc_unlock
 .text          0x0000000000015f38      0x140 ../bsp\libhal_bsp.a(alt_read.o)
                0x0000000000015f74                read
 .text          0x0000000000016078       0xb0 ../bsp\libhal_bsp.a(alt_sbrk.o)
                0x0000000000016078                sbrk
 .text          0x0000000000016128      0x13c ../bsp\libhal_bsp.a(alt_write.o)
                0x0000000000016164                write
 *(.gnu.warning.*)
 *(.fini)
                [!provide]                        PROVIDE (__etext, ABSOLUTE (.))
                [!provide]                        PROVIDE (_etext, ABSOLUTE (.))
                [!provide]                        PROVIDE (etext, ABSOLUTE (.))
 *(.eh_frame_hdr)
                0x0000000000016264                . = ALIGN (0x4)
                [!provide]                        PROVIDE (__preinit_array_start, ABSOLUTE (.))
 *(.preinit_array)
                [!provide]                        PROVIDE (__preinit_array_end, ABSOLUTE (.))
                [!provide]                        PROVIDE (__init_array_start, ABSOLUTE (.))
 *(.init_array)
                [!provide]                        PROVIDE (__init_array_end, ABSOLUTE (.))
                [!provide]                        PROVIDE (__fini_array_start, ABSOLUTE (.))
 *(.fini_array)
                [!provide]                        PROVIDE (__fini_array_end, ABSOLUTE (.))
 *(.eh_frame)
 *(.gcc_except_table .gcc_except_table.*)
 *(.dynamic)
                0x0000000000016264                PROVIDE (__CTOR_LIST__, ABSOLUTE (.))
 *(.ctors)
 *(SORT(.ctors.*))
                0x0000000000016264                PROVIDE (__CTOR_END__, ABSOLUTE (.))
                0x0000000000016264                PROVIDE (__DTOR_LIST__, ABSOLUTE (.))
 *(.dtors)
 *(SORT(.dtors.*))
                0x0000000000016264                PROVIDE (__DTOR_END__, ABSOLUTE (.))
 *(.jcr)
                0x0000000000016264                . = ALIGN (0x4)

.rodata         0x0000000000016264      0x148
                0x0000000000016264                PROVIDE (__ram_rodata_start, ABSOLUTE (.))
                0x0000000000016264                . = ALIGN (0x4)
 *(.rodata .rodata.* .gnu.linkonce.r.*)
 .rodata        0x0000000000016264        0xd obj/default/main.o
 .rodata        0x0000000000016271      0x100 c:/intelfpga_lite/18.1/nios2eds/bin/gnu/h-x86_64-mingw32/bin/../lib/gcc/nios2-elf/5.3.0/mno-hw-mul\libgcc.a(_clz.o)
                0x0000000000016271                __clz_tab
 *fill*         0x0000000000016371        0x3 
 .rodata        0x0000000000016374       0x11 ../bsp\libhal_bsp.a(alt_main.o)
 *fill*         0x0000000000016385        0x3 
 .rodata        0x0000000000016388       0x11 ../bsp\libhal_bsp.a(alt_sys_init.o)
 *fill*         0x0000000000016399        0x3 
 .rodata        0x000000000001639c        0xa ../bsp\libhal_bsp.a(alt_dev.o)
 *fill*         0x00000000000163a6        0x2 
 .rodata.str1.4
                0x00000000000163a8        0x4 c:/intelfpga_lite/18.1/nios2eds/bin/gnu/h-x86_64-mingw32/bin/../lib/gcc/nios2-elf/5.3.0/../../../../../H-x86_64-mingw32/nios2-elf/lib/mno-hw-mul\libc.a(lib_a-impure.o)
                                          0x2 (size before relaxing)
 *(.rodata1)
                0x00000000000163ac                . = ALIGN (0x4)
                0x00000000000163ac                PROVIDE (__ram_rodata_end, ABSOLUTE (.))
                0x0000000000016264                PROVIDE (__flash_rodata_start, LOADADDR (.rodata))

.rwdata         0x00000000000163ac     0x1a6c load address 0x0000000000017e18
                0x00000000000163ac                PROVIDE (__ram_rwdata_start, ABSOLUTE (.))
                0x00000000000163ac                . = ALIGN (0x4)
 *(.got.plt)
 *(.got)
 *(.data1)
 *(.data .data.* .gnu.linkonce.d.*)
 .data          0x00000000000163ac        0x0 ../bsp/obj/HAL/src/crt0.o
 .data          0x00000000000163ac        0x0 obj/default/main.o
 .data          0x00000000000163ac        0x0 c:/intelfpga_lite/18.1/nios2eds/bin/gnu/h-x86_64-mingw32/bin/../lib/gcc/nios2-elf/5.3.0/mno-hw-mul\libgcc.a(lib2-divmod.o)
 .data          0x00000000000163ac        0x0 c:/intelfpga_lite/18.1/nios2eds/bin/gnu/h-x86_64-mingw32/bin/../lib/gcc/nios2-elf/5.3.0/mno-hw-mul\libgcc.a(muldf3.o)
 .data          0x00000000000163ac        0x0 c:/intelfpga_lite/18.1/nios2eds/bin/gnu/h-x86_64-mingw32/bin/../lib/gcc/nios2-elf/5.3.0/mno-hw-mul\libgcc.a(fixdfsi.o)
 .data          0x00000000000163ac        0x0 c:/intelfpga_lite/18.1/nios2eds/bin/gnu/h-x86_64-mingw32/bin/../lib/gcc/nios2-elf/5.3.0/mno-hw-mul\libgcc.a(floatsidf.o)
 .data          0x00000000000163ac        0x0 c:/intelfpga_lite/18.1/nios2eds/bin/gnu/h-x86_64-mingw32/bin/../lib/gcc/nios2-elf/5.3.0/mno-hw-mul\libgcc.a(_clzsi2.o)
 .data          0x00000000000163ac        0x0 c:/intelfpga_lite/18.1/nios2eds/bin/gnu/h-x86_64-mingw32/bin/../lib/gcc/nios2-elf/5.3.0/mno-hw-mul\libgcc.a(lib2-mul.o)
 .data          0x00000000000163ac        0x0 c:/intelfpga_lite/18.1/nios2eds/bin/gnu/h-x86_64-mingw32/bin/../lib/gcc/nios2-elf/5.3.0/mno-hw-mul\libgcc.a(_clz.o)
 .data          0x00000000000163ac        0x0 ../bsp\libhal_bsp.a(alt_irq_register.o)
 .data          0x00000000000163ac        0x0 ../bsp\libhal_bsp.a(alt_irq_vars.o)
 .data          0x00000000000163ac        0x0 ../bsp\libhal_bsp.a(alt_load.o)
 .data          0x00000000000163ac        0x0 ../bsp\libhal_bsp.a(alt_main.o)
 .data          0x00000000000163ac        0x0 ../bsp\libhal_bsp.a(alt_printf.o)
 .data          0x00000000000163ac        0x0 ../bsp\libhal_bsp.a(alt_putchar.o)
 .data          0x00000000000163ac     0x1060 ../bsp\libhal_bsp.a(alt_sys_init.o)
 .data          0x000000000001740c        0x0 ../bsp\libhal_bsp.a(altera_avalon_jtag_uart_fd.o)
 .data          0x000000000001740c        0x0 ../bsp\libhal_bsp.a(altera_avalon_jtag_uart_init.o)
 .data          0x000000000001740c        0x0 ../bsp\libhal_bsp.a(altera_avalon_jtag_uart_ioctl.o)
 .data          0x000000000001740c        0x0 ../bsp\libhal_bsp.a(altera_avalon_jtag_uart_read.o)
 .data          0x000000000001740c        0x0 ../bsp\libhal_bsp.a(altera_avalon_jtag_uart_write.o)
 .data          0x000000000001740c        0x0 ../bsp\libhal_bsp.a(altera_avalon_timer_sc.o)
 .data          0x000000000001740c        0x0 ../bsp\libhal_bsp.a(opencores_i2c.o)
 .data          0x000000000001740c        0x0 ../bsp\libhal_bsp.a(alt_alarm_start.o)
 .data          0x000000000001740c        0x0 ../bsp\libhal_bsp.a(alt_close.o)
 .data          0x000000000001740c        0x0 ../bsp\libhal_bsp.a(alt_dcache_flush_all.o)
 .data          0x000000000001740c      0x1a8 ../bsp\libhal_bsp.a(alt_dev.o)
                0x000000000001740c                alt_dev_null
                0x0000000000017434                alt_fd_list
 .data          0x00000000000175b4        0x0 ../bsp\libhal_bsp.a(alt_dev_llist_insert.o)
 .data          0x00000000000175b4        0x0 ../bsp\libhal_bsp.a(alt_do_ctors.o)
 .data          0x00000000000175b4        0x0 ../bsp\libhal_bsp.a(alt_do_dtors.o)
 .data          0x00000000000175b4        0x0 ../bsp\libhal_bsp.a(alt_errno.o)
 .data          0x00000000000175b4        0x0 ../bsp\libhal_bsp.a(alt_icache_flush_all.o)
 .data          0x00000000000175b4        0x0 ../bsp\libhal_bsp.a(alt_io_redirect.o)
 .data          0x00000000000175b4        0x0 ../bsp\libhal_bsp.a(alt_irq_entry.o)
 .data          0x00000000000175b4        0x0 ../bsp\libhal_bsp.a(alt_irq_handler.o)
 .data          0x00000000000175b4        0x0 ../bsp\libhal_bsp.a(alt_open.o)
 .data          0x00000000000175b4        0x0 ../bsp\libhal_bsp.a(alt_release_fd.o)
 .data          0x00000000000175b4        0x0 ../bsp\libhal_bsp.a(alt_tick.o)
 .data          0x00000000000175b4        0x0 ../bsp\libhal_bsp.a(altera_nios2_gen2_irq.o)
 .data          0x00000000000175b4        0x0 ../bsp\libhal_bsp.a(alt_exception_entry.o)
 .data          0x00000000000175b4        0x0 ../bsp\libhal_bsp.a(alt_find_dev.o)
 .data          0x00000000000175b4        0x0 ../bsp\libhal_bsp.a(alt_find_file.o)
 .data          0x00000000000175b4        0x0 ../bsp\libhal_bsp.a(alt_get_fd.o)
 .data          0x00000000000175b4        0x0 ../bsp\libhal_bsp.a(alt_instruction_exception_entry.o)
 .data          0x00000000000175b4        0x0 c:/intelfpga_lite/18.1/nios2eds/bin/gnu/h-x86_64-mingw32/bin/../lib/gcc/nios2-elf/5.3.0/../../../../../H-x86_64-mingw32/nios2-elf/lib/mno-hw-mul\libc.a(lib_a-atexit.o)
 .data          0x00000000000175b4        0x0 c:/intelfpga_lite/18.1/nios2eds/bin/gnu/h-x86_64-mingw32/bin/../lib/gcc/nios2-elf/5.3.0/../../../../../H-x86_64-mingw32/nios2-elf/lib/mno-hw-mul\libc.a(lib_a-exit.o)
 .data          0x00000000000175b4        0x0 c:/intelfpga_lite/18.1/nios2eds/bin/gnu/h-x86_64-mingw32/bin/../lib/gcc/nios2-elf/5.3.0/../../../../../H-x86_64-mingw32/nios2-elf/lib/mno-hw-mul\libc.a(lib_a-impure.o)
 .data.impure_data
                0x00000000000175b4      0x424 c:/intelfpga_lite/18.1/nios2eds/bin/gnu/h-x86_64-mingw32/bin/../lib/gcc/nios2-elf/5.3.0/../../../../../H-x86_64-mingw32/nios2-elf/lib/mno-hw-mul\libc.a(lib_a-impure.o)
 .data          0x00000000000179d8        0x0 c:/intelfpga_lite/18.1/nios2eds/bin/gnu/h-x86_64-mingw32/bin/../lib/gcc/nios2-elf/5.3.0/../../../../../H-x86_64-mingw32/nios2-elf/lib/mno-hw-mul\libc.a(lib_a-int_errno.o)
 .data          0x00000000000179d8        0x0 c:/intelfpga_lite/18.1/nios2eds/bin/gnu/h-x86_64-mingw32/bin/../lib/gcc/nios2-elf/5.3.0/../../../../../H-x86_64-mingw32/nios2-elf/lib/mno-hw-mul\libc.a(lib_a-memcmp.o)
 .data          0x00000000000179d8        0x0 c:/intelfpga_lite/18.1/nios2eds/bin/gnu/h-x86_64-mingw32/bin/../lib/gcc/nios2-elf/5.3.0/../../../../../H-x86_64-mingw32/nios2-elf/lib/mno-hw-mul\libc.a(lib_a-memcpy.o)
 .data          0x00000000000179d8        0x0 c:/intelfpga_lite/18.1/nios2eds/bin/gnu/h-x86_64-mingw32/bin/../lib/gcc/nios2-elf/5.3.0/../../../../../H-x86_64-mingw32/nios2-elf/lib/mno-hw-mul\libc.a(lib_a-putc.o)
 .data          0x00000000000179d8        0x0 c:/intelfpga_lite/18.1/nios2eds/bin/gnu/h-x86_64-mingw32/bin/../lib/gcc/nios2-elf/5.3.0/../../../../../H-x86_64-mingw32/nios2-elf/lib/mno-hw-mul\libc.a(lib_a-strlen.o)
 .data          0x00000000000179d8        0x0 c:/intelfpga_lite/18.1/nios2eds/bin/gnu/h-x86_64-mingw32/bin/../lib/gcc/nios2-elf/5.3.0/../../../../../H-x86_64-mingw32/nios2-elf/lib/mno-hw-mul\libc.a(lib_a-wbuf.o)
 .data          0x00000000000179d8        0x0 c:/intelfpga_lite/18.1/nios2eds/bin/gnu/h-x86_64-mingw32/bin/../lib/gcc/nios2-elf/5.3.0/../../../../../H-x86_64-mingw32/nios2-elf/lib/mno-hw-mul\libc.a(lib_a-wsetup.o)
 .data          0x00000000000179d8        0x0 c:/intelfpga_lite/18.1/nios2eds/bin/gnu/h-x86_64-mingw32/bin/../lib/gcc/nios2-elf/5.3.0/../../../../../H-x86_64-mingw32/nios2-elf/lib/mno-hw-mul\libc.a(lib_a-__atexit.o)
 .data          0x00000000000179d8        0x0 c:/intelfpga_lite/18.1/nios2eds/bin/gnu/h-x86_64-mingw32/bin/../lib/gcc/nios2-elf/5.3.0/../../../../../H-x86_64-mingw32/nios2-elf/lib/mno-hw-mul\libc.a(lib_a-__call_atexit.o)
 .data          0x00000000000179d8        0x0 c:/intelfpga_lite/18.1/nios2eds/bin/gnu/h-x86_64-mingw32/bin/../lib/gcc/nios2-elf/5.3.0/../../../../../H-x86_64-mingw32/nios2-elf/lib/mno-hw-mul\libc.a(lib_a-fflush.o)
 .data          0x00000000000179d8        0x0 c:/intelfpga_lite/18.1/nios2eds/bin/gnu/h-x86_64-mingw32/bin/../lib/gcc/nios2-elf/5.3.0/../../../../../H-x86_64-mingw32/nios2-elf/lib/mno-hw-mul\libc.a(lib_a-findfp.o)
 .data          0x00000000000179d8        0x0 c:/intelfpga_lite/18.1/nios2eds/bin/gnu/h-x86_64-mingw32/bin/../lib/gcc/nios2-elf/5.3.0/../../../../../H-x86_64-mingw32/nios2-elf/lib/mno-hw-mul\libc.a(lib_a-freer.o)
 .data          0x00000000000179d8        0x0 c:/intelfpga_lite/18.1/nios2eds/bin/gnu/h-x86_64-mingw32/bin/../lib/gcc/nios2-elf/5.3.0/../../../../../H-x86_64-mingw32/nios2-elf/lib/mno-hw-mul\libc.a(lib_a-fwalk.o)
 .data          0x00000000000179d8        0x0 c:/intelfpga_lite/18.1/nios2eds/bin/gnu/h-x86_64-mingw32/bin/../lib/gcc/nios2-elf/5.3.0/../../../../../H-x86_64-mingw32/nios2-elf/lib/mno-hw-mul\libc.a(lib_a-makebuf.o)
 .data          0x00000000000179d8        0x0 c:/intelfpga_lite/18.1/nios2eds/bin/gnu/h-x86_64-mingw32/bin/../lib/gcc/nios2-elf/5.3.0/../../../../../H-x86_64-mingw32/nios2-elf/lib/mno-hw-mul\libc.a(lib_a-mallocr.o)
 .data.__malloc_av_
                0x00000000000179d8      0x408 c:/intelfpga_lite/18.1/nios2eds/bin/gnu/h-x86_64-mingw32/bin/../lib/gcc/nios2-elf/5.3.0/../../../../../H-x86_64-mingw32/nios2-elf/lib/mno-hw-mul\libc.a(lib_a-mallocr.o)
                0x00000000000179d8                __malloc_av_
 .data          0x0000000000017de0        0x0 c:/intelfpga_lite/18.1/nios2eds/bin/gnu/h-x86_64-mingw32/bin/../lib/gcc/nios2-elf/5.3.0/../../../../../H-x86_64-mingw32/nios2-elf/lib/mno-hw-mul\libc.a(lib_a-memset.o)
 .data          0x0000000000017de0        0x0 c:/intelfpga_lite/18.1/nios2eds/bin/gnu/h-x86_64-mingw32/bin/../lib/gcc/nios2-elf/5.3.0/../../../../../H-x86_64-mingw32/nios2-elf/lib/mno-hw-mul\libc.a(lib_a-sbrkr.o)
 .data          0x0000000000017de0        0x0 c:/intelfpga_lite/18.1/nios2eds/bin/gnu/h-x86_64-mingw32/bin/../lib/gcc/nios2-elf/5.3.0/../../../../../H-x86_64-mingw32/nios2-elf/lib/mno-hw-mul\libc.a(lib_a-stdio.o)
 .data          0x0000000000017de0        0x0 c:/intelfpga_lite/18.1/nios2eds/bin/gnu/h-x86_64-mingw32/bin/../lib/gcc/nios2-elf/5.3.0/../../../../../H-x86_64-mingw32/nios2-elf/lib/mno-hw-mul\libc.a(lib_a-writer.o)
 .data          0x0000000000017de0        0x0 c:/intelfpga_lite/18.1/nios2eds/bin/gnu/h-x86_64-mingw32/bin/../lib/gcc/nios2-elf/5.3.0/../../../../../H-x86_64-mingw32/nios2-elf/lib/mno-hw-mul\libc.a(closer.o)
 .data          0x0000000000017de0        0x0 c:/intelfpga_lite/18.1/nios2eds/bin/gnu/h-x86_64-mingw32/bin/../lib/gcc/nios2-elf/5.3.0/../../../../../H-x86_64-mingw32/nios2-elf/lib/mno-hw-mul\libc.a(lib_a-fclose.o)
 .data          0x0000000000017de0        0x0 c:/intelfpga_lite/18.1/nios2eds/bin/gnu/h-x86_64-mingw32/bin/../lib/gcc/nios2-elf/5.3.0/../../../../../H-x86_64-mingw32/nios2-elf/lib/mno-hw-mul\libc.a(lib_a-fstatr.o)
 .data          0x0000000000017de0        0x0 c:/intelfpga_lite/18.1/nios2eds/bin/gnu/h-x86_64-mingw32/bin/../lib/gcc/nios2-elf/5.3.0/../../../../../H-x86_64-mingw32/nios2-elf/lib/mno-hw-mul\libc.a(lib_a-isattyr.o)
 .data          0x0000000000017de0        0x0 c:/intelfpga_lite/18.1/nios2eds/bin/gnu/h-x86_64-mingw32/bin/../lib/gcc/nios2-elf/5.3.0/../../../../../H-x86_64-mingw32/nios2-elf/lib/mno-hw-mul\libc.a(lib_a-lseekr.o)
 .data          0x0000000000017de0        0x0 c:/intelfpga_lite/18.1/nios2eds/bin/gnu/h-x86_64-mingw32/bin/../lib/gcc/nios2-elf/5.3.0/../../../../../H-x86_64-mingw32/nios2-elf/lib/mno-hw-mul\libc.a(lib_a-readr.o)
 .data          0x0000000000017de0        0x0 ../bsp\libhal_bsp.a(alt_exit.o)
 .data          0x0000000000017de0        0x0 ../bsp\libhal_bsp.a(alt_fstat.o)
 .data          0x0000000000017de0        0x0 ../bsp\libhal_bsp.a(alt_isatty.o)
 .data          0x0000000000017de0        0x0 ../bsp\libhal_bsp.a(alt_lseek.o)
 .data          0x0000000000017de0        0x0 ../bsp\libhal_bsp.a(alt_malloc_lock.o)
 .data          0x0000000000017de0        0x0 ../bsp\libhal_bsp.a(alt_read.o)
 .data          0x0000000000017de0        0x0 ../bsp\libhal_bsp.a(alt_sbrk.o)
 .data          0x0000000000017de0        0x0 ../bsp\libhal_bsp.a(alt_write.o)
                0x000000000001fde0                _gp = ABSOLUTE ((. + 0x8000))
                [!provide]                        PROVIDE (gp, _gp)
 *(.rwdata .rwdata.*)
 *(.sdata .sdata.* .gnu.linkonce.s.*)
 .sdata         0x0000000000017de0        0x4 ../bsp\libhal_bsp.a(alt_irq_vars.o)
                0x0000000000017de0                alt_priority_mask
 .sdata         0x0000000000017de4       0x14 ../bsp\libhal_bsp.a(alt_dev.o)
                0x0000000000017de4                alt_fs_list
                0x0000000000017dec                alt_dev_list
                0x0000000000017df4                alt_max_fd
 .sdata         0x0000000000017df8        0x4 ../bsp\libhal_bsp.a(alt_errno.o)
                0x0000000000017df8                alt_errno
 .sdata         0x0000000000017dfc        0x8 ../bsp\libhal_bsp.a(alt_tick.o)
                0x0000000000017dfc                alt_alarm_list
 .sdata._global_impure_ptr
                0x0000000000017e04        0x4 c:/intelfpga_lite/18.1/nios2eds/bin/gnu/h-x86_64-mingw32/bin/../lib/gcc/nios2-elf/5.3.0/../../../../../H-x86_64-mingw32/nios2-elf/lib/mno-hw-mul\libc.a(lib_a-impure.o)
                0x0000000000017e04                _global_impure_ptr
 .sdata._impure_ptr
                0x0000000000017e08        0x4 c:/intelfpga_lite/18.1/nios2eds/bin/gnu/h-x86_64-mingw32/bin/../lib/gcc/nios2-elf/5.3.0/../../../../../H-x86_64-mingw32/nios2-elf/lib/mno-hw-mul\libc.a(lib_a-impure.o)
                0x0000000000017e08                _impure_ptr
 .sdata.__malloc_sbrk_base
                0x0000000000017e0c        0x4 c:/intelfpga_lite/18.1/nios2eds/bin/gnu/h-x86_64-mingw32/bin/../lib/gcc/nios2-elf/5.3.0/../../../../../H-x86_64-mingw32/nios2-elf/lib/mno-hw-mul\libc.a(lib_a-mallocr.o)
                0x0000000000017e0c                __malloc_sbrk_base
 .sdata.__malloc_trim_threshold
                0x0000000000017e10        0x4 c:/intelfpga_lite/18.1/nios2eds/bin/gnu/h-x86_64-mingw32/bin/../lib/gcc/nios2-elf/5.3.0/../../../../../H-x86_64-mingw32/nios2-elf/lib/mno-hw-mul\libc.a(lib_a-mallocr.o)
                0x0000000000017e10                __malloc_trim_threshold
 .sdata         0x0000000000017e14        0x4 ../bsp\libhal_bsp.a(alt_sbrk.o)
 *(.sdata2 .sdata2.* .gnu.linkonce.s2.*)
                0x0000000000017e18                . = ALIGN (0x4)
                0x0000000000017e18                _edata = ABSOLUTE (.)
                [!provide]                        PROVIDE (edata, ABSOLUTE (.))
                0x0000000000017e18                PROVIDE (__ram_rwdata_end, ABSOLUTE (.))
                0x0000000000017e18                PROVIDE (__flash_rwdata_start, LOADADDR (.rwdata))

.bss            0x0000000000019884      0x168
                0x0000000000019884                __bss_start = ABSOLUTE (.)
                [!provide]                        PROVIDE (__sbss_start, ABSOLUTE (.))
                [!provide]                        PROVIDE (___sbss_start, ABSOLUTE (.))
 *(.dynsbss)
 *(.sbss .sbss.* .gnu.linkonce.sb.*)
 .sbss          0x0000000000019884        0xe obj/default/main.o
                0x0000000000019884                DATAX
                0x0000000000019886                DATAY
                0x0000000000019888                DATAZ
                0x000000000001988a                data
                0x0000000000019890                cpt
                0x0000000000019891                signe
 .sbss          0x0000000000019892        0x5 obj/default/main.o
                0x0000000000019892                seg2
                0x0000000000019893                seg1
                0x0000000000019894                seg4
                0x0000000000019895                seg0
                0x0000000000019896                seg3
 *fill*         0x0000000000019897        0x1 
 .sbss          0x0000000000019898        0x4 ../bsp\libhal_bsp.a(alt_irq_vars.o)
                0x0000000000019898                alt_irq_active
 .sbss          0x000000000001989c        0xc ../bsp\libhal_bsp.a(alt_main.o)
                0x000000000001989c                alt_argc
                0x00000000000198a0                alt_argv
                0x00000000000198a4                alt_envp
 .sbss          0x00000000000198a8        0x8 ../bsp\libhal_bsp.a(alt_tick.o)
                0x00000000000198a8                _alt_tick_rate
                0x00000000000198ac                _alt_nticks
 .sbss          0x00000000000198b0        0x4 ../bsp\libhal_bsp.a(alt_instruction_exception_entry.o)
                0x00000000000198b0                alt_instruction_exception_handler
 .sbss          0x00000000000198b4        0x4 c:/intelfpga_lite/18.1/nios2eds/bin/gnu/h-x86_64-mingw32/bin/../lib/gcc/nios2-elf/5.3.0/../../../../../H-x86_64-mingw32/nios2-elf/lib/mno-hw-mul\libc.a(lib_a-int_errno.o)
                0x00000000000198b4                errno
 .sbss.__malloc_max_total_mem
                0x00000000000198b8        0x4 c:/intelfpga_lite/18.1/nios2eds/bin/gnu/h-x86_64-mingw32/bin/../lib/gcc/nios2-elf/5.3.0/../../../../../H-x86_64-mingw32/nios2-elf/lib/mno-hw-mul\libc.a(lib_a-mallocr.o)
                0x00000000000198b8                __malloc_max_total_mem
 .sbss.__malloc_max_sbrked_mem
                0x00000000000198bc        0x4 c:/intelfpga_lite/18.1/nios2eds/bin/gnu/h-x86_64-mingw32/bin/../lib/gcc/nios2-elf/5.3.0/../../../../../H-x86_64-mingw32/nios2-elf/lib/mno-hw-mul\libc.a(lib_a-mallocr.o)
                0x00000000000198bc                __malloc_max_sbrked_mem
 .sbss.__malloc_top_pad
                0x00000000000198c0        0x4 c:/intelfpga_lite/18.1/nios2eds/bin/gnu/h-x86_64-mingw32/bin/../lib/gcc/nios2-elf/5.3.0/../../../../../H-x86_64-mingw32/nios2-elf/lib/mno-hw-mul\libc.a(lib_a-mallocr.o)
                0x00000000000198c0                __malloc_top_pad
 *(.sbss2 .sbss2.* .gnu.linkonce.sb2.*)
 *(.scommon)
                [!provide]                        PROVIDE (__sbss_end, ABSOLUTE (.))
                [!provide]                        PROVIDE (___sbss_end, ABSOLUTE (.))
 *(.dynbss)
 *(.bss .bss.* .gnu.linkonce.b.*)
 .bss           0x00000000000198c4        0x0 ../bsp/obj/HAL/src/crt0.o
 .bss           0x00000000000198c4        0x0 obj/default/main.o
 .bss           0x00000000000198c4        0x0 c:/intelfpga_lite/18.1/nios2eds/bin/gnu/h-x86_64-mingw32/bin/../lib/gcc/nios2-elf/5.3.0/mno-hw-mul\libgcc.a(lib2-divmod.o)
 .bss           0x00000000000198c4        0x0 c:/intelfpga_lite/18.1/nios2eds/bin/gnu/h-x86_64-mingw32/bin/../lib/gcc/nios2-elf/5.3.0/mno-hw-mul\libgcc.a(muldf3.o)
 .bss           0x00000000000198c4        0x0 c:/intelfpga_lite/18.1/nios2eds/bin/gnu/h-x86_64-mingw32/bin/../lib/gcc/nios2-elf/5.3.0/mno-hw-mul\libgcc.a(fixdfsi.o)
 .bss           0x00000000000198c4        0x0 c:/intelfpga_lite/18.1/nios2eds/bin/gnu/h-x86_64-mingw32/bin/../lib/gcc/nios2-elf/5.3.0/mno-hw-mul\libgcc.a(floatsidf.o)
 .bss           0x00000000000198c4        0x0 c:/intelfpga_lite/18.1/nios2eds/bin/gnu/h-x86_64-mingw32/bin/../lib/gcc/nios2-elf/5.3.0/mno-hw-mul\libgcc.a(_clzsi2.o)
 .bss           0x00000000000198c4        0x0 c:/intelfpga_lite/18.1/nios2eds/bin/gnu/h-x86_64-mingw32/bin/../lib/gcc/nios2-elf/5.3.0/mno-hw-mul\libgcc.a(lib2-mul.o)
 .bss           0x00000000000198c4        0x0 c:/intelfpga_lite/18.1/nios2eds/bin/gnu/h-x86_64-mingw32/bin/../lib/gcc/nios2-elf/5.3.0/mno-hw-mul\libgcc.a(_clz.o)
 .bss           0x00000000000198c4        0x0 ../bsp\libhal_bsp.a(alt_irq_register.o)
 .bss           0x00000000000198c4        0x0 ../bsp\libhal_bsp.a(alt_irq_vars.o)
 .bss           0x00000000000198c4        0x0 ../bsp\libhal_bsp.a(alt_load.o)
 .bss           0x00000000000198c4        0x0 ../bsp\libhal_bsp.a(alt_main.o)
 .bss           0x00000000000198c4        0x0 ../bsp\libhal_bsp.a(alt_printf.o)
 .bss           0x00000000000198c4        0x0 ../bsp\libhal_bsp.a(alt_putchar.o)
 .bss           0x00000000000198c4        0x0 ../bsp\libhal_bsp.a(alt_sys_init.o)
 .bss           0x00000000000198c4        0x0 ../bsp\libhal_bsp.a(altera_avalon_jtag_uart_fd.o)
 .bss           0x00000000000198c4        0x0 ../bsp\libhal_bsp.a(altera_avalon_jtag_uart_init.o)
 .bss           0x00000000000198c4        0x0 ../bsp\libhal_bsp.a(altera_avalon_jtag_uart_ioctl.o)
 .bss           0x00000000000198c4        0x0 ../bsp\libhal_bsp.a(altera_avalon_jtag_uart_read.o)
 .bss           0x00000000000198c4        0x0 ../bsp\libhal_bsp.a(altera_avalon_jtag_uart_write.o)
 .bss           0x00000000000198c4        0x0 ../bsp\libhal_bsp.a(altera_avalon_timer_sc.o)
 .bss           0x00000000000198c4        0x0 ../bsp\libhal_bsp.a(opencores_i2c.o)
 .bss           0x00000000000198c4        0x0 ../bsp\libhal_bsp.a(alt_alarm_start.o)
 .bss           0x00000000000198c4        0x0 ../bsp\libhal_bsp.a(alt_close.o)
 .bss           0x00000000000198c4        0x0 ../bsp\libhal_bsp.a(alt_dcache_flush_all.o)
 .bss           0x00000000000198c4        0x0 ../bsp\libhal_bsp.a(alt_dev.o)
 .bss           0x00000000000198c4        0x0 ../bsp\libhal_bsp.a(alt_dev_llist_insert.o)
 .bss           0x00000000000198c4        0x0 ../bsp\libhal_bsp.a(alt_do_ctors.o)
 .bss           0x00000000000198c4        0x0 ../bsp\libhal_bsp.a(alt_do_dtors.o)
 .bss           0x00000000000198c4        0x0 ../bsp\libhal_bsp.a(alt_errno.o)
 .bss           0x00000000000198c4        0x0 ../bsp\libhal_bsp.a(alt_icache_flush_all.o)
 .bss           0x00000000000198c4        0x0 ../bsp\libhal_bsp.a(alt_io_redirect.o)
 .bss           0x00000000000198c4        0x0 ../bsp\libhal_bsp.a(alt_irq_entry.o)
 .bss           0x00000000000198c4        0x0 ../bsp\libhal_bsp.a(alt_irq_handler.o)
 .bss           0x00000000000198c4        0x0 ../bsp\libhal_bsp.a(alt_open.o)
 .bss           0x00000000000198c4        0x0 ../bsp\libhal_bsp.a(alt_release_fd.o)
 .bss           0x00000000000198c4        0x0 ../bsp\libhal_bsp.a(alt_tick.o)
 .bss           0x00000000000198c4        0x0 ../bsp\libhal_bsp.a(altera_nios2_gen2_irq.o)
 .bss           0x00000000000198c4        0x0 ../bsp\libhal_bsp.a(alt_exception_entry.o)
 .bss           0x00000000000198c4        0x0 ../bsp\libhal_bsp.a(alt_find_dev.o)
 .bss           0x00000000000198c4        0x0 ../bsp\libhal_bsp.a(alt_find_file.o)
 .bss           0x00000000000198c4        0x0 ../bsp\libhal_bsp.a(alt_get_fd.o)
 .bss           0x00000000000198c4        0x0 ../bsp\libhal_bsp.a(alt_instruction_exception_entry.o)
 .bss           0x00000000000198c4        0x0 c:/intelfpga_lite/18.1/nios2eds/bin/gnu/h-x86_64-mingw32/bin/../lib/gcc/nios2-elf/5.3.0/../../../../../H-x86_64-mingw32/nios2-elf/lib/mno-hw-mul\libc.a(lib_a-atexit.o)
 .bss           0x00000000000198c4        0x0 c:/intelfpga_lite/18.1/nios2eds/bin/gnu/h-x86_64-mingw32/bin/../lib/gcc/nios2-elf/5.3.0/../../../../../H-x86_64-mingw32/nios2-elf/lib/mno-hw-mul\libc.a(lib_a-exit.o)
 .bss           0x00000000000198c4        0x0 c:/intelfpga_lite/18.1/nios2eds/bin/gnu/h-x86_64-mingw32/bin/../lib/gcc/nios2-elf/5.3.0/../../../../../H-x86_64-mingw32/nios2-elf/lib/mno-hw-mul\libc.a(lib_a-impure.o)
 .bss           0x00000000000198c4        0x0 c:/intelfpga_lite/18.1/nios2eds/bin/gnu/h-x86_64-mingw32/bin/../lib/gcc/nios2-elf/5.3.0/../../../../../H-x86_64-mingw32/nios2-elf/lib/mno-hw-mul\libc.a(lib_a-int_errno.o)
 .bss           0x00000000000198c4        0x0 c:/intelfpga_lite/18.1/nios2eds/bin/gnu/h-x86_64-mingw32/bin/../lib/gcc/nios2-elf/5.3.0/../../../../../H-x86_64-mingw32/nios2-elf/lib/mno-hw-mul\libc.a(lib_a-memcmp.o)
 .bss           0x00000000000198c4        0x0 c:/intelfpga_lite/18.1/nios2eds/bin/gnu/h-x86_64-mingw32/bin/../lib/gcc/nios2-elf/5.3.0/../../../../../H-x86_64-mingw32/nios2-elf/lib/mno-hw-mul\libc.a(lib_a-memcpy.o)
 .bss           0x00000000000198c4        0x0 c:/intelfpga_lite/18.1/nios2eds/bin/gnu/h-x86_64-mingw32/bin/../lib/gcc/nios2-elf/5.3.0/../../../../../H-x86_64-mingw32/nios2-elf/lib/mno-hw-mul\libc.a(lib_a-putc.o)
 .bss           0x00000000000198c4        0x0 c:/intelfpga_lite/18.1/nios2eds/bin/gnu/h-x86_64-mingw32/bin/../lib/gcc/nios2-elf/5.3.0/../../../../../H-x86_64-mingw32/nios2-elf/lib/mno-hw-mul\libc.a(lib_a-strlen.o)
 .bss           0x00000000000198c4        0x0 c:/intelfpga_lite/18.1/nios2eds/bin/gnu/h-x86_64-mingw32/bin/../lib/gcc/nios2-elf/5.3.0/../../../../../H-x86_64-mingw32/nios2-elf/lib/mno-hw-mul\libc.a(lib_a-wbuf.o)
 .bss           0x00000000000198c4        0x0 c:/intelfpga_lite/18.1/nios2eds/bin/gnu/h-x86_64-mingw32/bin/../lib/gcc/nios2-elf/5.3.0/../../../../../H-x86_64-mingw32/nios2-elf/lib/mno-hw-mul\libc.a(lib_a-wsetup.o)
 .bss           0x00000000000198c4        0x0 c:/intelfpga_lite/18.1/nios2eds/bin/gnu/h-x86_64-mingw32/bin/../lib/gcc/nios2-elf/5.3.0/../../../../../H-x86_64-mingw32/nios2-elf/lib/mno-hw-mul\libc.a(lib_a-__atexit.o)
 .bss           0x00000000000198c4        0x0 c:/intelfpga_lite/18.1/nios2eds/bin/gnu/h-x86_64-mingw32/bin/../lib/gcc/nios2-elf/5.3.0/../../../../../H-x86_64-mingw32/nios2-elf/lib/mno-hw-mul\libc.a(lib_a-__call_atexit.o)
 .bss           0x00000000000198c4        0x0 c:/intelfpga_lite/18.1/nios2eds/bin/gnu/h-x86_64-mingw32/bin/../lib/gcc/nios2-elf/5.3.0/../../../../../H-x86_64-mingw32/nios2-elf/lib/mno-hw-mul\libc.a(lib_a-fflush.o)
 .bss           0x00000000000198c4        0x0 c:/intelfpga_lite/18.1/nios2eds/bin/gnu/h-x86_64-mingw32/bin/../lib/gcc/nios2-elf/5.3.0/../../../../../H-x86_64-mingw32/nios2-elf/lib/mno-hw-mul\libc.a(lib_a-findfp.o)
 .bss           0x00000000000198c4        0x0 c:/intelfpga_lite/18.1/nios2eds/bin/gnu/h-x86_64-mingw32/bin/../lib/gcc/nios2-elf/5.3.0/../../../../../H-x86_64-mingw32/nios2-elf/lib/mno-hw-mul\libc.a(lib_a-freer.o)
 .bss           0x00000000000198c4        0x0 c:/intelfpga_lite/18.1/nios2eds/bin/gnu/h-x86_64-mingw32/bin/../lib/gcc/nios2-elf/5.3.0/../../../../../H-x86_64-mingw32/nios2-elf/lib/mno-hw-mul\libc.a(lib_a-fwalk.o)
 .bss           0x00000000000198c4        0x0 c:/intelfpga_lite/18.1/nios2eds/bin/gnu/h-x86_64-mingw32/bin/../lib/gcc/nios2-elf/5.3.0/../../../../../H-x86_64-mingw32/nios2-elf/lib/mno-hw-mul\libc.a(lib_a-makebuf.o)
 .bss           0x00000000000198c4        0x0 c:/intelfpga_lite/18.1/nios2eds/bin/gnu/h-x86_64-mingw32/bin/../lib/gcc/nios2-elf/5.3.0/../../../../../H-x86_64-mingw32/nios2-elf/lib/mno-hw-mul\libc.a(lib_a-mallocr.o)
 .bss.__malloc_current_mallinfo
                0x00000000000198c4       0x28 c:/intelfpga_lite/18.1/nios2eds/bin/gnu/h-x86_64-mingw32/bin/../lib/gcc/nios2-elf/5.3.0/../../../../../H-x86_64-mingw32/nios2-elf/lib/mno-hw-mul\libc.a(lib_a-mallocr.o)
                0x00000000000198c4                __malloc_current_mallinfo
 .bss           0x00000000000198ec        0x0 c:/intelfpga_lite/18.1/nios2eds/bin/gnu/h-x86_64-mingw32/bin/../lib/gcc/nios2-elf/5.3.0/../../../../../H-x86_64-mingw32/nios2-elf/lib/mno-hw-mul\libc.a(lib_a-memset.o)
 .bss           0x00000000000198ec        0x0 c:/intelfpga_lite/18.1/nios2eds/bin/gnu/h-x86_64-mingw32/bin/../lib/gcc/nios2-elf/5.3.0/../../../../../H-x86_64-mingw32/nios2-elf/lib/mno-hw-mul\libc.a(lib_a-sbrkr.o)
 .bss           0x00000000000198ec        0x0 c:/intelfpga_lite/18.1/nios2eds/bin/gnu/h-x86_64-mingw32/bin/../lib/gcc/nios2-elf/5.3.0/../../../../../H-x86_64-mingw32/nios2-elf/lib/mno-hw-mul\libc.a(lib_a-stdio.o)
 .bss           0x00000000000198ec        0x0 c:/intelfpga_lite/18.1/nios2eds/bin/gnu/h-x86_64-mingw32/bin/../lib/gcc/nios2-elf/5.3.0/../../../../../H-x86_64-mingw32/nios2-elf/lib/mno-hw-mul\libc.a(lib_a-writer.o)
 .bss           0x00000000000198ec        0x0 c:/intelfpga_lite/18.1/nios2eds/bin/gnu/h-x86_64-mingw32/bin/../lib/gcc/nios2-elf/5.3.0/../../../../../H-x86_64-mingw32/nios2-elf/lib/mno-hw-mul\libc.a(closer.o)
 .bss           0x00000000000198ec        0x0 c:/intelfpga_lite/18.1/nios2eds/bin/gnu/h-x86_64-mingw32/bin/../lib/gcc/nios2-elf/5.3.0/../../../../../H-x86_64-mingw32/nios2-elf/lib/mno-hw-mul\libc.a(lib_a-fclose.o)
 .bss           0x00000000000198ec        0x0 c:/intelfpga_lite/18.1/nios2eds/bin/gnu/h-x86_64-mingw32/bin/../lib/gcc/nios2-elf/5.3.0/../../../../../H-x86_64-mingw32/nios2-elf/lib/mno-hw-mul\libc.a(lib_a-fstatr.o)
 .bss           0x00000000000198ec        0x0 c:/intelfpga_lite/18.1/nios2eds/bin/gnu/h-x86_64-mingw32/bin/../lib/gcc/nios2-elf/5.3.0/../../../../../H-x86_64-mingw32/nios2-elf/lib/mno-hw-mul\libc.a(lib_a-isattyr.o)
 .bss           0x00000000000198ec        0x0 c:/intelfpga_lite/18.1/nios2eds/bin/gnu/h-x86_64-mingw32/bin/../lib/gcc/nios2-elf/5.3.0/../../../../../H-x86_64-mingw32/nios2-elf/lib/mno-hw-mul\libc.a(lib_a-lseekr.o)
 .bss           0x00000000000198ec        0x0 c:/intelfpga_lite/18.1/nios2eds/bin/gnu/h-x86_64-mingw32/bin/../lib/gcc/nios2-elf/5.3.0/../../../../../H-x86_64-mingw32/nios2-elf/lib/mno-hw-mul\libc.a(lib_a-readr.o)
 .bss           0x00000000000198ec        0x0 ../bsp\libhal_bsp.a(alt_exit.o)
 .bss           0x00000000000198ec        0x0 ../bsp\libhal_bsp.a(alt_fstat.o)
 .bss           0x00000000000198ec        0x0 ../bsp\libhal_bsp.a(alt_isatty.o)
 .bss           0x00000000000198ec        0x0 ../bsp\libhal_bsp.a(alt_lseek.o)
 .bss           0x00000000000198ec        0x0 ../bsp\libhal_bsp.a(alt_malloc_lock.o)
 .bss           0x00000000000198ec        0x0 ../bsp\libhal_bsp.a(alt_read.o)
 .bss           0x00000000000198ec        0x0 ../bsp\libhal_bsp.a(alt_sbrk.o)
 .bss           0x00000000000198ec        0x0 ../bsp\libhal_bsp.a(alt_write.o)
 *(COMMON)
 COMMON         0x00000000000198ec      0x100 ../bsp\libhal_bsp.a(alt_irq_handler.o)
                0x00000000000198ec                alt_irq
                0x00000000000199ec                . = ALIGN (0x4)
                0x00000000000199ec                __bss_end = ABSOLUTE (.)

.onchip_memory2_0
                0x00000000000199ec        0x0
                [!provide]                        PROVIDE (_alt_partition_onchip_memory2_0_start, ABSOLUTE (.))
 *(.onchip_memory2_0 .onchip_memory2_0. onchip_memory2_0.*)
                0x00000000000199ec                . = ALIGN (0x4)
                [!provide]                        PROVIDE (_alt_partition_onchip_memory2_0_end, ABSOLUTE (.))
                0x00000000000199ec                _end = ABSOLUTE (.)
                0x00000000000199ec                end = ABSOLUTE (.)
                0x00000000000199ec                __alt_stack_base = ABSOLUTE (.)
                [!provide]                        PROVIDE (_alt_partition_onchip_memory2_0_load_addr, LOADADDR (.onchip_memory2_0))

.stab
 *(.stab)

.stabstr
 *(.stabstr)

.stab.excl
 *(.stab.excl)

.stab.exclstr
 *(.stab.exclstr)

.stab.index
 *(.stab.index)

.stab.indexstr
 *(.stab.indexstr)

.comment        0x0000000000000000       0x23
 *(.comment)
 .comment       0x0000000000000000       0x23 obj/default/main.o
                                         0x24 (size before relaxing)
 .comment       0x0000000000000023       0x24 c:/intelfpga_lite/18.1/nios2eds/bin/gnu/h-x86_64-mingw32/bin/../lib/gcc/nios2-elf/5.3.0/mno-hw-mul\libgcc.a(lib2-divmod.o)
 .comment       0x0000000000000023       0x24 c:/intelfpga_lite/18.1/nios2eds/bin/gnu/h-x86_64-mingw32/bin/../lib/gcc/nios2-elf/5.3.0/mno-hw-mul\libgcc.a(muldf3.o)
 .comment       0x0000000000000023       0x24 c:/intelfpga_lite/18.1/nios2eds/bin/gnu/h-x86_64-mingw32/bin/../lib/gcc/nios2-elf/5.3.0/mno-hw-mul\libgcc.a(fixdfsi.o)
 .comment       0x0000000000000023       0x24 c:/intelfpga_lite/18.1/nios2eds/bin/gnu/h-x86_64-mingw32/bin/../lib/gcc/nios2-elf/5.3.0/mno-hw-mul\libgcc.a(floatsidf.o)
 .comment       0x0000000000000023       0x24 c:/intelfpga_lite/18.1/nios2eds/bin/gnu/h-x86_64-mingw32/bin/../lib/gcc/nios2-elf/5.3.0/mno-hw-mul\libgcc.a(_clzsi2.o)
 .comment       0x0000000000000023       0x24 c:/intelfpga_lite/18.1/nios2eds/bin/gnu/h-x86_64-mingw32/bin/../lib/gcc/nios2-elf/5.3.0/mno-hw-mul\libgcc.a(lib2-mul.o)
 .comment       0x0000000000000023       0x24 c:/intelfpga_lite/18.1/nios2eds/bin/gnu/h-x86_64-mingw32/bin/../lib/gcc/nios2-elf/5.3.0/mno-hw-mul\libgcc.a(_clz.o)
 .comment       0x0000000000000023       0x24 ../bsp\libhal_bsp.a(alt_irq_register.o)
 .comment       0x0000000000000023       0x24 ../bsp\libhal_bsp.a(alt_irq_vars.o)
 .comment       0x0000000000000023       0x24 ../bsp\libhal_bsp.a(alt_load.o)
 .comment       0x0000000000000023       0x24 ../bsp\libhal_bsp.a(alt_main.o)
 .comment       0x0000000000000023       0x24 ../bsp\libhal_bsp.a(alt_printf.o)
 .comment       0x0000000000000023       0x24 ../bsp\libhal_bsp.a(alt_putchar.o)
 .comment       0x0000000000000023       0x24 ../bsp\libhal_bsp.a(alt_sys_init.o)
 .comment       0x0000000000000023       0x24 ../bsp\libhal_bsp.a(altera_avalon_jtag_uart_fd.o)
 .comment       0x0000000000000023       0x24 ../bsp\libhal_bsp.a(altera_avalon_jtag_uart_init.o)
 .comment       0x0000000000000023       0x24 ../bsp\libhal_bsp.a(altera_avalon_jtag_uart_ioctl.o)
 .comment       0x0000000000000023       0x24 ../bsp\libhal_bsp.a(altera_avalon_jtag_uart_read.o)
 .comment       0x0000000000000023       0x24 ../bsp\libhal_bsp.a(altera_avalon_jtag_uart_write.o)
 .comment       0x0000000000000023       0x24 ../bsp\libhal_bsp.a(altera_avalon_timer_sc.o)
 .comment       0x0000000000000023       0x24 ../bsp\libhal_bsp.a(opencores_i2c.o)
 .comment       0x0000000000000023       0x24 ../bsp\libhal_bsp.a(alt_alarm_start.o)
 .comment       0x0000000000000023       0x24 ../bsp\libhal_bsp.a(alt_close.o)
 .comment       0x0000000000000023       0x24 ../bsp\libhal_bsp.a(alt_dcache_flush_all.o)
 .comment       0x0000000000000023       0x24 ../bsp\libhal_bsp.a(alt_dev.o)
 .comment       0x0000000000000023       0x24 ../bsp\libhal_bsp.a(alt_dev_llist_insert.o)
 .comment       0x0000000000000023       0x24 ../bsp\libhal_bsp.a(alt_do_ctors.o)
 .comment       0x0000000000000023       0x24 ../bsp\libhal_bsp.a(alt_do_dtors.o)
 .comment       0x0000000000000023       0x24 ../bsp\libhal_bsp.a(alt_errno.o)
 .comment       0x0000000000000023       0x24 ../bsp\libhal_bsp.a(alt_icache_flush_all.o)
 .comment       0x0000000000000023       0x24 ../bsp\libhal_bsp.a(alt_io_redirect.o)
 .comment       0x0000000000000023       0x24 ../bsp\libhal_bsp.a(alt_irq_handler.o)
 .comment       0x0000000000000023       0x24 ../bsp\libhal_bsp.a(alt_open.o)
 .comment       0x0000000000000023       0x24 ../bsp\libhal_bsp.a(alt_release_fd.o)
 .comment       0x0000000000000023       0x24 ../bsp\libhal_bsp.a(alt_tick.o)
 .comment       0x0000000000000023       0x24 ../bsp\libhal_bsp.a(altera_nios2_gen2_irq.o)
 .comment       0x0000000000000023       0x24 ../bsp\libhal_bsp.a(alt_find_dev.o)
 .comment       0x0000000000000023       0x24 ../bsp\libhal_bsp.a(alt_find_file.o)
 .comment       0x0000000000000023       0x24 ../bsp\libhal_bsp.a(alt_get_fd.o)
 .comment       0x0000000000000023       0x24 ../bsp\libhal_bsp.a(alt_instruction_exception_entry.o)
 .comment       0x0000000000000023       0x24 c:/intelfpga_lite/18.1/nios2eds/bin/gnu/h-x86_64-mingw32/bin/../lib/gcc/nios2-elf/5.3.0/../../../../../H-x86_64-mingw32/nios2-elf/lib/mno-hw-mul\libc.a(lib_a-atexit.o)
 .comment       0x0000000000000023       0x24 c:/intelfpga_lite/18.1/nios2eds/bin/gnu/h-x86_64-mingw32/bin/../lib/gcc/nios2-elf/5.3.0/../../../../../H-x86_64-mingw32/nios2-elf/lib/mno-hw-mul\libc.a(lib_a-exit.o)
 .comment       0x0000000000000023       0x24 c:/intelfpga_lite/18.1/nios2eds/bin/gnu/h-x86_64-mingw32/bin/../lib/gcc/nios2-elf/5.3.0/../../../../../H-x86_64-mingw32/nios2-elf/lib/mno-hw-mul\libc.a(lib_a-impure.o)
 .comment       0x0000000000000023       0x24 c:/intelfpga_lite/18.1/nios2eds/bin/gnu/h-x86_64-mingw32/bin/../lib/gcc/nios2-elf/5.3.0/../../../../../H-x86_64-mingw32/nios2-elf/lib/mno-hw-mul\libc.a(lib_a-int_errno.o)
 .comment       0x0000000000000023       0x24 c:/intelfpga_lite/18.1/nios2eds/bin/gnu/h-x86_64-mingw32/bin/../lib/gcc/nios2-elf/5.3.0/../../../../../H-x86_64-mingw32/nios2-elf/lib/mno-hw-mul\libc.a(lib_a-memcmp.o)
 .comment       0x0000000000000023       0x24 c:/intelfpga_lite/18.1/nios2eds/bin/gnu/h-x86_64-mingw32/bin/../lib/gcc/nios2-elf/5.3.0/../../../../../H-x86_64-mingw32/nios2-elf/lib/mno-hw-mul\libc.a(lib_a-memcpy.o)
 .comment       0x0000000000000023       0x24 c:/intelfpga_lite/18.1/nios2eds/bin/gnu/h-x86_64-mingw32/bin/../lib/gcc/nios2-elf/5.3.0/../../../../../H-x86_64-mingw32/nios2-elf/lib/mno-hw-mul\libc.a(lib_a-putc.o)
 .comment       0x0000000000000023       0x24 c:/intelfpga_lite/18.1/nios2eds/bin/gnu/h-x86_64-mingw32/bin/../lib/gcc/nios2-elf/5.3.0/../../../../../H-x86_64-mingw32/nios2-elf/lib/mno-hw-mul\libc.a(lib_a-strlen.o)
 .comment       0x0000000000000023       0x24 c:/intelfpga_lite/18.1/nios2eds/bin/gnu/h-x86_64-mingw32/bin/../lib/gcc/nios2-elf/5.3.0/../../../../../H-x86_64-mingw32/nios2-elf/lib/mno-hw-mul\libc.a(lib_a-wbuf.o)
 .comment       0x0000000000000023       0x24 c:/intelfpga_lite/18.1/nios2eds/bin/gnu/h-x86_64-mingw32/bin/../lib/gcc/nios2-elf/5.3.0/../../../../../H-x86_64-mingw32/nios2-elf/lib/mno-hw-mul\libc.a(lib_a-wsetup.o)
 .comment       0x0000000000000023       0x24 c:/intelfpga_lite/18.1/nios2eds/bin/gnu/h-x86_64-mingw32/bin/../lib/gcc/nios2-elf/5.3.0/../../../../../H-x86_64-mingw32/nios2-elf/lib/mno-hw-mul\libc.a(lib_a-__atexit.o)
 .comment       0x0000000000000023       0x24 c:/intelfpga_lite/18.1/nios2eds/bin/gnu/h-x86_64-mingw32/bin/../lib/gcc/nios2-elf/5.3.0/../../../../../H-x86_64-mingw32/nios2-elf/lib/mno-hw-mul\libc.a(lib_a-__call_atexit.o)
 .comment       0x0000000000000023       0x24 c:/intelfpga_lite/18.1/nios2eds/bin/gnu/h-x86_64-mingw32/bin/../lib/gcc/nios2-elf/5.3.0/../../../../../H-x86_64-mingw32/nios2-elf/lib/mno-hw-mul\libc.a(lib_a-fflush.o)
 .comment       0x0000000000000023       0x24 c:/intelfpga_lite/18.1/nios2eds/bin/gnu/h-x86_64-mingw32/bin/../lib/gcc/nios2-elf/5.3.0/../../../../../H-x86_64-mingw32/nios2-elf/lib/mno-hw-mul\libc.a(lib_a-findfp.o)
 .comment       0x0000000000000023       0x24 c:/intelfpga_lite/18.1/nios2eds/bin/gnu/h-x86_64-mingw32/bin/../lib/gcc/nios2-elf/5.3.0/../../../../../H-x86_64-mingw32/nios2-elf/lib/mno-hw-mul\libc.a(lib_a-freer.o)
 .comment       0x0000000000000023       0x24 c:/intelfpga_lite/18.1/nios2eds/bin/gnu/h-x86_64-mingw32/bin/../lib/gcc/nios2-elf/5.3.0/../../../../../H-x86_64-mingw32/nios2-elf/lib/mno-hw-mul\libc.a(lib_a-fwalk.o)
 .comment       0x0000000000000023       0x24 c:/intelfpga_lite/18.1/nios2eds/bin/gnu/h-x86_64-mingw32/bin/../lib/gcc/nios2-elf/5.3.0/../../../../../H-x86_64-mingw32/nios2-elf/lib/mno-hw-mul\libc.a(lib_a-makebuf.o)
 .comment       0x0000000000000023       0x24 c:/intelfpga_lite/18.1/nios2eds/bin/gnu/h-x86_64-mingw32/bin/../lib/gcc/nios2-elf/5.3.0/../../../../../H-x86_64-mingw32/nios2-elf/lib/mno-hw-mul\libc.a(lib_a-mallocr.o)
 .comment       0x0000000000000023       0x24 c:/intelfpga_lite/18.1/nios2eds/bin/gnu/h-x86_64-mingw32/bin/../lib/gcc/nios2-elf/5.3.0/../../../../../H-x86_64-mingw32/nios2-elf/lib/mno-hw-mul\libc.a(lib_a-memset.o)
 .comment       0x0000000000000023       0x24 c:/intelfpga_lite/18.1/nios2eds/bin/gnu/h-x86_64-mingw32/bin/../lib/gcc/nios2-elf/5.3.0/../../../../../H-x86_64-mingw32/nios2-elf/lib/mno-hw-mul\libc.a(lib_a-sbrkr.o)
 .comment       0x0000000000000023       0x24 c:/intelfpga_lite/18.1/nios2eds/bin/gnu/h-x86_64-mingw32/bin/../lib/gcc/nios2-elf/5.3.0/../../../../../H-x86_64-mingw32/nios2-elf/lib/mno-hw-mul\libc.a(lib_a-stdio.o)
 .comment       0x0000000000000023       0x24 c:/intelfpga_lite/18.1/nios2eds/bin/gnu/h-x86_64-mingw32/bin/../lib/gcc/nios2-elf/5.3.0/../../../../../H-x86_64-mingw32/nios2-elf/lib/mno-hw-mul\libc.a(lib_a-writer.o)
 .comment       0x0000000000000023       0x24 c:/intelfpga_lite/18.1/nios2eds/bin/gnu/h-x86_64-mingw32/bin/../lib/gcc/nios2-elf/5.3.0/../../../../../H-x86_64-mingw32/nios2-elf/lib/mno-hw-mul\libc.a(closer.o)
 .comment       0x0000000000000023       0x24 c:/intelfpga_lite/18.1/nios2eds/bin/gnu/h-x86_64-mingw32/bin/../lib/gcc/nios2-elf/5.3.0/../../../../../H-x86_64-mingw32/nios2-elf/lib/mno-hw-mul\libc.a(lib_a-fclose.o)
 .comment       0x0000000000000023       0x24 c:/intelfpga_lite/18.1/nios2eds/bin/gnu/h-x86_64-mingw32/bin/../lib/gcc/nios2-elf/5.3.0/../../../../../H-x86_64-mingw32/nios2-elf/lib/mno-hw-mul\libc.a(lib_a-fstatr.o)
 .comment       0x0000000000000023       0x24 c:/intelfpga_lite/18.1/nios2eds/bin/gnu/h-x86_64-mingw32/bin/../lib/gcc/nios2-elf/5.3.0/../../../../../H-x86_64-mingw32/nios2-elf/lib/mno-hw-mul\libc.a(lib_a-isattyr.o)
 .comment       0x0000000000000023       0x24 c:/intelfpga_lite/18.1/nios2eds/bin/gnu/h-x86_64-mingw32/bin/../lib/gcc/nios2-elf/5.3.0/../../../../../H-x86_64-mingw32/nios2-elf/lib/mno-hw-mul\libc.a(lib_a-lseekr.o)
 .comment       0x0000000000000023       0x24 c:/intelfpga_lite/18.1/nios2eds/bin/gnu/h-x86_64-mingw32/bin/../lib/gcc/nios2-elf/5.3.0/../../../../../H-x86_64-mingw32/nios2-elf/lib/mno-hw-mul\libc.a(lib_a-readr.o)
 .comment       0x0000000000000023       0x24 ../bsp\libhal_bsp.a(alt_exit.o)
 .comment       0x0000000000000023       0x24 ../bsp\libhal_bsp.a(alt_fstat.o)
 .comment       0x0000000000000023       0x24 ../bsp\libhal_bsp.a(alt_isatty.o)
 .comment       0x0000000000000023       0x24 ../bsp\libhal_bsp.a(alt_lseek.o)
 .comment       0x0000000000000023       0x24 ../bsp\libhal_bsp.a(alt_malloc_lock.o)
 .comment       0x0000000000000023       0x24 ../bsp\libhal_bsp.a(alt_read.o)
 .comment       0x0000000000000023       0x24 ../bsp\libhal_bsp.a(alt_sbrk.o)
 .comment       0x0000000000000023       0x24 ../bsp\libhal_bsp.a(alt_write.o)

.debug
 *(.debug)

.line
 *(.line)

.debug_srcinfo
 *(.debug_srcinfo)

.debug_sfnames
 *(.debug_sfnames)

.debug_aranges  0x0000000000000000      0xab0
 *(.debug_aranges)
 .debug_aranges
                0x0000000000000000       0x28 ../bsp/obj/HAL/src/crt0.o
 .debug_aranges
                0x0000000000000028       0x20 obj/default/main.o
 .debug_aranges
                0x0000000000000048       0x20 c:/intelfpga_lite/18.1/nios2eds/bin/gnu/h-x86_64-mingw32/bin/../lib/gcc/nios2-elf/5.3.0/mno-hw-mul\libgcc.a(lib2-divmod.o)
 .debug_aranges
                0x0000000000000068       0x20 c:/intelfpga_lite/18.1/nios2eds/bin/gnu/h-x86_64-mingw32/bin/../lib/gcc/nios2-elf/5.3.0/mno-hw-mul\libgcc.a(muldf3.o)
 .debug_aranges
                0x0000000000000088       0x20 c:/intelfpga_lite/18.1/nios2eds/bin/gnu/h-x86_64-mingw32/bin/../lib/gcc/nios2-elf/5.3.0/mno-hw-mul\libgcc.a(fixdfsi.o)
 .debug_aranges
                0x00000000000000a8       0x20 c:/intelfpga_lite/18.1/nios2eds/bin/gnu/h-x86_64-mingw32/bin/../lib/gcc/nios2-elf/5.3.0/mno-hw-mul\libgcc.a(floatsidf.o)
 .debug_aranges
                0x00000000000000c8       0x20 c:/intelfpga_lite/18.1/nios2eds/bin/gnu/h-x86_64-mingw32/bin/../lib/gcc/nios2-elf/5.3.0/mno-hw-mul\libgcc.a(_clzsi2.o)
 .debug_aranges
                0x00000000000000e8       0x20 c:/intelfpga_lite/18.1/nios2eds/bin/gnu/h-x86_64-mingw32/bin/../lib/gcc/nios2-elf/5.3.0/mno-hw-mul\libgcc.a(lib2-mul.o)
 .debug_aranges
                0x0000000000000108       0x18 c:/intelfpga_lite/18.1/nios2eds/bin/gnu/h-x86_64-mingw32/bin/../lib/gcc/nios2-elf/5.3.0/mno-hw-mul\libgcc.a(_clz.o)
 .debug_aranges
                0x0000000000000120       0x20 ../bsp\libhal_bsp.a(alt_irq_register.o)
 .debug_aranges
                0x0000000000000140       0x18 ../bsp\libhal_bsp.a(alt_irq_vars.o)
 .debug_aranges
                0x0000000000000158       0x20 ../bsp\libhal_bsp.a(alt_load.o)
 .debug_aranges
                0x0000000000000178       0x20 ../bsp\libhal_bsp.a(alt_main.o)
 .debug_aranges
                0x0000000000000198       0x20 ../bsp\libhal_bsp.a(alt_printf.o)
 .debug_aranges
                0x00000000000001b8       0x20 ../bsp\libhal_bsp.a(alt_putchar.o)
 .debug_aranges
                0x00000000000001d8       0x20 ../bsp\libhal_bsp.a(alt_sys_init.o)
 .debug_aranges
                0x00000000000001f8       0x20 ../bsp\libhal_bsp.a(altera_avalon_jtag_uart_fd.o)
 .debug_aranges
                0x0000000000000218       0x20 ../bsp\libhal_bsp.a(altera_avalon_jtag_uart_init.o)
 .debug_aranges
                0x0000000000000238       0x20 ../bsp\libhal_bsp.a(altera_avalon_jtag_uart_ioctl.o)
 .debug_aranges
                0x0000000000000258       0x20 ../bsp\libhal_bsp.a(altera_avalon_jtag_uart_read.o)
 .debug_aranges
                0x0000000000000278       0x20 ../bsp\libhal_bsp.a(altera_avalon_jtag_uart_write.o)
 .debug_aranges
                0x0000000000000298       0x20 ../bsp\libhal_bsp.a(altera_avalon_timer_sc.o)
 .debug_aranges
                0x00000000000002b8       0x20 ../bsp\libhal_bsp.a(opencores_i2c.o)
 .debug_aranges
                0x00000000000002d8       0x20 ../bsp\libhal_bsp.a(alt_alarm_start.o)
 .debug_aranges
                0x00000000000002f8       0x20 ../bsp\libhal_bsp.a(alt_close.o)
 .debug_aranges
                0x0000000000000318       0x20 ../bsp\libhal_bsp.a(alt_dcache_flush_all.o)
 .debug_aranges
                0x0000000000000338       0x20 ../bsp\libhal_bsp.a(alt_dev.o)
 .debug_aranges
                0x0000000000000358       0x20 ../bsp\libhal_bsp.a(alt_dev_llist_insert.o)
 .debug_aranges
                0x0000000000000378       0x20 ../bsp\libhal_bsp.a(alt_do_ctors.o)
 .debug_aranges
                0x0000000000000398       0x20 ../bsp\libhal_bsp.a(alt_do_dtors.o)
 .debug_aranges
                0x00000000000003b8       0x18 ../bsp\libhal_bsp.a(alt_errno.o)
 .debug_aranges
                0x00000000000003d0       0x20 ../bsp\libhal_bsp.a(alt_icache_flush_all.o)
 .debug_aranges
                0x00000000000003f0       0x20 ../bsp\libhal_bsp.a(alt_io_redirect.o)
 .debug_aranges
                0x0000000000000410       0x30 ../bsp\libhal_bsp.a(alt_irq_entry.o)
 .debug_aranges
                0x0000000000000440       0x20 ../bsp\libhal_bsp.a(alt_irq_handler.o)
 .debug_aranges
                0x0000000000000460       0x20 ../bsp\libhal_bsp.a(alt_open.o)
 .debug_aranges
                0x0000000000000480       0x20 ../bsp\libhal_bsp.a(alt_release_fd.o)
 .debug_aranges
                0x00000000000004a0       0x20 ../bsp\libhal_bsp.a(alt_tick.o)
 .debug_aranges
                0x00000000000004c0       0x20 ../bsp\libhal_bsp.a(altera_nios2_gen2_irq.o)
 .debug_aranges
                0x00000000000004e0       0x38 ../bsp\libhal_bsp.a(alt_exception_entry.o)
 .debug_aranges
                0x0000000000000518       0x20 ../bsp\libhal_bsp.a(alt_find_dev.o)
 .debug_aranges
                0x0000000000000538       0x20 ../bsp\libhal_bsp.a(alt_find_file.o)
 .debug_aranges
                0x0000000000000558       0x20 ../bsp\libhal_bsp.a(alt_get_fd.o)
 .debug_aranges
                0x0000000000000578       0x28 ../bsp\libhal_bsp.a(alt_instruction_exception_entry.o)
 .debug_aranges
                0x00000000000005a0       0x20 c:/intelfpga_lite/18.1/nios2eds/bin/gnu/h-x86_64-mingw32/bin/../lib/gcc/nios2-elf/5.3.0/../../../../../H-x86_64-mingw32/nios2-elf/lib/mno-hw-mul\libc.a(lib_a-atexit.o)
 .debug_aranges
                0x00000000000005c0       0x20 c:/intelfpga_lite/18.1/nios2eds/bin/gnu/h-x86_64-mingw32/bin/../lib/gcc/nios2-elf/5.3.0/../../../../../H-x86_64-mingw32/nios2-elf/lib/mno-hw-mul\libc.a(lib_a-exit.o)
 .debug_aranges
                0x00000000000005e0       0x18 c:/intelfpga_lite/18.1/nios2eds/bin/gnu/h-x86_64-mingw32/bin/../lib/gcc/nios2-elf/5.3.0/../../../../../H-x86_64-mingw32/nios2-elf/lib/mno-hw-mul\libc.a(lib_a-impure.o)
 .debug_aranges
                0x00000000000005f8       0x18 c:/intelfpga_lite/18.1/nios2eds/bin/gnu/h-x86_64-mingw32/bin/../lib/gcc/nios2-elf/5.3.0/../../../../../H-x86_64-mingw32/nios2-elf/lib/mno-hw-mul\libc.a(lib_a-int_errno.o)
 .debug_aranges
                0x0000000000000610       0x20 c:/intelfpga_lite/18.1/nios2eds/bin/gnu/h-x86_64-mingw32/bin/../lib/gcc/nios2-elf/5.3.0/../../../../../H-x86_64-mingw32/nios2-elf/lib/mno-hw-mul\libc.a(lib_a-memcmp.o)
 .debug_aranges
                0x0000000000000630       0x20 c:/intelfpga_lite/18.1/nios2eds/bin/gnu/h-x86_64-mingw32/bin/../lib/gcc/nios2-elf/5.3.0/../../../../../H-x86_64-mingw32/nios2-elf/lib/mno-hw-mul\libc.a(lib_a-memcpy.o)
 .debug_aranges
                0x0000000000000650       0x28 c:/intelfpga_lite/18.1/nios2eds/bin/gnu/h-x86_64-mingw32/bin/../lib/gcc/nios2-elf/5.3.0/../../../../../H-x86_64-mingw32/nios2-elf/lib/mno-hw-mul\libc.a(lib_a-putc.o)
 .debug_aranges
                0x0000000000000678       0x20 c:/intelfpga_lite/18.1/nios2eds/bin/gnu/h-x86_64-mingw32/bin/../lib/gcc/nios2-elf/5.3.0/../../../../../H-x86_64-mingw32/nios2-elf/lib/mno-hw-mul\libc.a(lib_a-strlen.o)
 .debug_aranges
                0x0000000000000698       0x28 c:/intelfpga_lite/18.1/nios2eds/bin/gnu/h-x86_64-mingw32/bin/../lib/gcc/nios2-elf/5.3.0/../../../../../H-x86_64-mingw32/nios2-elf/lib/mno-hw-mul\libc.a(lib_a-wbuf.o)
 .debug_aranges
                0x00000000000006c0       0x20 c:/intelfpga_lite/18.1/nios2eds/bin/gnu/h-x86_64-mingw32/bin/../lib/gcc/nios2-elf/5.3.0/../../../../../H-x86_64-mingw32/nios2-elf/lib/mno-hw-mul\libc.a(lib_a-wsetup.o)
 .debug_aranges
                0x00000000000006e0       0x20 c:/intelfpga_lite/18.1/nios2eds/bin/gnu/h-x86_64-mingw32/bin/../lib/gcc/nios2-elf/5.3.0/../../../../../H-x86_64-mingw32/nios2-elf/lib/mno-hw-mul\libc.a(lib_a-__atexit.o)
 .debug_aranges
                0x0000000000000700       0x20 c:/intelfpga_lite/18.1/nios2eds/bin/gnu/h-x86_64-mingw32/bin/../lib/gcc/nios2-elf/5.3.0/../../../../../H-x86_64-mingw32/nios2-elf/lib/mno-hw-mul\libc.a(lib_a-__call_atexit.o)
 .debug_aranges
                0x0000000000000720       0x30 c:/intelfpga_lite/18.1/nios2eds/bin/gnu/h-x86_64-mingw32/bin/../lib/gcc/nios2-elf/5.3.0/../../../../../H-x86_64-mingw32/nios2-elf/lib/mno-hw-mul\libc.a(lib_a-fflush.o)
 .debug_aranges
                0x0000000000000750       0x68 c:/intelfpga_lite/18.1/nios2eds/bin/gnu/h-x86_64-mingw32/bin/../lib/gcc/nios2-elf/5.3.0/../../../../../H-x86_64-mingw32/nios2-elf/lib/mno-hw-mul\libc.a(lib_a-findfp.o)
 .debug_aranges
                0x00000000000007b8       0x28 c:/intelfpga_lite/18.1/nios2eds/bin/gnu/h-x86_64-mingw32/bin/../lib/gcc/nios2-elf/5.3.0/../../../../../H-x86_64-mingw32/nios2-elf/lib/mno-hw-mul\libc.a(lib_a-freer.o)
 .debug_aranges
                0x00000000000007e0       0x28 c:/intelfpga_lite/18.1/nios2eds/bin/gnu/h-x86_64-mingw32/bin/../lib/gcc/nios2-elf/5.3.0/../../../../../H-x86_64-mingw32/nios2-elf/lib/mno-hw-mul\libc.a(lib_a-fwalk.o)
 .debug_aranges
                0x0000000000000808       0x20 c:/intelfpga_lite/18.1/nios2eds/bin/gnu/h-x86_64-mingw32/bin/../lib/gcc/nios2-elf/5.3.0/../../../../../H-x86_64-mingw32/nios2-elf/lib/mno-hw-mul\libc.a(lib_a-makebuf.o)
 .debug_aranges
                0x0000000000000828       0x20 c:/intelfpga_lite/18.1/nios2eds/bin/gnu/h-x86_64-mingw32/bin/../lib/gcc/nios2-elf/5.3.0/../../../../../H-x86_64-mingw32/nios2-elf/lib/mno-hw-mul\libc.a(lib_a-mallocr.o)
 .debug_aranges
                0x0000000000000848       0x20 c:/intelfpga_lite/18.1/nios2eds/bin/gnu/h-x86_64-mingw32/bin/../lib/gcc/nios2-elf/5.3.0/../../../../../H-x86_64-mingw32/nios2-elf/lib/mno-hw-mul\libc.a(lib_a-memset.o)
 .debug_aranges
                0x0000000000000868       0x20 c:/intelfpga_lite/18.1/nios2eds/bin/gnu/h-x86_64-mingw32/bin/../lib/gcc/nios2-elf/5.3.0/../../../../../H-x86_64-mingw32/nios2-elf/lib/mno-hw-mul\libc.a(lib_a-sbrkr.o)
 .debug_aranges
                0x0000000000000888       0x40 c:/intelfpga_lite/18.1/nios2eds/bin/gnu/h-x86_64-mingw32/bin/../lib/gcc/nios2-elf/5.3.0/../../../../../H-x86_64-mingw32/nios2-elf/lib/mno-hw-mul\libc.a(lib_a-stdio.o)
 .debug_aranges
                0x00000000000008c8       0x20 c:/intelfpga_lite/18.1/nios2eds/bin/gnu/h-x86_64-mingw32/bin/../lib/gcc/nios2-elf/5.3.0/../../../../../H-x86_64-mingw32/nios2-elf/lib/mno-hw-mul\libc.a(lib_a-writer.o)
 .debug_aranges
                0x00000000000008e8       0x20 c:/intelfpga_lite/18.1/nios2eds/bin/gnu/h-x86_64-mingw32/bin/../lib/gcc/nios2-elf/5.3.0/../../../../../H-x86_64-mingw32/nios2-elf/lib/mno-hw-mul\libc.a(closer.o)
 .debug_aranges
                0x0000000000000908       0x28 c:/intelfpga_lite/18.1/nios2eds/bin/gnu/h-x86_64-mingw32/bin/../lib/gcc/nios2-elf/5.3.0/../../../../../H-x86_64-mingw32/nios2-elf/lib/mno-hw-mul\libc.a(lib_a-fclose.o)
 .debug_aranges
                0x0000000000000930       0x20 c:/intelfpga_lite/18.1/nios2eds/bin/gnu/h-x86_64-mingw32/bin/../lib/gcc/nios2-elf/5.3.0/../../../../../H-x86_64-mingw32/nios2-elf/lib/mno-hw-mul\libc.a(lib_a-fstatr.o)
 .debug_aranges
                0x0000000000000950       0x20 c:/intelfpga_lite/18.1/nios2eds/bin/gnu/h-x86_64-mingw32/bin/../lib/gcc/nios2-elf/5.3.0/../../../../../H-x86_64-mingw32/nios2-elf/lib/mno-hw-mul\libc.a(lib_a-isattyr.o)
 .debug_aranges
                0x0000000000000970       0x20 c:/intelfpga_lite/18.1/nios2eds/bin/gnu/h-x86_64-mingw32/bin/../lib/gcc/nios2-elf/5.3.0/../../../../../H-x86_64-mingw32/nios2-elf/lib/mno-hw-mul\libc.a(lib_a-lseekr.o)
 .debug_aranges
                0x0000000000000990       0x20 c:/intelfpga_lite/18.1/nios2eds/bin/gnu/h-x86_64-mingw32/bin/../lib/gcc/nios2-elf/5.3.0/../../../../../H-x86_64-mingw32/nios2-elf/lib/mno-hw-mul\libc.a(lib_a-readr.o)
 .debug_aranges
                0x00000000000009b0       0x20 ../bsp\libhal_bsp.a(alt_exit.o)
 .debug_aranges
                0x00000000000009d0       0x20 ../bsp\libhal_bsp.a(alt_fstat.o)
 .debug_aranges
                0x00000000000009f0       0x20 ../bsp\libhal_bsp.a(alt_isatty.o)
 .debug_aranges
                0x0000000000000a10       0x20 ../bsp\libhal_bsp.a(alt_lseek.o)
 .debug_aranges
                0x0000000000000a30       0x20 ../bsp\libhal_bsp.a(alt_malloc_lock.o)
 .debug_aranges
                0x0000000000000a50       0x20 ../bsp\libhal_bsp.a(alt_read.o)
 .debug_aranges
                0x0000000000000a70       0x20 ../bsp\libhal_bsp.a(alt_sbrk.o)
 .debug_aranges
                0x0000000000000a90       0x20 ../bsp\libhal_bsp.a(alt_write.o)

.debug_pubnames
 *(.debug_pubnames)

.debug_info     0x0000000000000000    0x16b3a
 *(.debug_info .gnu.linkonce.wi.*)
 .debug_info    0x0000000000000000       0x71 ../bsp/obj/HAL/src/crt0.o
 .debug_info    0x0000000000000071      0x2c3 obj/default/main.o
 .debug_info    0x0000000000000334      0x2c6 c:/intelfpga_lite/18.1/nios2eds/bin/gnu/h-x86_64-mingw32/bin/../lib/gcc/nios2-elf/5.3.0/mno-hw-mul\libgcc.a(lib2-divmod.o)
 .debug_info    0x00000000000005fa      0x5f1 c:/intelfpga_lite/18.1/nios2eds/bin/gnu/h-x86_64-mingw32/bin/../lib/gcc/nios2-elf/5.3.0/mno-hw-mul\libgcc.a(muldf3.o)
 .debug_info    0x0000000000000beb      0x1ae c:/intelfpga_lite/18.1/nios2eds/bin/gnu/h-x86_64-mingw32/bin/../lib/gcc/nios2-elf/5.3.0/mno-hw-mul\libgcc.a(fixdfsi.o)
 .debug_info    0x0000000000000d99      0x1bc c:/intelfpga_lite/18.1/nios2eds/bin/gnu/h-x86_64-mingw32/bin/../lib/gcc/nios2-elf/5.3.0/mno-hw-mul\libgcc.a(floatsidf.o)
 .debug_info    0x0000000000000f55      0x124 c:/intelfpga_lite/18.1/nios2eds/bin/gnu/h-x86_64-mingw32/bin/../lib/gcc/nios2-elf/5.3.0/mno-hw-mul\libgcc.a(_clzsi2.o)
 .debug_info    0x0000000000001079       0xb4 c:/intelfpga_lite/18.1/nios2eds/bin/gnu/h-x86_64-mingw32/bin/../lib/gcc/nios2-elf/5.3.0/mno-hw-mul\libgcc.a(lib2-mul.o)
 .debug_info    0x000000000000112d       0xb2 c:/intelfpga_lite/18.1/nios2eds/bin/gnu/h-x86_64-mingw32/bin/../lib/gcc/nios2-elf/5.3.0/mno-hw-mul\libgcc.a(_clz.o)
 .debug_info    0x00000000000011df      0x329 ../bsp\libhal_bsp.a(alt_irq_register.o)
 .debug_info    0x0000000000001508       0x88 ../bsp\libhal_bsp.a(alt_irq_vars.o)
 .debug_info    0x0000000000001590      0x145 ../bsp\libhal_bsp.a(alt_load.o)
 .debug_info    0x00000000000016d5      0x157 ../bsp\libhal_bsp.a(alt_main.o)
 .debug_info    0x000000000000182c      0x119 ../bsp\libhal_bsp.a(alt_printf.o)
 .debug_info    0x0000000000001945      0x8a6 ../bsp\libhal_bsp.a(alt_putchar.o)
 .debug_info    0x00000000000021eb      0x4ef ../bsp\libhal_bsp.a(alt_sys_init.o)
 .debug_info    0x00000000000026da      0x52e ../bsp\libhal_bsp.a(altera_avalon_jtag_uart_fd.o)
 .debug_info    0x0000000000002c08      0x3c3 ../bsp\libhal_bsp.a(altera_avalon_jtag_uart_init.o)
 .debug_info    0x0000000000002fcb      0x280 ../bsp\libhal_bsp.a(altera_avalon_jtag_uart_ioctl.o)
 .debug_info    0x000000000000324b      0x35b ../bsp\libhal_bsp.a(altera_avalon_jtag_uart_read.o)
 .debug_info    0x00000000000035a6      0x356 ../bsp\libhal_bsp.a(altera_avalon_jtag_uart_write.o)
 .debug_info    0x00000000000038fc      0x249 ../bsp\libhal_bsp.a(altera_avalon_timer_sc.o)
 .debug_info    0x0000000000003b45      0x183 ../bsp\libhal_bsp.a(opencores_i2c.o)
 .debug_info    0x0000000000003cc8      0x2e2 ../bsp\libhal_bsp.a(alt_alarm_start.o)
 .debug_info    0x0000000000003faa      0x321 ../bsp\libhal_bsp.a(alt_close.o)
 .debug_info    0x00000000000042cb       0x92 ../bsp\libhal_bsp.a(alt_dcache_flush_all.o)
 .debug_info    0x000000000000435d      0x49c ../bsp\libhal_bsp.a(alt_dev.o)
 .debug_info    0x00000000000047f9      0x1a9 ../bsp\libhal_bsp.a(alt_dev_llist_insert.o)
 .debug_info    0x00000000000049a2       0x83 ../bsp\libhal_bsp.a(alt_do_ctors.o)
 .debug_info    0x0000000000004a25       0x83 ../bsp\libhal_bsp.a(alt_do_dtors.o)
 .debug_info    0x0000000000004aa8       0xa6 ../bsp\libhal_bsp.a(alt_errno.o)
 .debug_info    0x0000000000004b4e       0x92 ../bsp\libhal_bsp.a(alt_icache_flush_all.o)